Component: Arm Compiler for Embedded 6.19 Tool: armlink [5e73cb00]

==============================================================================

Image Symbol Table

    Local Symbols

    Symbol Name                              Value     Ov Type        Size  Object(Section)

    ../clib/angel/boardlib.s                 0x00000000   Number         0  boardinit1.o ABSOLUTE
    ../clib/angel/boardlib.s                 0x00000000   Number         0  boardinit2.o ABSOLUTE
    ../clib/angel/boardlib.s                 0x00000000   Number         0  boardinit3.o ABSOLUTE
    ../clib/angel/boardlib.s                 0x00000000   Number         0  boardshut.o ABSOLUTE
    ../clib/angel/handlers.s                 0x00000000   Number         0  __scatter_zi.o ABSOLUTE
    ../clib/angel/kernel.s                   0x00000000   Number         0  __rtentry.o ABSOLUTE
    ../clib/angel/kernel.s                   0x00000000   Number         0  __rtentry2.o ABSOLUTE
    ../clib/angel/kernel.s                   0x00000000   Number         0  __rtentry4.o ABSOLUTE
    ../clib/angel/kernel.s                   0x00000000   Number         0  rtexit.o ABSOLUTE
    ../clib/angel/kernel.s                   0x00000000   Number         0  rtexit2.o ABSOLUTE
    ../clib/angel/rt.s                       0x00000000   Number         0  rt_raise.o ABSOLUTE
    ../clib/angel/scatter.s                  0x00000000   Number         0  __scatter.o ABSOLUTE
    ../clib/angel/startup.s                  0x00000000   Number         0  __main.o ABSOLUTE
    ../clib/angel/sys.s                      0x00000000   Number         0  sys_stackheap_outer.o ABSOLUTE
    ../clib/angel/sys.s                      0x00000000   Number         0  libspace.o ABSOLUTE
    ../clib/angel/sys.s                      0x00000000   Number         0  use_no_semi.o ABSOLUTE
    ../clib/angel/sys.s                      0x00000000   Number         0  indicate_semi.o ABSOLUTE
    ../clib/angel/sysapp.c                   0x00000000   Number         0  sys_exit.o ABSOLUTE
    ../clib/angel/sysapp.c                   0x00000000   Number         0  sys_exit_hlt.o ABSOLUTE
    ../clib/angel/sysapp.c                   0x00000000   Number         0  sys_command.o ABSOLUTE
    ../clib/angel/sysapp.c                   0x00000000   Number         0  sys_command_hlt.o ABSOLUTE
    ../clib/angel/sysapp.c                   0x00000000   Number         0  sys_wrch.o ABSOLUTE
    ../clib/angel/sysapp.c                   0x00000000   Number         0  sys_wrch_hlt.o ABSOLUTE
    ../clib/armsys.c                         0x00000000   Number         0  argv_veneer.o ABSOLUTE
    ../clib/armsys.c                         0x00000000   Number         0  argv_veneer.o ABSOLUTE
    ../clib/armsys.c                         0x00000000   Number         0  _get_argv_nomalloc.o ABSOLUTE
    ../clib/armsys.c                         0x00000000   Number         0  no_argv.o ABSOLUTE
    ../clib/heapalloc.c                      0x00000000   Number         0  hrguard.o ABSOLUTE
    ../clib/heapaux.c                        0x00000000   Number         0  heapauxi.o ABSOLUTE
    ../clib/libinit.s                        0x00000000   Number         0  libinit.o ABSOLUTE
    ../clib/libinit.s                        0x00000000   Number         0  libinit2.o ABSOLUTE
    ../clib/libinit.s                        0x00000000   Number         0  libshutdown.o ABSOLUTE
    ../clib/libinit.s                        0x00000000   Number         0  libshutdown2.o ABSOLUTE
    ../clib/memcpset.s                       0x00000000   Number         0  rt_memclr_w.o ABSOLUTE
    ../clib/signal.c                         0x00000000   Number         0  defsig_rtmem_outer.o ABSOLUTE
    ../clib/signal.c                         0x00000000   Number         0  defsig_rtmem_formal.o ABSOLUTE
    ../clib/signal.c                         0x00000000   Number         0  defsig_exit.o ABSOLUTE
    ../clib/signal.c                         0x00000000   Number         0  defsig_rtmem_inner.o ABSOLUTE
    ../clib/signal.c                         0x00000000   Number         0  __raise.o ABSOLUTE
    ../clib/signal.c                         0x00000000   Number         0  defsig_general.o ABSOLUTE
    ../clib/signal.c                         0x00000000   Number         0  defsig_abrt_inner.o ABSOLUTE
    ../clib/signal.c                         0x00000000   Number         0  defsig_fpe_inner.o ABSOLUTE
    ../clib/signal.c                         0x00000000   Number         0  defsig_rtred_inner.o ABSOLUTE
    ../clib/signal.c                         0x00000000   Number         0  defsig_stak_inner.o ABSOLUTE
    ../clib/signal.c                         0x00000000   Number         0  defsig_pvfn_inner.o ABSOLUTE
    ../clib/signal.c                         0x00000000   Number         0  defsig_cppl_inner.o ABSOLUTE
    ../clib/signal.c                         0x00000000   Number         0  defsig_segv_inner.o ABSOLUTE
[...]
    bsp_bkp.c                                0x00000000   Number         0  bsp_bkp.o ABSOLUTE
    bsp_gpio.c                               0x00000000   Number         0  bsp_gpio.o ABSOLUTE
    bsp_interrupt.c                          0x00000000   Number         0  bsp_interrupt.o ABSOLUTE
    bsp_iwdog.c                              0x00000000   Number         0  bsp_iwdog.o ABSOLUTE
    bsp_pvd.c                                0x00000000   Number         0  bsp_pvd.o ABSOLUTE
    bsp_rtc.c                                0x00000000   Number         0  bsp_rtc.o ABSOLUTE
    bsp_spix.c                               0x00000000   Number         0  bsp_spix.o ABSOLUTE
    bsp_time.c                               0x00000000   Number         0  bsp_time.o ABSOLUTE
    bsp_usart.c                              0x00000000   Number         0  bsp_usart.o ABSOLUTE
    config.c                                 0x00000000   Number         0  config.o ABSOLUTE
    dc.s                                     0x00000000   Number         0  dc.o ABSOLUTE
    delay.c                                  0x00000000   Number         0  delay.o ABSOLUTE
    flash_access.c                           0x00000000   Number         0  flash_access.o ABSOLUTE
    image0.c                                 0x00000000   Number         0  image0.o ABSOLUTE
    image1.c                                 0x00000000   Number         0  image1.o ABSOLUTE
    image3.c                                 0x00000000   Number         0  image3.o ABSOLUTE
    lcd_driver.c                             0x00000000   Number         0  lcd_driver.o ABSOLUTE
    lcdfunc.c                                0x00000000   Number         0  lcdfunc.o ABSOLUTE
    main.c                                   0x00000000   Number         0  main.o ABSOLUTE
    misc.c                                   0x00000000   Number         0  misc.o ABSOLUTE
    n32g45x_adc.c                            0x00000000   Number         0  n32g45x_adc.o ABSOLUTE
    n32g45x_bkp.c                            0x00000000   Number         0  n32g45x_bkp.o ABSOLUTE
    n32g45x_can.c                            0x00000000   Number         0  n32g45x_can.o ABSOLUTE
    n32g45x_comp.c                           0x00000000   Number         0  n32g45x_comp.o ABSOLUTE
    n32g45x_crc.c                            0x00000000   Number         0  n32g45x_crc.o ABSOLUTE
    n32g45x_dac.c                            0x00000000   Number         0  n32g45x_dac.o ABSOLUTE
    n32g45x_dbg.c                            0x00000000   Number         0  n32g45x_dbg.o ABSOLUTE
    n32g45x_dma.c                            0x00000000   Number         0  n32g45x_dma.o ABSOLUTE
    n32g45x_dvp.c                            0x00000000   Number         0  n32g45x_dvp.o ABSOLUTE
    n32g45x_eth.c                            0x00000000   Number         0  n32g45x_eth.o ABSOLUTE
    n32g45x_exti.c                           0x00000000   Number         0  n32g45x_exti.o ABSOLUTE
    n32g45x_flash.c                          0x00000000   Number         0  n32g45x_flash.o ABSOLUTE
    n32g45x_gpio.c                           0x00000000   Number         0  n32g45x_gpio.o ABSOLUTE
    n32g45x_i2c.c                            0x00000000   Number         0  n32g45x_i2c.o ABSOLUTE
    n32g45x_iwdg.c                           0x00000000   Number         0  n32g45x_iwdg.o ABSOLUTE
    n32g45x_opamp.c                          0x00000000   Number         0  n32g45x_opamp.o ABSOLUTE
    n32g45x_pwr.c                            0x00000000   Number         0  n32g45x_pwr.o ABSOLUTE
    n32g45x_qspi.c                           0x00000000   Number         0  n32g45x_qspi.o ABSOLUTE
    n32g45x_rcc.c                            0x00000000   Number         0  n32g45x_rcc.o ABSOLUTE
    n32g45x_rtc.c                            0x00000000   Number         0  n32g45x_rtc.o ABSOLUTE
    n32g45x_sdio.c                           0x00000000   Number         0  n32g45x_sdio.o ABSOLUTE
    n32g45x_spi.c                            0x00000000   Number         0  n32g45x_spi.o ABSOLUTE
    n32g45x_tim.c                            0x00000000   Number         0  n32g45x_tim.o ABSOLUTE
    n32g45x_tsc.c                            0x00000000   Number         0  n32g45x_tsc.o ABSOLUTE
    n32g45x_usart.c                          0x00000000   Number         0  n32g45x_usart.o ABSOLUTE
    n32g45x_wwdg.c                           0x00000000   Number         0  n32g45x_wwdg.o ABSOLUTE
    n32g45x_xfmc.c                           0x00000000   Number         0  n32g45x_xfmc.o ABSOLUTE
    spi_flash.c                              0x00000000   Number         0  spi_flash.o ABSOLUTE
    spi_lcd.c                                0x00000000   Number         0  spi_lcd.o ABSOLUTE
    system_n32g45x.c                         0x00000000   Number         0  system_n32g45x.o ABSOLUTE
    RESET                                    0x08000000   Section      408  startup_n32g45x.o(RESET)
    !!!main                                  0x08000198   Section        8  __main.o(!!!main)
    !!!scatter                               0x080001a0   Section       52  __scatter.o(!!!scatter)
    !!handler_zi                             0x080001d4   Section       28  __scatter_zi.o(!!handler_zi)
    .ARM.Collect$$libinit$$00000000          0x080001f0   Section        2  libinit.o(.ARM.Collect$$libinit$$00000000)
    .ARM.Collect$$libinit$$00000001          0x080001f2   Section        4  libinit2.o(.ARM.Collect$$libinit$$00000001)
    .ARM.Collect$$libinit$$00000004          0x080001f6   Section        0  libinit2.o(.ARM.Collect$$libinit$$00000004)
    .ARM.Collect$$libinit$$00000006          0x080001f6   Section        0  libinit2.o(.ARM.Collect$$libinit$$00000006)
    .ARM.Collect$$libinit$$0000000C          0x080001f6   Section        0  libinit2.o(.ARM.Collect$$libinit$$0000000C)
    .ARM.Collect$$libinit$$0000000E          0x080001f6   Section        0  libinit2.o(.ARM.Collect$$libinit$$0000000E)
    .ARM.Collect$$libinit$$00000010          0x080001f6   Section        0  libinit2.o(.ARM.Collect$$libinit$$00000010)
    .ARM.Collect$$libinit$$00000013          0x080001f6   Section        0  libinit2.o(.ARM.Collect$$libinit$$00000013)
    .ARM.Collect$$libinit$$00000015          0x080001f6   Section        0  libinit2.o(.ARM.Collect$$libinit$$00000015)
    .ARM.Collect$$libinit$$00000017          0x080001f6   Section        0  libinit2.o(.ARM.Collect$$libinit$$00000017)
    .ARM.Collect$$libinit$$00000019          0x080001f6   Section        0  libinit2.o(.ARM.Collect$$libinit$$00000019)
    .ARM.Collect$$libinit$$0000001B          0x080001f6   Section        0  libinit2.o(.ARM.Collect$$libinit$$0000001B)
    .ARM.Collect$$libinit$$0000001D          0x080001f6   Section        0  libinit2.o(.ARM.Collect$$libinit$$0000001D)
    .ARM.Collect$$libinit$$0000001F          0x080001f6   Section        0  libinit2.o(.ARM.Collect$$libinit$$0000001F)
    .ARM.Collect$$libinit$$00000021          0x080001f6   Section        0  libinit2.o(.ARM.Collect$$libinit$$00000021)
    .ARM.Collect$$libinit$$00000023          0x080001f6   Section        0  libinit2.o(.ARM.Collect$$libinit$$00000023)
    .ARM.Collect$$libinit$$00000025          0x080001f6   Section        0  libinit2.o(.ARM.Collect$$libinit$$00000025)
    .ARM.Collect$$libinit$$00000027          0x080001f6   Section        0  libinit2.o(.ARM.Collect$$libinit$$00000027)
    .ARM.Collect$$libinit$$0000002E          0x080001f6   Section        0  libinit2.o(.ARM.Collect$$libinit$$0000002E)
    .ARM.Collect$$libinit$$00000030          0x080001f6   Section        0  libinit2.o(.ARM.Collect$$libinit$$00000030)
    .ARM.Collect$$libinit$$00000032          0x080001f6   Section        0  libinit2.o(.ARM.Collect$$libinit$$00000032)
    .ARM.Collect$$libinit$$00000034          0x080001f6   Section        0  libinit2.o(.ARM.Collect$$libinit$$00000034)
    .ARM.Collect$$libinit$$00000035          0x080001f6   Section        2  libinit2.o(.ARM.Collect$$libinit$$00000035)
    .ARM.Collect$$libshutdown$$00000000      0x080001f8   Section        2  libshutdown.o(.ARM.Collect$$libshutdown$$00000000)
    .ARM.Collect$$libshutdown$$00000002      0x080001fa   Section        0  libshutdown2.o(.ARM.Collect$$libshutdown$$00000002)
    .ARM.Collect$$libshutdown$$00000004      0x080001fa   Section        0  libshutdown2.o(.ARM.Collect$$libshutdown$$00000004)
    .ARM.Collect$$libshutdown$$00000007      0x080001fa   Section        0  libshutdown2.o(.ARM.Collect$$libshutdown$$00000007)
    .ARM.Collect$$libshutdown$$0000000A      0x080001fa   Section        0  libshutdown2.o(.ARM.Collect$$libshutdown$$0000000A)
    .ARM.Collect$$libshutdown$$0000000C      0x080001fa   Section        0  libshutdown2.o(.ARM.Collect$$libshutdown$$0000000C)
    .ARM.Collect$$libshutdown$$0000000F      0x080001fa   Section        0  libshutdown2.o(.ARM.Collect$$libshutdown$$0000000F)
    .ARM.Collect$$libshutdown$$00000010      0x080001fa   Section        2  libshutdown2.o(.ARM.Collect$$libshutdown$$00000010)
    .ARM.Collect$$rtentry$$00000000          0x080001fc   Section        0  __rtentry.o(.ARM.Collect$$rtentry$$00000000)
    .ARM.Collect$$rtentry$$00000002          0x080001fc   Section        0  __rtentry2.o(.ARM.Collect$$rtentry$$00000002)
    .ARM.Collect$$rtentry$$00000004          0x080001fc   Section        6  __rtentry4.o(.ARM.Collect$$rtentry$$00000004)
    .ARM.Collect$$rtentry$$00000009          0x08000202   Section        0  __rtentry2.o(.ARM.Collect$$rtentry$$00000009)
    .ARM.Collect$$rtentry$$0000000A          0x08000202   Section        4  __rtentry2.o(.ARM.Collect$$rtentry$$0000000A)
    .ARM.Collect$$rtentry$$0000000C          0x08000206   Section        0  __rtentry2.o(.ARM.Collect$$rtentry$$0000000C)
    .ARM.Collect$$rtentry$$0000000D          0x08000206   Section        8  __rtentry2.o(.ARM.Collect$$rtentry$$0000000D)
    .ARM.Collect$$rtexit$$00000000           0x0800020e   Section        2  rtexit.o(.ARM.Collect$$rtexit$$00000000)
    .ARM.Collect$$rtexit$$00000002           0x08000210   Section        0  rtexit2.o(.ARM.Collect$$rtexit$$00000002)
    .ARM.Collect$$rtexit$$00000003           0x08000210   Section        4  rtexit2.o(.ARM.Collect$$rtexit$$00000003)
    .ARM.Collect$$rtexit$$00000004           0x08000214   Section        6  rtexit2.o(.ARM.Collect$$rtexit$$00000004)
    $v0                                      0x0800021c   Number         0  startup_n32g45x.o(.text)
    .text                                    0x0800021c   Section       64  startup_n32g45x.o(.text)
    .text                                    0x0800025c   Section       78  rt_memclr_w.o(.text)
    .text                                    0x080002aa   Section        0  heapauxi.o(.text)
    .text                                    0x080002b0   Section       74  sys_stackheap_outer.o(.text)
    .text                                    0x080002fa   Section        0  exit.o(.text)
    .text                                    0x0800030c   Section        8  libspace.o(.text)
    .text                                    0x08000314   Section        0  sys_exit.o(.text)
    .text                                    0x08000320   Section        2  use_no_semi.o(.text)
    [Anonymous Symbol]                       0x08000322   Section        0  bsp_iwdog.o(.text.BspIsIwdogReset)
    .text                                    0x08000322   Section        0  indicate_semi.o(.text)
    [Anonymous Symbol]                       0x08000326   Section        0  bsp_iwdog.o(.text.BspIwdogInit)
    [Anonymous Symbol]                       0x08000328   Section        0  bsp_dma.o(.text.BspMemDmaInit)
    __arm_cp.2_1                             0x08000380   Number         4  bsp_dma.o(.text.BspMemDmaInit)
    [Anonymous Symbol]                       0x08000384   Section        0  bsp_pvd.o(.text.BspPvdInit)
    __arm_cp.0_0                             0x080003cc   Number         4  bsp_pvd.o(.text.BspPvdInit)
    [Anonymous Symbol]                       0x080003d0   Section        0  bsp_usart.o(.text.Bsp_Usart_Config)
    __arm_cp.0_0                             0x08000408   Number         4  bsp_usart.o(.text.Bsp_Usart_Config)
    [Anonymous Symbol]                       0x0800040c   Section        0  bsp_usart.o(.text.Bsp_Usart_Init)
    [Anonymous Symbol]                       0x0800041c   Section        0  config.o(.text.CLKinit)
    __arm_cp.1_0                             0x0800048c   Number         4  config.o(.text.CLKinit)
    __arm_cp.1_1                             0x08000490   Number         4  config.o(.text.CLKinit)
    [Anonymous Symbol]                       0x08000494   Section        0  bsp_dma.o(.text.DMA1_Channel2_IRQHandler)
    [Anonymous Symbol]                       0x08000498   Section        0  bsp_dma.o(.text.DMA1_Channel3_IRQHandler)
    __arm_cp.8_0                             0x0800050c   Number         4  bsp_dma.o(.text.DMA1_Channel3_IRQHandler)
    __arm_cp.8_2                             0x08000510   Number         4  bsp_dma.o(.text.DMA1_Channel3_IRQHandler)
    __arm_cp.8_4                             0x08000514   Number         4  bsp_dma.o(.text.DMA1_Channel3_IRQHandler)
    __arm_cp.8_5                             0x08000518   Number         4  bsp_dma.o(.text.DMA1_Channel3_IRQHandler)
    [Anonymous Symbol]                       0x0800051c   Section        0  bsp_dma.o(.text.DMA1_Channel4_IRQHandler)
    [Anonymous Symbol]                       0x0800051e   Section        0  bsp_dma.o(.text.DMA1_Channel5_IRQHandler)
    [Anonymous Symbol]                       0x08000520   Section        0  bsp_dma.o(.text.DMA2_Channel1_IRQHandler)
    __arm_cp.6_0                             0x08000550   Number         4  bsp_dma.o(.text.DMA2_Channel1_IRQHandler)
    __arm_cp.6_1                             0x08000554   Number         4  bsp_dma.o(.text.DMA2_Channel1_IRQHandler)
    [Anonymous Symbol]                       0x08000558   Section        0  n32g45x_dma.o(.text.DMA_ClearFlag)
    [Anonymous Symbol]                       0x0800055c   Section        0  n32g45x_dma.o(.text.DMA_ClrIntPendingBit)
    [Anonymous Symbol]                       0x08000560   Section        0  n32g45x_dma.o(.text.DMA_ConfigInt)
    [Anonymous Symbol]                       0x08000570   Section        0  n32g45x_dma.o(.text.DMA_DeInit)
    __arm_cp.0_0                             0x0800063c   Number         4  n32g45x_dma.o(.text.DMA_DeInit)
    __arm_cp.0_1                             0x08000640   Number         4  n32g45x_dma.o(.text.DMA_DeInit)
    __arm_cp.0_2                             0x08000644   Number         4  n32g45x_dma.o(.text.DMA_DeInit)
    __arm_cp.0_4                             0x08000648   Number         4  n32g45x_dma.o(.text.DMA_DeInit)
    __arm_cp.0_5                             0x0800064c   Number         4  n32g45x_dma.o(.text.DMA_DeInit)
    __arm_cp.0_6                             0x08000650   Number         4  n32g45x_dma.o(.text.DMA_DeInit)
    __arm_cp.0_7                             0x08000654   Number         4  n32g45x_dma.o(.text.DMA_DeInit)
    __arm_cp.0_8                             0x08000658   Number         4  n32g45x_dma.o(.text.DMA_DeInit)
    __arm_cp.0_9                             0x0800065c   Number         4  n32g45x_dma.o(.text.DMA_DeInit)
    __arm_cp.0_10                            0x08000660   Number         4  n32g45x_dma.o(.text.DMA_DeInit)
    __arm_cp.0_11                            0x08000664   Number         4  n32g45x_dma.o(.text.DMA_DeInit)
    __arm_cp.0_12                            0x08000668   Number         4  n32g45x_dma.o(.text.DMA_DeInit)
    __arm_cp.0_13                            0x0800066c   Number         4  n32g45x_dma.o(.text.DMA_DeInit)
    __arm_cp.0_14                            0x08000670   Number         4  n32g45x_dma.o(.text.DMA_DeInit)
    __arm_cp.0_15                            0x08000674   Number         4  n32g45x_dma.o(.text.DMA_DeInit)
    __arm_cp.0_16                            0x08000678   Number         4  n32g45x_dma.o(.text.DMA_DeInit)
    [Anonymous Symbol]                       0x0800067c   Section        0  n32g45x_dma.o(.text.DMA_EnableChannel)
    [Anonymous Symbol]                       0x08000694   Section        0  n32g45x_dma.o(.text.DMA_Init)
    [Anonymous Symbol]                       0x080006dc   Section        0  bsp_dma.o(.text.DMA_LCD_Init)
    __arm_cp.1_0                             0x0800072c   Number         4  bsp_dma.o(.text.DMA_LCD_Init)
    __arm_cp.1_2                             0x08000730   Number         4  bsp_dma.o(.text.DMA_LCD_Init)
    __arm_cp.1_3                             0x08000734   Number         4  bsp_dma.o(.text.DMA_LCD_Init)
    [Anonymous Symbol]                       0x08000738   Section        0  n32g45x_exti.o(.text.EXTI_ClrITPendBit)
    __arm_cp.7_0                             0x08000740   Number         4  n32g45x_exti.o(.text.EXTI_ClrITPendBit)
    [Anonymous Symbol]                       0x08000744   Section        0  n32g45x_exti.o(.text.EXTI_InitPeripheral)
    __arm_cp.1_0                             0x080007a0   Number         4  n32g45x_exti.o(.text.EXTI_InitPeripheral)
    [Anonymous Symbol]                       0x080007a4   Section        0  flash_access.o(.text.FlashAccessValueinit)
    [Anonymous Symbol]                       0x080007b0   Section        0  flash_access.o(.text.FlashAccessfunc)
    __arm_cp.1_0                             0x080007f8   Number         4  flash_access.o(.text.FlashAccessfunc)
    __arm_cp.1_1                             0x080007fc   Number         4  flash_access.o(.text.FlashAccessfunc)
    __arm_cp.1_2                             0x08000800   Number         4  flash_access.o(.text.FlashAccessfunc)
    __arm_cp.1_3                             0x08000804   Number         4  flash_access.o(.text.FlashAccessfunc)
    [Anonymous Symbol]                       0x08000808   Section        0  n32g45x_gpio.o(.text.GPIO_InitPeripheral)
    [Anonymous Symbol]                       0x080008cc   Section        0  n32g45x_gpio.o(.text.GPIO_ResetBits)
    [Anonymous Symbol]                       0x080008d0   Section        0  n32g45x_gpio.o(.text.GPIO_SetBits)
    [Anonymous Symbol]                       0x080008d4   Section        0  spi_lcd.o(.text.LCD_SendByte)
    [Anonymous Symbol]                       0x080008fc   Section        0  spi_lcd.o(.text.LCD_SenndMoreSequence)
    __arm_cp.1_0                             0x08000930   Number         4  spi_lcd.o(.text.LCD_SenndMoreSequence)
    [Anonymous Symbol]                       0x08000934   Section        0  lcdfunc.o(.text.LCD_fresh)
    __arm_cp.1_1                             0x0800095c   Number         4  lcdfunc.o(.text.LCD_fresh)
    [Anonymous Symbol]                       0x08000960   Section        0  lcdfunc.o(.text.LCDinit)
    __arm_cp.3_0                             0x080009f4   Number         4  lcdfunc.o(.text.LCDinit)
    __arm_cp.3_1                             0x080009f8   Number         4  lcdfunc.o(.text.LCDinit)
    __arm_cp.3_2                             0x080009fc   Number         4  lcdfunc.o(.text.LCDinit)
    __arm_cp.3_3                             0x08000a00   Number         4  lcdfunc.o(.text.LCDinit)
    [Anonymous Symbol]                       0x08000a24   Section        0  lcdfunc.o(.text.LCDreset)
    [Anonymous Symbol]                       0x08000a30   Section        0  lcdfunc.o(.text.LCDvalueinit)
    __arm_cp.0_0                             0x08000a4c   Number         4  lcdfunc.o(.text.LCDvalueinit)
    __arm_cp.0_1                             0x08000a50   Number         4  lcdfunc.o(.text.LCDvalueinit)
    [Anonymous Symbol]                       0x08000a54   Section        0  bsp_usart.o(.text.NVIC_Configuration)
    __arm_cp.1_0                             0x08000a64   Number         4  bsp_usart.o(.text.NVIC_Configuration)
    [Anonymous Symbol]                       0x08000a68   Section        0  misc.o(.text.NVIC_Init)
    __arm_cp.1_0                             0x08000ab4   Number         4  misc.o(.text.NVIC_Init)
    __arm_cp.1_1                             0x08000ab8   Number         4  misc.o(.text.NVIC_Init)
    OUTLINED_FUNCTION_0                      0x08000abd   Thumb Code     6  n32g45x_rcc.o(.text.OUTLINED_FUNCTION_0)
    [Anonymous Symbol]                       0x08000abc   Section        0  n32g45x_rcc.o(.text.OUTLINED_FUNCTION_0)
    OUTLINED_FUNCTION_0                      0x08000ac3   Thumb Code    10  bsp_dma.o(.text.OUTLINED_FUNCTION_0)
    [Anonymous Symbol]                       0x08000ac2   Section        0  bsp_dma.o(.text.OUTLINED_FUNCTION_0)
    OUTLINED_FUNCTION_0                      0x08000acd   Thumb Code    10  bsp_gpio.o(.text.OUTLINED_FUNCTION_0)
    [Anonymous Symbol]                       0x08000acc   Section        0  bsp_gpio.o(.text.OUTLINED_FUNCTION_0)
    OUTLINED_FUNCTION_0                      0x08000ad7   Thumb Code     8  spi_lcd.o(.text.OUTLINED_FUNCTION_0)
    [Anonymous Symbol]                       0x08000ad6   Section        0  spi_lcd.o(.text.OUTLINED_FUNCTION_0)
    OUTLINED_FUNCTION_0                      0x08000adf   Thumb Code    10  spi_flash.o(.text.OUTLINED_FUNCTION_0)
    [Anonymous Symbol]                       0x08000ade   Section        0  spi_flash.o(.text.OUTLINED_FUNCTION_0)
    OUTLINED_FUNCTION_0                      0x08000ae9   Thumb Code     6  lcd_driver.o(.text.OUTLINED_FUNCTION_0)
    [Anonymous Symbol]                       0x08000ae8   Section        0  lcd_driver.o(.text.OUTLINED_FUNCTION_0)
    OUTLINED_FUNCTION_1                      0x08000aef   Thumb Code    10  bsp_gpio.o(.text.OUTLINED_FUNCTION_1)
    [Anonymous Symbol]                       0x08000aee   Section        0  bsp_gpio.o(.text.OUTLINED_FUNCTION_1)
    OUTLINED_FUNCTION_1                      0x08000af9   Thumb Code     8  spi_lcd.o(.text.OUTLINED_FUNCTION_1)
    [Anonymous Symbol]                       0x08000af8   Section        0  spi_lcd.o(.text.OUTLINED_FUNCTION_1)
    OUTLINED_FUNCTION_1                      0x08000b01   Thumb Code    14  spi_flash.o(.text.OUTLINED_FUNCTION_1)
    [Anonymous Symbol]                       0x08000b00   Section        0  spi_flash.o(.text.OUTLINED_FUNCTION_1)
    OUTLINED_FUNCTION_10                     0x08000b0f   Thumb Code    10  n32g45x_tim.o(.text.OUTLINED_FUNCTION_10)
    [Anonymous Symbol]                       0x08000b0e   Section        0  n32g45x_tim.o(.text.OUTLINED_FUNCTION_10)
    OUTLINED_FUNCTION_2                      0x08000b19   Thumb Code     6  spi_flash.o(.text.OUTLINED_FUNCTION_2)
    [Anonymous Symbol]                       0x08000b18   Section        0  spi_flash.o(.text.OUTLINED_FUNCTION_2)
    [Anonymous Symbol]                       0x08000b1e   Section        0  bsp_pvd.o(.text.PVD_IRQHandler)
    [Anonymous Symbol]                       0x08000b24   Section        0  n32g45x_pwr.o(.text.PWR_PvdEnable)
    __arm_cp.2_0                             0x08000b2c   Number         4  n32g45x_pwr.o(.text.PWR_PvdEnable)
    [Anonymous Symbol]                       0x08000b30   Section        0  n32g45x_pwr.o(.text.PWR_PvdRangeConfig)
    __arm_cp.3_0                             0x08000b40   Number         4  n32g45x_pwr.o(.text.PWR_PvdRangeConfig)
    [Anonymous Symbol]                       0x08000b44   Section        0  n32g45x_rcc.o(.text.RCC_ConfigPclk1)
    [Anonymous Symbol]                       0x08000b50   Section        0  n32g45x_rcc.o(.text.RCC_ConfigTim18Clk)
    __arm_cp.15_0                            0x08000b5c   Number         4  n32g45x_rcc.o(.text.RCC_ConfigTim18Clk)
    [Anonymous Symbol]                       0x08000b60   Section        0  n32g45x_rcc.o(.text.RCC_EnableAHBPeriphClk)
    __arm_cp.27_0                            0x08000b74   Number         4  n32g45x_rcc.o(.text.RCC_EnableAHBPeriphClk)
    [Anonymous Symbol]                       0x08000b78   Section        0  n32g45x_rcc.o(.text.RCC_EnableAPB1PeriphClk)
    __arm_cp.29_0                            0x08000b8c   Number         4  n32g45x_rcc.o(.text.RCC_EnableAPB1PeriphClk)
    [Anonymous Symbol]                       0x08000b90   Section        0  n32g45x_rcc.o(.text.RCC_EnableAPB2PeriphClk)
    __arm_cp.28_0                            0x08000ba4   Number         4  n32g45x_rcc.o(.text.RCC_EnableAPB2PeriphClk)
    [Anonymous Symbol]                       0x08000ba8   Section        0  n32g45x_rcc.o(.text.RCC_GetClocksFreqValue)
    __arm_cp.26_0                            0x08000c34   Number         4  n32g45x_rcc.o(.text.RCC_GetClocksFreqValue)
    __arm_cp.26_1                            0x08000c38   Number         4  n32g45x_rcc.o(.text.RCC_GetClocksFreqValue)
    __arm_cp.26_2                            0x08000c3c   Number         4  n32g45x_rcc.o(.text.RCC_GetClocksFreqValue)
    __arm_cp.26_3                            0x08000c40   Number         4  n32g45x_rcc.o(.text.RCC_GetClocksFreqValue)
    s_AdcHclkPresTable                       0x08000c44   Number         0  n32g45x_rcc.o(.text.RCC_GetClocksFreqValue)
    s_AdcPllClkPresTable                     0x08000c54   Number         0  n32g45x_rcc.o(.text.RCC_GetClocksFreqValue)
    [Anonymous Symbol]                       0x08000c74   Section        0  n32g45x_spi.o(.text.SPI_ConfigDataLen)
    [Anonymous Symbol]                       0x08000c84   Section        0  n32g45x_spi.o(.text.SPI_Enable)
    [Anonymous Symbol]                       0x08000c98   Section        0  n32g45x_spi.o(.text.SPI_EnableCalculateCrc)
    [Anonymous Symbol]                       0x08000cac   Section        0  n32g45x_spi.o(.text.SPI_I2S_EnableDma)
    [Anonymous Symbol]                       0x08000cbc   Section        0  n32g45x_spi.o(.text.SPI_I2S_GetStatus)
    [Anonymous Symbol]                       0x08000cc6   Section        0  n32g45x_spi.o(.text.SPI_I2S_ReceiveData)
    [Anonymous Symbol]                       0x08000cca   Section        0  n32g45x_spi.o(.text.SPI_I2S_TransmitData)
    [Anonymous Symbol]                       0x08000cce   Section        0  n32g45x_spi.o(.text.SPI_Init)
    [Anonymous Symbol]                       0x08000d04   Section        0  system_n32g45x.o(.text.SystemInit)
    __arm_cp.0_0                             0x08000dfc   Number         4  system_n32g45x.o(.text.SystemInit)
    __arm_cp.0_1                             0x08000e00   Number         4  system_n32g45x.o(.text.SystemInit)
    __arm_cp.0_2                             0x08000e04   Number         4  system_n32g45x.o(.text.SystemInit)
    __arm_cp.0_3                             0x08000e08   Number         4  system_n32g45x.o(.text.SystemInit)
    __arm_cp.0_4                             0x08000e0c   Number         4  system_n32g45x.o(.text.SystemInit)
    __arm_cp.0_5                             0x08000e10   Number         4  system_n32g45x.o(.text.SystemInit)
    __arm_cp.0_6                             0x08000e14   Number         4  system_n32g45x.o(.text.SystemInit)
    __arm_cp.0_7                             0x08000e18   Number         4  system_n32g45x.o(.text.SystemInit)
    [Anonymous Symbol]                       0x08000e1c   Section        0  bsp_time.o(.text.TIM2_IRQHandler)
    __arm_cp.3_0                             0x08000e48   Number         4  bsp_time.o(.text.TIM2_IRQHandler)
    __arm_cp.3_1                             0x08000e4c   Number         4  bsp_time.o(.text.TIM2_IRQHandler)
    [Anonymous Symbol]                       0x08000e50   Section        0  n32g45x_tim.o(.text.TIM_ClrIntPendingBit)
    [Anonymous Symbol]                       0x08000e54   Section        0  n32g45x_tim.o(.text.TIM_ConfigInt)
    [Anonymous Symbol]                       0x08000e64   Section        0  n32g45x_tim.o(.text.TIM_ConfigPrescaler)
    [Anonymous Symbol]                       0x08000e6a   Section        0  n32g45x_tim.o(.text.TIM_Enable)
    [Anonymous Symbol]                       0x08000e7a   Section        0  n32g45x_tim.o(.text.TIM_EnableCtrlPwmOutputs)
    [Anonymous Symbol]                       0x08000e92   Section        0  n32g45x_tim.o(.text.TIM_GetIntStatus)
    [Anonymous Symbol]                       0x08000ea8   Section        0  n32g45x_tim.o(.text.TIM_InitOc1)
    __arm_cp.2_1                             0x08000f00   Number         4  n32g45x_tim.o(.text.TIM_InitOc1)
    [Anonymous Symbol]                       0x08000f04   Section        0  n32g45x_tim.o(.text.TIM_InitTimeBase)
    __arm_cp.1_0                             0x08001038   Number         4  n32g45x_tim.o(.text.TIM_InitTimeBase)
    __arm_cp.1_1                             0x0800103c   Number         4  n32g45x_tim.o(.text.TIM_InitTimeBase)
    __arm_cp.1_2                             0x08001040   Number         4  n32g45x_tim.o(.text.TIM_InitTimeBase)
    __arm_cp.1_3                             0x08001044   Number         4  n32g45x_tim.o(.text.TIM_InitTimeBase)
    __arm_cp.1_4                             0x08001048   Number         4  n32g45x_tim.o(.text.TIM_InitTimeBase)
    [Anonymous Symbol]                       0x0800104c   Section        0  n32g45x_tim.o(.text.TIM_SetCmp1)
    [Anonymous Symbol]                       0x08001050   Section        0  bsp_interrupt.o(.text.USART3_IRQHandler)
    __arm_cp.0_0                             0x08001108   Number         4  bsp_interrupt.o(.text.USART3_IRQHandler)
    __arm_cp.0_1                             0x0800110c   Number         4  bsp_interrupt.o(.text.USART3_IRQHandler)
    __arm_cp.0_2                             0x08001110   Number         4  bsp_interrupt.o(.text.USART3_IRQHandler)
    [Anonymous Symbol]                       0x08001114   Section        0  n32g45x_usart.o(.text.USART_ClrFlag)
    [Anonymous Symbol]                       0x0800111a   Section        0  n32g45x_usart.o(.text.USART_ClrIntPendingBit)
    [Anonymous Symbol]                       0x08001128   Section        0  n32g45x_usart.o(.text.USART_ConfigInt)
    [Anonymous Symbol]                       0x08001154   Section        0  n32g45x_usart.o(.text.USART_Enable)
    [Anonymous Symbol]                       0x08001168   Section        0  n32g45x_usart.o(.text.USART_GetFlagStatus)
    [Anonymous Symbol]                       0x08001174   Section        0  n32g45x_usart.o(.text.USART_Init)
    __arm_cp.1_0                             0x08001200   Number         4  n32g45x_usart.o(.text.USART_Init)
    __arm_cp.1_1                             0x08001204   Number         4  n32g45x_usart.o(.text.USART_Init)
    __arm_cp.1_2                             0x08001208   Number         4  n32g45x_usart.o(.text.USART_Init)
    __arm_cp.1_3                             0x0800120c   Number         4  n32g45x_usart.o(.text.USART_Init)
    [Anonymous Symbol]                       0x08001210   Section        0  n32g45x_usart.o(.text.USART_ReceiveData)
    __NVIC_SystemReset                       0x08001219   Thumb Code    28  bsp_pvd.o(.text.__NVIC_SystemReset)
    [Anonymous Symbol]                       0x08001218   Section        0  bsp_pvd.o(.text.__NVIC_SystemReset)
    __arm_cp.2_0                             0x08001234   Number         4  bsp_pvd.o(.text.__NVIC_SystemReset)
    __arm_cp.2_1                             0x08001238   Number         4  bsp_pvd.o(.text.__NVIC_SystemReset)
    [Anonymous Symbol]                       0x0800123c   Section        0  config.o(.text.bspinit)
    [Anonymous Symbol]                       0x0800125e   Section        0  bsp_dma.o(.text.dmaXinit)
    [Anonymous Symbol]                       0x0800126c   Section        0  lcdfunc.o(.text.funcLCD)
    __arm_cp.2_0                             0x08001450   Number         4  lcdfunc.o(.text.funcLCD)
    __arm_cp.2_1                             0x08001454   Number         4  lcdfunc.o(.text.funcLCD)
    __arm_cp.2_2                             0x08001458   Number         4  lcdfunc.o(.text.funcLCD)
    __arm_cp.2_5                             0x0800145c   Number         4  lcdfunc.o(.text.funcLCD)
    __arm_cp.2_6                             0x08001460   Number         4  lcdfunc.o(.text.funcLCD)
    [Anonymous Symbol]                       0x08001464   Section        0  bsp_gpio.o(.text.gpioinit)
    __arm_cp.0_0                             0x08001510   Number         4  bsp_gpio.o(.text.gpioinit)
    __arm_cp.0_2                             0x08001514   Number         4  bsp_gpio.o(.text.gpioinit)
    [Anonymous Symbol]                       0x08001518   Section        0  lcdfunc.o(.text.lcd_set_zahyo)
    __arm_cp.4_0                             0x0800155c   Number         4  lcdfunc.o(.text.lcd_set_zahyo)
    [Anonymous Symbol]                       0x08001560   Section        0  lcd_driver.o(.text.lcd_write_data)
    [Anonymous Symbol]                       0x08001588   Section        0  lcd_driver.o(.text.lcd_write_index)
    [Anonymous Symbol]                       0x080015b8   Section        0  lcd_driver.o(.text.lcd_write_index_with_data)
    __arm_cp.3_0                             0x080015fc   Number         4  lcd_driver.o(.text.lcd_write_index_with_data)
    __arm_cp.3_1                             0x08001600   Number         4  lcd_driver.o(.text.lcd_write_index_with_data)
    [Anonymous Symbol]                       0x08001604   Section        0  main.o(.text.main)
    __arm_cp.0_0                             0x0800162c   Number         4  main.o(.text.main)
    [Anonymous Symbol]                       0x08001630   Section        0  spi_flash.o(.text.sFLASH_ReadBuffer)
    [Anonymous Symbol]                       0x08001670   Section        0  spi_flash.o(.text.sFLASH_ReadByte)
    [Anonymous Symbol]                       0x08001678   Section        0  spi_flash.o(.text.sFLASH_ReadID)
    __arm_cp.3_0                             0x080016ac   Number         4  spi_flash.o(.text.sFLASH_ReadID)
    __arm_cp.3_1                             0x080016b0   Number         4  spi_flash.o(.text.sFLASH_ReadID)
    [Anonymous Symbol]                       0x080016b4   Section        0  spi_flash.o(.text.sFLASH_SendByte)
    __arm_cp.1_1                             0x080016ec   Number         4  spi_flash.o(.text.sFLASH_SendByte)
    [Anonymous Symbol]                       0x080016f0   Section        0  bsp_spix.o(.text.spixinit)
    __arm_cp.0_0                             0x08001760   Number         4  bsp_spix.o(.text.spixinit)
    __arm_cp.0_1                             0x08001764   Number         4  bsp_spix.o(.text.spixinit)
    __arm_cp.0_2                             0x08001768   Number         4  bsp_spix.o(.text.spixinit)
    [Anonymous Symbol]                       0x0800176c   Section        0  bsp_time.o(.text.tim1PWMinit)
    __arm_cp.1_0                             0x080017c0   Number         4  bsp_time.o(.text.tim1PWMinit)
    __arm_cp.1_1                             0x080017c4   Number         4  bsp_time.o(.text.tim1PWMinit)
    __arm_cp.1_2                             0x080017c8   Number         4  bsp_time.o(.text.tim1PWMinit)
    [Anonymous Symbol]                       0x080017cc   Section        0  bsp_time.o(.text.tim2base)
    __arm_cp.2_0                             0x0800181c   Number         4  bsp_time.o(.text.tim2base)
    [Anonymous Symbol]                       0x08001820   Section        0  bsp_time.o(.text.timerXinit)
    $v0                                      0x0800182e   Number         0  fpinit.o(x$fpl$fpinit)
    x$fpl$fpinit                             0x0800182e   Section       26  fpinit.o(x$fpl$fpinit)
    s_ApbAhbPresTable                        0x08001848   Data          16  n32g45x_rcc.o(.rodata.cst16)
    [Anonymous Symbol]                       0x08001848   Section        0  n32g45x_rcc.o(.rodata.cst16)
    .bss                                     0x20000000   Section       96  libspace.o(.bss)
    [Anonymous Symbol]                       0x20000060   Section        0  bsp_time.o(.bss..L_MergedGlobals)
    USART3_IRQHandler.RX_data_cun            0x20000064   Data           1  bsp_interrupt.o(.bss..L_MergedGlobals)
    [Anonymous Symbol]                       0x20000064   Section        0  bsp_interrupt.o(.bss..L_MergedGlobals)
    USART3_IRQHandler.RX_stat                0x20000065   Data           1  bsp_interrupt.o(.bss..L_MergedGlobals)
    [Anonymous Symbol]                       0x2000007c   Section        0  bsp_dma.o(.bss..L_MergedGlobals)
    [Anonymous Symbol]                       0x20000084   Section        0  flash_access.o(.bss..L_MergedGlobals)
    [Anonymous Symbol]                       0x2000008c   Section        0  lcdfunc.o(.bss..L_MergedGlobals)
    Heap_Mem                                 0x2001c2c0   Data       16384  startup_n32g45x.o(HEAP)
    HEAP                                     0x2001c2c0   Section    16384  startup_n32g45x.o(HEAP)
    Stack_Mem                                0x200202c0   Data        1024  startup_n32g45x.o(STACK)
    STACK                                    0x200202c0   Section     1024  startup_n32g45x.o(STACK)
    __initial_sp                             0x200206c0   Data           0  startup_n32g45x.o(STACK)

    Global Symbols

    Symbol Name                              Value     Ov Type        Size  Object(Section)

    BuildAttributes$$THM_ISAv4$E$P$D$K$B$S$7EM$VFPi3$EXTD16$VFPS$VFMA$PE$A:L22UL41UL21$X:L11$S22US41US21$IEEE1$IW$~IW$USESV6$~STKCKD$USESV7$~SHL$OSPACE$ROPI$EBA8$UX$STANDARDLIB$REQ8$PRES8$EABIv2 0x00000000   Number         0  anon$$obj.o ABSOLUTE
    __ARM_exceptions_init                     - Undefined Weak Reference
    __alloca_initialize                       - Undefined Weak Reference
    __arm_preinit_                            - Undefined Weak Reference
    __arm_relocate_pie_                       - Undefined Weak Reference
    __cpp_initialize__aeabi_                  - Undefined Weak Reference
    __cxa_finalize                            - Undefined Weak Reference
    __rt_locale                               - Undefined Weak Reference
    __sigvec_lookup                           - Undefined Weak Reference
    _atexit_init                              - Undefined Weak Reference
    _call_atexit_fns                          - Undefined Weak Reference
    _clock_init                               - Undefined Weak Reference
    _fp_trap_init                             - Undefined Weak Reference
    _fp_trap_shutdown                         - Undefined Weak Reference
    _get_lc_collate                           - Undefined Weak Reference
    _get_lc_ctype                             - Undefined Weak Reference
    _get_lc_monetary                          - Undefined Weak Reference
    _get_lc_numeric                           - Undefined Weak Reference
    _get_lc_time                              - Undefined Weak Reference
    _getenv_init                              - Undefined Weak Reference
    _handle_redirection                       - Undefined Weak Reference
    _init_alloc                               - Undefined Weak Reference
    _init_user_alloc                          - Undefined Weak Reference
    _initio                                   - Undefined Weak Reference
    _rand_init                                - Undefined Weak Reference
    _signal_finish                            - Undefined Weak Reference
    _signal_init                              - Undefined Weak Reference
    _terminate_alloc                          - Undefined Weak Reference
    _terminate_user_alloc                     - Undefined Weak Reference
    _terminateio                              - Undefined Weak Reference
    __Vectors_Size                           0x00000198   Number         0  startup_n32g45x.o ABSOLUTE
    __Vectors                                0x08000000   Data           4  startup_n32g45x.o(RESET)
    __Vectors_End                            0x08000198   Data           0  startup_n32g45x.o(RESET)
    __main                                   0x08000199   Thumb Code     8  __main.o(!!!main)
    __scatterload                            0x080001a1   Thumb Code     0  __scatter.o(!!!scatter)
    __scatterload_rt2                        0x080001a1   Thumb Code    44  __scatter.o(!!!scatter)
    __scatterload_rt2_thumb_only             0x080001a1   Thumb Code     0  __scatter.o(!!!scatter)
    __scatterload_null                       0x080001af   Thumb Code     0  __scatter.o(!!!scatter)
    __scatterload_zeroinit                   0x080001d5   Thumb Code    28  __scatter_zi.o(!!handler_zi)
    __rt_lib_init                            0x080001f1   Thumb Code     0  libinit.o(.ARM.Collect$$libinit$$00000000)
    __rt_lib_init_fp_1                       0x080001f3   Thumb Code     0  libinit2.o(.ARM.Collect$$libinit$$00000001)
    __rt_lib_init_alloca_1                   0x080001f7   Thumb Code     0  libinit2.o(.ARM.Collect$$libinit$$00000030)
    __rt_lib_init_argv_1                     0x080001f7   Thumb Code     0  libinit2.o(.ARM.Collect$$libinit$$0000002E)
    __rt_lib_init_atexit_1                   0x080001f7   Thumb Code     0  libinit2.o(.ARM.Collect$$libinit$$0000001D)
    __rt_lib_init_clock_1                    0x080001f7   Thumb Code     0  libinit2.o(.ARM.Collect$$libinit$$00000023)
    __rt_lib_init_cpp_1                      0x080001f7   Thumb Code     0  libinit2.o(.ARM.Collect$$libinit$$00000034)
    __rt_lib_init_exceptions_1               0x080001f7   Thumb Code     0  libinit2.o(.ARM.Collect$$libinit$$00000032)
    __rt_lib_init_fp_trap_1                  0x080001f7   Thumb Code     0  libinit2.o(.ARM.Collect$$libinit$$00000021)
    __rt_lib_init_getenv_1                   0x080001f7   Thumb Code     0  libinit2.o(.ARM.Collect$$libinit$$00000025)
    __rt_lib_init_heap_1                     0x080001f7   Thumb Code     0  libinit2.o(.ARM.Collect$$libinit$$0000000C)
    __rt_lib_init_lc_collate_1               0x080001f7   Thumb Code     0  libinit2.o(.ARM.Collect$$libinit$$00000013)
    __rt_lib_init_lc_ctype_1                 0x080001f7   Thumb Code     0  libinit2.o(.ARM.Collect$$libinit$$00000015)
    __rt_lib_init_lc_monetary_1              0x080001f7   Thumb Code     0  libinit2.o(.ARM.Collect$$libinit$$00000017)
    __rt_lib_init_lc_numeric_1               0x080001f7   Thumb Code     0  libinit2.o(.ARM.Collect$$libinit$$00000019)
    __rt_lib_init_lc_time_1                  0x080001f7   Thumb Code     0  libinit2.o(.ARM.Collect$$libinit$$0000001B)
    __rt_lib_init_preinit_1                  0x080001f7   Thumb Code     0  libinit2.o(.ARM.Collect$$libinit$$00000006)
    __rt_lib_init_rand_1                     0x080001f7   Thumb Code     0  libinit2.o(.ARM.Collect$$libinit$$00000010)
    __rt_lib_init_relocate_pie_1             0x080001f7   Thumb Code     0  libinit2.o(.ARM.Collect$$libinit$$00000004)
    __rt_lib_init_return                     0x080001f7   Thumb Code     0  libinit2.o(.ARM.Collect$$libinit$$00000035)
    __rt_lib_init_signal_1                   0x080001f7   Thumb Code     0  libinit2.o(.ARM.Collect$$libinit$$0000001F)
    __rt_lib_init_stdio_1                    0x080001f7   Thumb Code     0  libinit2.o(.ARM.Collect$$libinit$$00000027)
    __rt_lib_init_user_alloc_1               0x080001f7   Thumb Code     0  libinit2.o(.ARM.Collect$$libinit$$0000000E)
    __rt_lib_shutdown                        0x080001f9   Thumb Code     0  libshutdown.o(.ARM.Collect$$libshutdown$$00000000)
    __rt_lib_shutdown_cpp_1                  0x080001fb   Thumb Code     0  libshutdown2.o(.ARM.Collect$$libshutdown$$00000002)
    __rt_lib_shutdown_fp_trap_1              0x080001fb   Thumb Code     0  libshutdown2.o(.ARM.Collect$$libshutdown$$00000007)
    __rt_lib_shutdown_heap_1                 0x080001fb   Thumb Code     0  libshutdown2.o(.ARM.Collect$$libshutdown$$0000000F)
    __rt_lib_shutdown_return                 0x080001fb   Thumb Code     0  libshutdown2.o(.ARM.Collect$$libshutdown$$00000010)
    __rt_lib_shutdown_signal_1               0x080001fb   Thumb Code     0  libshutdown2.o(.ARM.Collect$$libshutdown$$0000000A)
    __rt_lib_shutdown_stdio_1                0x080001fb   Thumb Code     0  libshutdown2.o(.ARM.Collect$$libshutdown$$00000004)
    __rt_lib_shutdown_user_alloc_1           0x080001fb   Thumb Code     0  libshutdown2.o(.ARM.Collect$$libshutdown$$0000000C)
    __rt_entry                               0x080001fd   Thumb Code     0  __rtentry.o(.ARM.Collect$$rtentry$$00000000)
    __rt_entry_presh_1                       0x080001fd   Thumb Code     0  __rtentry2.o(.ARM.Collect$$rtentry$$00000002)
    __rt_entry_sh                            0x080001fd   Thumb Code     0  __rtentry4.o(.ARM.Collect$$rtentry$$00000004)
    __rt_entry_li                            0x08000203   Thumb Code     0  __rtentry2.o(.ARM.Collect$$rtentry$$0000000A)
    __rt_entry_postsh_1                      0x08000203   Thumb Code     0  __rtentry2.o(.ARM.Collect$$rtentry$$00000009)
    __rt_entry_main                          0x08000207   Thumb Code     0  __rtentry2.o(.ARM.Collect$$rtentry$$0000000D)
    __rt_entry_postli_1                      0x08000207   Thumb Code     0  __rtentry2.o(.ARM.Collect$$rtentry$$0000000C)
    __rt_exit                                0x0800020f   Thumb Code     0  rtexit.o(.ARM.Collect$$rtexit$$00000000)
    __rt_exit_ls                             0x08000211   Thumb Code     0  rtexit2.o(.ARM.Collect$$rtexit$$00000003)
    __rt_exit_prels_1                        0x08000211   Thumb Code     0  rtexit2.o(.ARM.Collect$$rtexit$$00000002)
    __rt_exit_exit                           0x08000215   Thumb Code     0  rtexit2.o(.ARM.Collect$$rtexit$$00000004)
    Reset_Handler                            0x0800021d   Thumb Code     8  startup_n32g45x.o(.text)
    NMI_Handler                              0x08000225   Thumb Code     2  startup_n32g45x.o(.text)
    HardFault_Handler                        0x08000227   Thumb Code     2  startup_n32g45x.o(.text)
    MemManage_Handler                        0x08000229   Thumb Code     2  startup_n32g45x.o(.text)
    BusFault_Handler                         0x0800022b   Thumb Code     2  startup_n32g45x.o(.text)
    UsageFault_Handler                       0x0800022d   Thumb Code     2  startup_n32g45x.o(.text)
    SVC_Handler                              0x0800022f   Thumb Code     2  startup_n32g45x.o(.text)
    DebugMon_Handler                         0x08000231   Thumb Code     2  startup_n32g45x.o(.text)
    PendSV_Handler                           0x08000233   Thumb Code     2  startup_n32g45x.o(.text)
    SysTick_Handler                          0x08000235   Thumb Code     2  startup_n32g45x.o(.text)
    ADC1_2_IRQHandler                        0x08000237   Thumb Code     0  startup_n32g45x.o(.text)
    ADC3_4_IRQHandler                        0x08000237   Thumb Code     0  startup_n32g45x.o(.text)
    CAN1_RX1_IRQHandler                      0x08000237   Thumb Code     0  startup_n32g45x.o(.text)
    CAN1_SCE_IRQHandler                      0x08000237   Thumb Code     0  startup_n32g45x.o(.text)
    CAN2_RX0_IRQHandler                      0x08000237   Thumb Code     0  startup_n32g45x.o(.text)
    CAN2_RX1_IRQHandler                      0x08000237   Thumb Code     0  startup_n32g45x.o(.text)
    CAN2_SCE_IRQHandler                      0x08000237   Thumb Code     0  startup_n32g45x.o(.text)
    CAN2_TX_IRQHandler                       0x08000237   Thumb Code     0  startup_n32g45x.o(.text)
    COMP7_IRQHandler                         0x08000237   Thumb Code     0  startup_n32g45x.o(.text)
    COMP_1_2_3_IRQHandler                    0x08000237   Thumb Code     0  startup_n32g45x.o(.text)
    COMP_4_5_6_IRQHandler                    0x08000237   Thumb Code     0  startup_n32g45x.o(.text)
    DMA1_Channel1_IRQHandler                 0x08000237   Thumb Code     0  startup_n32g45x.o(.text)
    DMA1_Channel6_IRQHandler                 0x08000237   Thumb Code     0  startup_n32g45x.o(.text)
    DMA1_Channel7_IRQHandler                 0x08000237   Thumb Code     0  startup_n32g45x.o(.text)
    DMA1_Channel8_IRQHandler                 0x08000237   Thumb Code     0  startup_n32g45x.o(.text)
    DMA2_Channel2_IRQHandler                 0x08000237   Thumb Code     0  startup_n32g45x.o(.text)
    DMA2_Channel3_IRQHandler                 0x08000237   Thumb Code     0  startup_n32g45x.o(.text)
    DMA2_Channel4_IRQHandler                 0x08000237   Thumb Code     0  startup_n32g45x.o(.text)
    DMA2_Channel5_IRQHandler                 0x08000237   Thumb Code     0  startup_n32g45x.o(.text)
    DMA2_Channel6_IRQHandler                 0x08000237   Thumb Code     0  startup_n32g45x.o(.text)
    DMA2_Channel7_IRQHandler                 0x08000237   Thumb Code     0  startup_n32g45x.o(.text)
    DMA2_Channel8_IRQHandler                 0x08000237   Thumb Code     0  startup_n32g45x.o(.text)
    DVP_IRQHandler                           0x08000237   Thumb Code     0  startup_n32g45x.o(.text)
    ETH_IRQHandler                           0x08000237   Thumb Code     0  startup_n32g45x.o(.text)
    ETH_WKUP_IRQHandler                      0x08000237   Thumb Code     0  startup_n32g45x.o(.text)
    EXTI0_IRQHandler                         0x08000237   Thumb Code     0  startup_n32g45x.o(.text)
    EXTI15_10_IRQHandler                     0x08000237   Thumb Code     0  startup_n32g45x.o(.text)
    EXTI1_IRQHandler                         0x08000237   Thumb Code     0  startup_n32g45x.o(.text)
    EXTI2_IRQHandler                         0x08000237   Thumb Code     0  startup_n32g45x.o(.text)
    EXTI3_IRQHandler                         0x08000237   Thumb Code     0  startup_n32g45x.o(.text)
    EXTI4_IRQHandler                         0x08000237   Thumb Code     0  startup_n32g45x.o(.text)
    EXTI9_5_IRQHandler                       0x08000237   Thumb Code     0  startup_n32g45x.o(.text)
    FLASH_IRQHandler                         0x08000237   Thumb Code     0  startup_n32g45x.o(.text)
    I2C1_ER_IRQHandler                       0x08000237   Thumb Code     0  startup_n32g45x.o(.text)
    I2C1_EV_IRQHandler                       0x08000237   Thumb Code     0  startup_n32g45x.o(.text)
    I2C2_ER_IRQHandler                       0x08000237   Thumb Code     0  startup_n32g45x.o(.text)
    I2C2_EV_IRQHandler                       0x08000237   Thumb Code     0  startup_n32g45x.o(.text)
    I2C3_ER_IRQHandler                       0x08000237   Thumb Code     0  startup_n32g45x.o(.text)
    I2C3_EV_IRQHandler                       0x08000237   Thumb Code     0  startup_n32g45x.o(.text)
    I2C4_ER_IRQHandler                       0x08000237   Thumb Code     0  startup_n32g45x.o(.text)
    I2C4_EV_IRQHandler                       0x08000237   Thumb Code     0  startup_n32g45x.o(.text)
    MMU_IRQHandler                           0x08000237   Thumb Code     0  startup_n32g45x.o(.text)
    QSPI_IRQHandler                          0x08000237   Thumb Code     0  startup_n32g45x.o(.text)
    RCC_IRQHandler                           0x08000237   Thumb Code     0  startup_n32g45x.o(.text)
    RSRAM_IRQHandler                         0x08000237   Thumb Code     0  startup_n32g45x.o(.text)
    RTCAlarm_IRQHandler                      0x08000237   Thumb Code     0  startup_n32g45x.o(.text)
    RTC_WKUP_IRQHandler                      0x08000237   Thumb Code     0  startup_n32g45x.o(.text)
    SAC_IRQHandler                           0x08000237   Thumb Code     0  startup_n32g45x.o(.text)
    SDIO_IRQHandler                          0x08000237   Thumb Code     0  startup_n32g45x.o(.text)
    SPI1_IRQHandler                          0x08000237   Thumb Code     0  startup_n32g45x.o(.text)
    SPI2_IRQHandler                          0x08000237   Thumb Code     0  startup_n32g45x.o(.text)
    SPI3_IRQHandler                          0x08000237   Thumb Code     0  startup_n32g45x.o(.text)
    TAMPER_IRQHandler                        0x08000237   Thumb Code     0  startup_n32g45x.o(.text)
    TIM1_BRK_IRQHandler                      0x08000237   Thumb Code     0  startup_n32g45x.o(.text)
    TIM1_CC_IRQHandler                       0x08000237   Thumb Code     0  startup_n32g45x.o(.text)
    TIM1_TRG_COM_IRQHandler                  0x08000237   Thumb Code     0  startup_n32g45x.o(.text)
    TIM1_UP_IRQHandler                       0x08000237   Thumb Code     0  startup_n32g45x.o(.text)
    TIM3_IRQHandler                          0x08000237   Thumb Code     0  startup_n32g45x.o(.text)
    TIM4_IRQHandler                          0x08000237   Thumb Code     0  startup_n32g45x.o(.text)
    TIM5_IRQHandler                          0x08000237   Thumb Code     0  startup_n32g45x.o(.text)
    TIM6_IRQHandler                          0x08000237   Thumb Code     0  startup_n32g45x.o(.text)
    TIM7_IRQHandler                          0x08000237   Thumb Code     0  startup_n32g45x.o(.text)
    TIM8_BRK_IRQHandler                      0x08000237   Thumb Code     0  startup_n32g45x.o(.text)
    TIM8_CC_IRQHandler                       0x08000237   Thumb Code     0  startup_n32g45x.o(.text)
    TIM8_TRG_COM_IRQHandler                  0x08000237   Thumb Code     0  startup_n32g45x.o(.text)
    TIM8_UP_IRQHandler                       0x08000237   Thumb Code     0  startup_n32g45x.o(.text)
    TSC_IRQHandler                           0x08000237   Thumb Code     0  startup_n32g45x.o(.text)
    UART4_IRQHandler                         0x08000237   Thumb Code     0  startup_n32g45x.o(.text)
    UART5_IRQHandler                         0x08000237   Thumb Code     0  startup_n32g45x.o(.text)
    UART6_IRQHandler                         0x08000237   Thumb Code     0  startup_n32g45x.o(.text)
    UART7_IRQHandler                         0x08000237   Thumb Code     0  startup_n32g45x.o(.text)
    USART1_IRQHandler                        0x08000237   Thumb Code     0  startup_n32g45x.o(.text)
    USART2_IRQHandler                        0x08000237   Thumb Code     0  startup_n32g45x.o(.text)
    USBWakeUp_IRQHandler                     0x08000237   Thumb Code     0  startup_n32g45x.o(.text)
    USB_HP_CAN1_TX_IRQHandler                0x08000237   Thumb Code     0  startup_n32g45x.o(.text)
    USB_LP_CAN1_RX0_IRQHandler               0x08000237   Thumb Code     0  startup_n32g45x.o(.text)
    WWDG_IRQHandler                          0x08000237   Thumb Code     0  startup_n32g45x.o(.text)
    XFMC_IRQHandler                          0x08000237   Thumb Code     0  startup_n32g45x.o(.text)
    __user_initial_stackheap                 0x08000239   Thumb Code     0  startup_n32g45x.o(.text)
    __aeabi_memclr4                          0x0800025d   Thumb Code     0  rt_memclr_w.o(.text)
    __aeabi_memclr8                          0x0800025d   Thumb Code     0  rt_memclr_w.o(.text)
    __rt_memclr_w                            0x0800025d   Thumb Code     0  rt_memclr_w.o(.text)
    _memset_w                                0x08000261   Thumb Code    74  rt_memclr_w.o(.text)
    __use_two_region_memory                  0x080002ab   Thumb Code     2  heapauxi.o(.text)
    __rt_heap_escrow$2region                 0x080002ad   Thumb Code     2  heapauxi.o(.text)
    __rt_heap_expand$2region                 0x080002af   Thumb Code     2  heapauxi.o(.text)
    __user_setup_stackheap                   0x080002b1   Thumb Code    74  sys_stackheap_outer.o(.text)
    exit                                     0x080002fb   Thumb Code    18  exit.o(.text)
    __user_libspace                          0x0800030d   Thumb Code     8  libspace.o(.text)
    __user_perproc_libspace                  0x0800030d   Thumb Code     0  libspace.o(.text)
    __user_perthread_libspace                0x0800030d   Thumb Code     0  libspace.o(.text)
    _sys_exit                                0x08000315   Thumb Code     8  sys_exit.o(.text)
    __I$use$semihosting                      0x08000321   Thumb Code     0  use_no_semi.o(.text)
    __use_no_semihosting_swi                 0x08000321   Thumb Code     2  use_no_semi.o(.text)
    BspIsIwdogReset                          0x08000323   Thumb Code     4  bsp_iwdog.o(.text.BspIsIwdogReset)
    __semihosting_library_function           0x08000323   Thumb Code     0  indicate_semi.o(.text)
    BspIwdogInit                             0x08000327   Thumb Code     2  bsp_iwdog.o(.text.BspIwdogInit)
    BspMemDmaInit                            0x08000329   Thumb Code    88  bsp_dma.o(.text.BspMemDmaInit)
    BspPvdInit                               0x08000385   Thumb Code    72  bsp_pvd.o(.text.BspPvdInit)
    Bsp_Usart_Config                         0x080003d1   Thumb Code    56  bsp_usart.o(.text.Bsp_Usart_Config)
    Bsp_Usart_Init                           0x0800040d   Thumb Code    14  bsp_usart.o(.text.Bsp_Usart_Init)
    CLKinit                                  0x0800041d   Thumb Code   112  config.o(.text.CLKinit)
    DMA1_Channel2_IRQHandler                 0x08000495   Thumb Code     2  bsp_dma.o(.text.DMA1_Channel2_IRQHandler)
    DMA1_Channel3_IRQHandler                 0x08000499   Thumb Code   116  bsp_dma.o(.text.DMA1_Channel3_IRQHandler)
    DMA1_Channel4_IRQHandler                 0x0800051d   Thumb Code     2  bsp_dma.o(.text.DMA1_Channel4_IRQHandler)
    DMA1_Channel5_IRQHandler                 0x0800051f   Thumb Code     2  bsp_dma.o(.text.DMA1_Channel5_IRQHandler)
    DMA2_Channel1_IRQHandler                 0x08000521   Thumb Code    48  bsp_dma.o(.text.DMA2_Channel1_IRQHandler)
    DMA_ClearFlag                            0x08000559   Thumb Code     4  n32g45x_dma.o(.text.DMA_ClearFlag)
    DMA_ClrIntPendingBit                     0x0800055d   Thumb Code     4  n32g45x_dma.o(.text.DMA_ClrIntPendingBit)
    DMA_ConfigInt                            0x08000561   Thumb Code    16  n32g45x_dma.o(.text.DMA_ConfigInt)
    DMA_DeInit                               0x08000571   Thumb Code   204  n32g45x_dma.o(.text.DMA_DeInit)
    DMA_EnableChannel                        0x0800067d   Thumb Code    24  n32g45x_dma.o(.text.DMA_EnableChannel)
    DMA_Init                                 0x08000695   Thumb Code    70  n32g45x_dma.o(.text.DMA_Init)
    DMA_LCD_Init                             0x080006dd   Thumb Code    80  bsp_dma.o(.text.DMA_LCD_Init)
    EXTI_ClrITPendBit                        0x08000739   Thumb Code     8  n32g45x_exti.o(.text.EXTI_ClrITPendBit)
    EXTI_InitPeripheral                      0x08000745   Thumb Code    92  n32g45x_exti.o(.text.EXTI_InitPeripheral)
    FlashAccessValueinit                     0x080007a5   Thumb Code    12  flash_access.o(.text.FlashAccessValueinit)
    FlashAccessfunc                          0x080007b1   Thumb Code    72  flash_access.o(.text.FlashAccessfunc)
    GPIO_InitPeripheral                      0x08000809   Thumb Code   196  n32g45x_gpio.o(.text.GPIO_InitPeripheral)
    GPIO_ResetBits                           0x080008cd   Thumb Code     4  n32g45x_gpio.o(.text.GPIO_ResetBits)
    GPIO_SetBits                             0x080008d1   Thumb Code     4  n32g45x_gpio.o(.text.GPIO_SetBits)
    LCD_SendByte                             0x080008d5   Thumb Code    40  spi_lcd.o(.text.LCD_SendByte)
    LCD_SenndMoreSequence                    0x080008fd   Thumb Code    52  spi_lcd.o(.text.LCD_SenndMoreSequence)
    LCD_fresh                                0x08000935   Thumb Code    40  lcdfunc.o(.text.LCD_fresh)
    LCDinit                                  0x08000961   Thumb Code   148  lcdfunc.o(.text.LCDinit)
    LCDreset                                 0x08000a25   Thumb Code    12  lcdfunc.o(.text.LCDreset)
    LCDvalueinit                             0x08000a31   Thumb Code    28  lcdfunc.o(.text.LCDvalueinit)
    NVIC_Configuration                       0x08000a55   Thumb Code    16  bsp_usart.o(.text.NVIC_Configuration)
    NVIC_Init                                0x08000a69   Thumb Code    76  misc.o(.text.NVIC_Init)
    PVD_IRQHandler                           0x08000b1f   Thumb Code     4  bsp_pvd.o(.text.PVD_IRQHandler)
    PWR_PvdEnable                            0x08000b25   Thumb Code     8  n32g45x_pwr.o(.text.PWR_PvdEnable)
    PWR_PvdRangeConfig                       0x08000b31   Thumb Code    16  n32g45x_pwr.o(.text.PWR_PvdRangeConfig)
    RCC_ConfigPclk1                          0x08000b45   Thumb Code    12  n32g45x_rcc.o(.text.RCC_ConfigPclk1)
    RCC_ConfigTim18Clk                       0x08000b51   Thumb Code    12  n32g45x_rcc.o(.text.RCC_ConfigTim18Clk)
    RCC_EnableAHBPeriphClk                   0x08000b61   Thumb Code    20  n32g45x_rcc.o(.text.RCC_EnableAHBPeriphClk)
    RCC_EnableAPB1PeriphClk                  0x08000b79   Thumb Code    20  n32g45x_rcc.o(.text.RCC_EnableAPB1PeriphClk)
    RCC_EnableAPB2PeriphClk                  0x08000b91   Thumb Code    20  n32g45x_rcc.o(.text.RCC_EnableAPB2PeriphClk)
    RCC_GetClocksFreqValue                   0x08000ba9   Thumb Code   140  n32g45x_rcc.o(.text.RCC_GetClocksFreqValue)
    SPI_ConfigDataLen                        0x08000c75   Thumb Code    16  n32g45x_spi.o(.text.SPI_ConfigDataLen)
    SPI_Enable                               0x08000c85   Thumb Code    20  n32g45x_spi.o(.text.SPI_Enable)
    SPI_EnableCalculateCrc                   0x08000c99   Thumb Code    20  n32g45x_spi.o(.text.SPI_EnableCalculateCrc)
    SPI_I2S_EnableDma                        0x08000cad   Thumb Code    16  n32g45x_spi.o(.text.SPI_I2S_EnableDma)
    SPI_I2S_GetStatus                        0x08000cbd   Thumb Code    10  n32g45x_spi.o(.text.SPI_I2S_GetStatus)
    SPI_I2S_ReceiveData                      0x08000cc7   Thumb Code     4  n32g45x_spi.o(.text.SPI_I2S_ReceiveData)
    SPI_I2S_TransmitData                     0x08000ccb   Thumb Code     4  n32g45x_spi.o(.text.SPI_I2S_TransmitData)
    SPI_Init                                 0x08000ccf   Thumb Code    54  n32g45x_spi.o(.text.SPI_Init)
    SystemInit                               0x08000d05   Thumb Code   248  system_n32g45x.o(.text.SystemInit)
    TIM2_IRQHandler                          0x08000e1d   Thumb Code    44  bsp_time.o(.text.TIM2_IRQHandler)
    TIM_ClrIntPendingBit                     0x08000e51   Thumb Code     4  n32g45x_tim.o(.text.TIM_ClrIntPendingBit)
    TIM_ConfigInt                            0x08000e55   Thumb Code    16  n32g45x_tim.o(.text.TIM_ConfigInt)
    TIM_ConfigPrescaler                      0x08000e65   Thumb Code     6  n32g45x_tim.o(.text.TIM_ConfigPrescaler)
    TIM_Enable                               0x08000e6b   Thumb Code    16  n32g45x_tim.o(.text.TIM_Enable)
    TIM_EnableCtrlPwmOutputs                 0x08000e7b   Thumb Code    24  n32g45x_tim.o(.text.TIM_EnableCtrlPwmOutputs)
    TIM_GetIntStatus                         0x08000e93   Thumb Code    20  n32g45x_tim.o(.text.TIM_GetIntStatus)
    TIM_InitOc1                              0x08000ea9   Thumb Code    88  n32g45x_tim.o(.text.TIM_InitOc1)
    TIM_InitTimeBase                         0x08000f05   Thumb Code   308  n32g45x_tim.o(.text.TIM_InitTimeBase)
    TIM_SetCmp1                              0x0800104d   Thumb Code     4  n32g45x_tim.o(.text.TIM_SetCmp1)
    USART3_IRQHandler                        0x08001051   Thumb Code   184  bsp_interrupt.o(.text.USART3_IRQHandler)
    USART_ClrFlag                            0x08001115   Thumb Code     6  n32g45x_usart.o(.text.USART_ClrFlag)
    USART_ClrIntPendingBit                   0x0800111b   Thumb Code    14  n32g45x_usart.o(.text.USART_ClrIntPendingBit)
    USART_ConfigInt                          0x08001129   Thumb Code    44  n32g45x_usart.o(.text.USART_ConfigInt)
    USART_Enable                             0x08001155   Thumb Code    20  n32g45x_usart.o(.text.USART_Enable)
    USART_GetFlagStatus                      0x08001169   Thumb Code    10  n32g45x_usart.o(.text.USART_GetFlagStatus)
    USART_Init                               0x08001175   Thumb Code   140  n32g45x_usart.o(.text.USART_Init)
    USART_ReceiveData                        0x08001211   Thumb Code     8  n32g45x_usart.o(.text.USART_ReceiveData)
    bspinit                                  0x0800123d   Thumb Code    34  config.o(.text.bspinit)
    dmaXinit                                 0x0800125f   Thumb Code    14  bsp_dma.o(.text.dmaXinit)
    funcLCD                                  0x0800126d   Thumb Code   484  lcdfunc.o(.text.funcLCD)
    gpioinit                                 0x08001465   Thumb Code   172  bsp_gpio.o(.text.gpioinit)
    lcd_set_zahyo                            0x08001519   Thumb Code    68  lcdfunc.o(.text.lcd_set_zahyo)
    lcd_write_data                           0x08001561   Thumb Code    40  lcd_driver.o(.text.lcd_write_data)
    lcd_write_index                          0x08001589   Thumb Code    48  lcd_driver.o(.text.lcd_write_index)
    lcd_write_index_with_data                0x080015b9   Thumb Code    68  lcd_driver.o(.text.lcd_write_index_with_data)
    main                                     0x08001605   Thumb Code    40  main.o(.text.main)
    sFLASH_ReadBuffer                        0x08001631   Thumb Code    64  spi_flash.o(.text.sFLASH_ReadBuffer)
    sFLASH_ReadByte                          0x08001671   Thumb Code     6  spi_flash.o(.text.sFLASH_ReadByte)
    sFLASH_ReadID                            0x08001679   Thumb Code    52  spi_flash.o(.text.sFLASH_ReadID)
    sFLASH_SendByte                          0x080016b5   Thumb Code    56  spi_flash.o(.text.sFLASH_SendByte)
    spixinit                                 0x080016f1   Thumb Code   112  bsp_spix.o(.text.spixinit)
    tim1PWMinit                              0x0800176d   Thumb Code    84  bsp_time.o(.text.tim1PWMinit)
    tim2base                                 0x080017cd   Thumb Code    80  bsp_time.o(.text.tim2base)
    timerXinit                               0x08001821   Thumb Code    14  bsp_time.o(.text.timerXinit)
    _fp_init                                 0x0800182f   Thumb Code    26  fpinit.o(x$fpl$fpinit)
    __fplib_config_fpu_vfp                   0x08001847   Thumb Code     0  fpinit.o(x$fpl$fpinit)
    __fplib_config_pureend_doubles           0x08001847   Thumb Code     0  fpinit.o(x$fpl$fpinit)
    gImage_3                                 0x08001858   Data       115200  image3.o(.rodata.gImage_3)
    Region$$Table$$Base                      0x0801da58   Number         0  anon$$obj.o(Region$$Table)
    Region$$Table$$Limit                     0x0801da68   Number         0  anon$$obj.o(Region$$Table)
    __libspace_start                         0x20000000   Data          96  libspace.o(.bss)
    TimerPeriod                              0x20000060   Data           2  bsp_time.o(.bss..L_MergedGlobals)
    __temporary_stack_top$libspace           0x20000060   Data           0  libspace.o(.bss)
    Channel1Pulse                            0x20000062   Data           2  bsp_time.o(.bss..L_MergedGlobals)
    RXdatabyte                               0x20000066   Data           1  bsp_interrupt.o(.bss..L_MergedGlobals)
    RXdata                                   0x20000067   Data          20  bsp_interrupt.o(.bss..L_MergedGlobals)
    MEM_StartDraw                            0x2000007c   Data           1  bsp_dma.o(.bss..L_MergedGlobals)
    MemDmaCallback                           0x20000080   Data           4  bsp_dma.o(.bss..L_MergedGlobals)
    u8Flashstep                              0x20000084   Data           1  flash_access.o(.bss..L_MergedGlobals)
    u8flashcomp                              0x20000085   Data           1  flash_access.o(.bss..L_MergedGlobals)
    u8flashtest                              0x20000088   Data           4  flash_access.o(.bss..L_MergedGlobals)
    u8testflag                               0x2000008c   Data           1  lcdfunc.o(.bss..L_MergedGlobals)
    u8LCDdelay                               0x2000008d   Data           1  lcdfunc.o(.bss..L_MergedGlobals)
    u8LCDsendingflag                         0x2000008e   Data           1  lcdfunc.o(.bss..L_MergedGlobals)
    u8LCDstate                               0x2000008f   Data           1  lcdfunc.o(.bss..L_MergedGlobals)
    u8LCDresettick                           0x20000090   Data           1  lcdfunc.o(.bss..L_MergedGlobals)
    u8doubleflag                             0x20000091   Data           1  lcdfunc.o(.bss..L_MergedGlobals)
    u8LCDpicnum                              0x20000092   Data           1  lcdfunc.o(.bss..L_MergedGlobals)
    u8LCDpicnumnext                          0x20000093   Data           1  lcdfunc.o(.bss..L_MergedGlobals)
    u8LCDchangeBGflag                        0x20000094   Data           1  lcdfunc.o(.bss..L_MergedGlobals)
    u8LCDdipsize                             0x20000098   Data           4  lcdfunc.o(.bss..L_MergedGlobals)
    u16tmpdata                               0x2000009c   Data           8  lcdfunc.o(.bss..L_MergedGlobals)
    u16tmpBdata                              0x200000a4   Data           8  lcdfunc.o(.bss..L_MergedGlobals)
    u16tmpGdata                              0x200000ac   Data           8  lcdfunc.o(.bss..L_MergedGlobals)
    u16tmpRdata                              0x200000b4   Data           8  lcdfunc.o(.bss..L_MergedGlobals)
    u8LCDbuff                                0x200000bc   Data       115200  lcdfunc.o(.bss.u8LCDbuff)



==============================================================================

Memory Map of the image

  Image Entry point : 0x08000199

  Load Region LR_IROM1 (Base: 0x08000000, Size: 0x0001da68, Max: 0x00040000, ABSOLUTE)

    Execution Region ER_IROM1 (Exec base: 0x08000000, Load base: 0x08000000, Size: 0x0001da68, Max: 0x00040000, ABSOLUTE)

    Exec Addr    Load Addr    Size         Type   Attr      Idx    E Section Name        Object

    0x08000000   0x08000000   0x00000198   Data   RO            3    RESET               startup_n32g45x.o
    0x08000198   0x08000198   0x00000008   Code   RO         2030  * !!!main             c_w.l(__main.o)
    0x080001a0   0x080001a0   0x00000034   Code   RO         2195    !!!scatter          c_w.l(__scatter.o)
    0x080001d4   0x080001d4   0x0000001c   Code   RO         2197    !!handler_zi        c_w.l(__scatter_zi.o)
    0x080001f0   0x080001f0   0x00000002   Code   RO         2057    .ARM.Collect$$libinit$$00000000  c_w.l(libinit.o)
    0x080001f2   0x080001f2   0x00000004   Code   RO         2063    .ARM.Collect$$libinit$$00000001  c_w.l(libinit2.o)
    0x080001f6   0x080001f6   0x00000000   Code   RO         2066    .ARM.Collect$$libinit$$00000004  c_w.l(libinit2.o)
    0x080001f6   0x080001f6   0x00000000   Code   RO         2068    .ARM.Collect$$libinit$$00000006  c_w.l(libinit2.o)
    0x080001f6   0x080001f6   0x00000000   Code   RO         2071    .ARM.Collect$$libinit$$0000000C  c_w.l(libinit2.o)
    0x080001f6   0x080001f6   0x00000000   Code   RO         2073    .ARM.Collect$$libinit$$0000000E  c_w.l(libinit2.o)
    0x080001f6   0x080001f6   0x00000000   Code   RO         2075    .ARM.Collect$$libinit$$00000010  c_w.l(libinit2.o)
    0x080001f6   0x080001f6   0x00000000   Code   RO         2078    .ARM.Collect$$libinit$$00000013  c_w.l(libinit2.o)
    0x080001f6   0x080001f6   0x00000000   Code   RO         2080    .ARM.Collect$$libinit$$00000015  c_w.l(libinit2.o)
    0x080001f6   0x080001f6   0x00000000   Code   RO         2082    .ARM.Collect$$libinit$$00000017  c_w.l(libinit2.o)
    0x080001f6   0x080001f6   0x00000000   Code   RO         2084    .ARM.Collect$$libinit$$00000019  c_w.l(libinit2.o)
    0x080001f6   0x080001f6   0x00000000   Code   RO         2086    .ARM.Collect$$libinit$$0000001B  c_w.l(libinit2.o)
    0x080001f6   0x080001f6   0x00000000   Code   RO         2088    .ARM.Collect$$libinit$$0000001D  c_w.l(libinit2.o)
    0x080001f6   0x080001f6   0x00000000   Code   RO         2090    .ARM.Collect$$libinit$$0000001F  c_w.l(libinit2.o)
    0x080001f6   0x080001f6   0x00000000   Code   RO         2092    .ARM.Collect$$libinit$$00000021  c_w.l(libinit2.o)
    0x080001f6   0x080001f6   0x00000000   Code   RO         2094    .ARM.Collect$$libinit$$00000023  c_w.l(libinit2.o)
    0x080001f6   0x080001f6   0x00000000   Code   RO         2096    .ARM.Collect$$libinit$$00000025  c_w.l(libinit2.o)
    0x080001f6   0x080001f6   0x00000000   Code   RO         2098    .ARM.Collect$$libinit$$00000027  c_w.l(libinit2.o)
    0x080001f6   0x080001f6   0x00000000   Code   RO         2102    .ARM.Collect$$libinit$$0000002E  c_w.l(libinit2.o)
    0x080001f6   0x080001f6   0x00000000   Code   RO         2104    .ARM.Collect$$libinit$$00000030  c_w.l(libinit2.o)
    0x080001f6   0x080001f6   0x00000000   Code   RO         2106    .ARM.Collect$$libinit$$00000032  c_w.l(libinit2.o)
    0x080001f6   0x080001f6   0x00000000   Code   RO         2108    .ARM.Collect$$libinit$$00000034  c_w.l(libinit2.o)
    0x080001f6   0x080001f6   0x00000002   Code   RO         2109    .ARM.Collect$$libinit$$00000035  c_w.l(libinit2.o)
    0x080001f8   0x080001f8   0x00000002   Code   RO         2131    .ARM.Collect$$libshutdown$$00000000  c_w.l(libshutdown.o)
    0x080001fa   0x080001fa   0x00000000   Code   RO         2146    .ARM.Collect$$libshutdown$$00000002  c_w.l(libshutdown2.o)
    0x080001fa   0x080001fa   0x00000000   Code   RO         2148    .ARM.Collect$$libshutdown$$00000004  c_w.l(libshutdown2.o)
    0x080001fa   0x080001fa   0x00000000   Code   RO         2151    .ARM.Collect$$libshutdown$$00000007  c_w.l(libshutdown2.o)
    0x080001fa   0x080001fa   0x00000000   Code   RO         2154    .ARM.Collect$$libshutdown$$0000000A  c_w.l(libshutdown2.o)
    0x080001fa   0x080001fa   0x00000000   Code   RO         2156    .ARM.Collect$$libshutdown$$0000000C  c_w.l(libshutdown2.o)
    0x080001fa   0x080001fa   0x00000000   Code   RO         2159    .ARM.Collect$$libshutdown$$0000000F  c_w.l(libshutdown2.o)
    0x080001fa   0x080001fa   0x00000002   Code   RO         2160    .ARM.Collect$$libshutdown$$00000010  c_w.l(libshutdown2.o)
    0x080001fc   0x080001fc   0x00000000   Code   RO         2032    .ARM.Collect$$rtentry$$00000000  c_w.l(__rtentry.o)
    0x080001fc   0x080001fc   0x00000000   Code   RO         2034    .ARM.Collect$$rtentry$$00000002  c_w.l(__rtentry2.o)
    0x080001fc   0x080001fc   0x00000006   Code   RO         2046    .ARM.Collect$$rtentry$$00000004  c_w.l(__rtentry4.o)
    0x08000202   0x08000202   0x00000000   Code   RO         2036    .ARM.Collect$$rtentry$$00000009  c_w.l(__rtentry2.o)
    0x08000202   0x08000202   0x00000004   Code   RO         2037    .ARM.Collect$$rtentry$$0000000A  c_w.l(__rtentry2.o)
    0x08000206   0x08000206   0x00000000   Code   RO         2039    .ARM.Collect$$rtentry$$0000000C  c_w.l(__rtentry2.o)
    0x08000206   0x08000206   0x00000008   Code   RO         2040    .ARM.Collect$$rtentry$$0000000D  c_w.l(__rtentry2.o)
    0x0800020e   0x0800020e   0x00000002   Code   RO         2061    .ARM.Collect$$rtexit$$00000000  c_w.l(rtexit.o)
    0x08000210   0x08000210   0x00000000   Code   RO         2111    .ARM.Collect$$rtexit$$00000002  c_w.l(rtexit2.o)
    0x08000210   0x08000210   0x00000004   Code   RO         2112    .ARM.Collect$$rtexit$$00000003  c_w.l(rtexit2.o)
    0x08000214   0x08000214   0x00000006   Code   RO         2113    .ARM.Collect$$rtexit$$00000004  c_w.l(rtexit2.o)
    0x0800021a   0x0800021a   0x00000002   PAD
    0x0800021c   0x0800021c   0x00000040   Code   RO            4    .text               startup_n32g45x.o
    0x0800025c   0x0800025c   0x0000004e   Code   RO         2026    .text               c_w.l(rt_memclr_w.o)
    0x080002aa   0x080002aa   0x00000006   Code   RO         2028    .text               c_w.l(heapauxi.o)
    0x080002b0   0x080002b0   0x0000004a   Code   RO         2048    .text               c_w.l(sys_stackheap_outer.o)
    0x080002fa   0x080002fa   0x00000012   Code   RO         2050    .text               c_w.l(exit.o)
    0x0800030c   0x0800030c   0x00000008   Code   RO         2058    .text               c_w.l(libspace.o)
    0x08000314   0x08000314   0x0000000c   Code   RO         2121    .text               c_w.l(sys_exit.o)
    0x08000320   0x08000320   0x00000002   Code   RO         2136    .text               c_w.l(use_no_semi.o)
    0x08000322   0x08000322   0x00000000   Code   RO         2138    .text               c_w.l(indicate_semi.o)
    0x08000322   0x08000322   0x00000004   Code   RO         1848    .text.BspIsIwdogReset  bsp_iwdog.o
    0x08000326   0x08000326   0x00000002   Code   RO         1844    .text.BspIwdogInit  bsp_iwdog.o
    0x08000328   0x08000328   0x0000005c   Code   RO         1815    .text.BspMemDmaInit  bsp_dma.o
    0x08000384   0x08000384   0x0000004c   Code   RO         1857    .text.BspPvdInit    bsp_pvd.o
    0x080003d0   0x080003d0   0x0000003c   Code   RO         1759    .text.Bsp_Usart_Config  bsp_usart.o
    0x0800040c   0x0800040c   0x0000000e   Code   RO         1763    .text.Bsp_Usart_Init  bsp_usart.o
    0x0800041a   0x0800041a   0x00000002   PAD
    0x0800041c   0x0800041c   0x00000078   Code   RO         1989    .text.CLKinit       config.o
    0x08000494   0x08000494   0x00000002   Code   RO         1825    .text.DMA1_Channel2_IRQHandler  bsp_dma.o
    0x08000496   0x08000496   0x00000002   PAD
    0x08000498   0x08000498   0x00000084   Code   RO         1827    .text.DMA1_Channel3_IRQHandler  bsp_dma.o
    0x0800051c   0x0800051c   0x00000002   Code   RO         1829    .text.DMA1_Channel4_IRQHandler  bsp_dma.o
    0x0800051e   0x0800051e   0x00000002   Code   RO         1831    .text.DMA1_Channel5_IRQHandler  bsp_dma.o
    0x08000520   0x08000520   0x00000038   Code   RO         1823    .text.DMA2_Channel1_IRQHandler  bsp_dma.o
    0x08000558   0x08000558   0x00000004   Code   RO          385    .text.DMA_ClearFlag  n32g45x_dma.o
    0x0800055c   0x0800055c   0x00000004   Code   RO          389    .text.DMA_ClrIntPendingBit  n32g45x_dma.o
    0x08000560   0x08000560   0x00000010   Code   RO          377    .text.DMA_ConfigInt  n32g45x_dma.o
    0x08000570   0x08000570   0x0000010c   Code   RO          369    .text.DMA_DeInit    n32g45x_dma.o
    0x0800067c   0x0800067c   0x00000018   Code   RO          375    .text.DMA_EnableChannel  n32g45x_dma.o
    0x08000694   0x08000694   0x00000046   Code   RO          371    .text.DMA_Init      n32g45x_dma.o
    0x080006da   0x080006da   0x00000002   PAD
    0x080006dc   0x080006dc   0x0000005c   Code   RO         1813    .text.DMA_LCD_Init  bsp_dma.o
    0x08000738   0x08000738   0x0000000c   Code   RO          654    .text.EXTI_ClrITPendBit  n32g45x_exti.o
    0x08000744   0x08000744   0x00000060   Code   RO          642    .text.EXTI_InitPeripheral  n32g45x_exti.o
    0x080007a4   0x080007a4   0x0000000c   Code   RO         1934    .text.FlashAccessValueinit  flash_access.o
    0x080007b0   0x080007b0   0x00000058   Code   RO         1936    .text.FlashAccessfunc  flash_access.o
    0x08000808   0x08000808   0x000000c4   Code   RO          742    .text.GPIO_InitPeripheral  n32g45x_gpio.o
    0x080008cc   0x080008cc   0x00000004   Code   RO          758    .text.GPIO_ResetBits  n32g45x_gpio.o
    0x080008d0   0x080008d0   0x00000004   Code   RO          754    .text.GPIO_SetBits  n32g45x_gpio.o
    0x080008d4   0x080008d4   0x00000028   Code   RO         1883    .text.LCD_SendByte  spi_lcd.o
    0x080008fc   0x080008fc   0x00000038   Code   RO         1885    .text.LCD_SenndMoreSequence  spi_lcd.o
    0x08000934   0x08000934   0x0000002c   Code   RO         1966    .text.LCD_fresh     lcdfunc.o
    0x08000960   0x08000960   0x000000c4   Code   RO         1970    .text.LCDinit       lcdfunc.o
    0x08000a24   0x08000a24   0x0000000c   Code   RO         1974    .text.LCDreset      lcdfunc.o
    0x08000a30   0x08000a30   0x00000024   Code   RO         1964    .text.LCDvalueinit  lcdfunc.o
    0x08000a54   0x08000a54   0x00000014   Code   RO         1761    .text.NVIC_Configuration  bsp_usart.o
    0x08000a68   0x08000a68   0x00000054   Code   RO           27    .text.NVIC_Init     misc.o
    0x08000abc   0x08000abc   0x00000006   Code   RO         1086    .text.OUTLINED_FUNCTION_0  n32g45x_rcc.o
    0x08000ac2   0x08000ac2   0x0000000a   Code   RO         1833    .text.OUTLINED_FUNCTION_0  bsp_dma.o
    0x08000acc   0x08000acc   0x0000000a   Code   RO         1872    .text.OUTLINED_FUNCTION_0  bsp_gpio.o
    0x08000ad6   0x08000ad6   0x00000008   Code   RO         1891    .text.OUTLINED_FUNCTION_0  spi_lcd.o
    0x08000ade   0x08000ade   0x0000000a   Code   RO         1919    .text.OUTLINED_FUNCTION_0  spi_flash.o
    0x08000ae8   0x08000ae8   0x00000006   Code   RO         1954    .text.OUTLINED_FUNCTION_0  lcd_driver.o
    0x08000aee   0x08000aee   0x0000000a   Code   RO         1874    .text.OUTLINED_FUNCTION_1  bsp_gpio.o
    0x08000af8   0x08000af8   0x00000008   Code   RO         1893    .text.OUTLINED_FUNCTION_1  spi_lcd.o
    0x08000b00   0x08000b00   0x0000000e   Code   RO         1921    .text.OUTLINED_FUNCTION_1  spi_flash.o
    0x08000b0e   0x08000b0e   0x0000000a   Code   RO         1551    .text.OUTLINED_FUNCTION_10  n32g45x_tim.o
    0x08000b18   0x08000b18   0x00000006   Code   RO         1923    .text.OUTLINED_FUNCTION_2  spi_flash.o
    0x08000b1e   0x08000b1e   0x00000004   Code   RO         1859    .text.PVD_IRQHandler  bsp_pvd.o
    0x08000b22   0x08000b22   0x00000002   PAD
    0x08000b24   0x08000b24   0x0000000c   Code   RO          918    .text.PWR_PvdEnable  n32g45x_pwr.o
    0x08000b30   0x08000b30   0x00000014   Code   RO          920    .text.PWR_PvdRangeConfig  n32g45x_pwr.o
    0x08000b44   0x08000b44   0x0000000c   Code   RO         1026    .text.RCC_ConfigPclk1  n32g45x_rcc.o
    0x08000b50   0x08000b50   0x00000010   Code   RO         1034    .text.RCC_ConfigTim18Clk  n32g45x_rcc.o
    0x08000b60   0x08000b60   0x00000018   Code   RO         1058    .text.RCC_EnableAHBPeriphClk  n32g45x_rcc.o
    0x08000b78   0x08000b78   0x00000018   Code   RO         1062    .text.RCC_EnableAPB1PeriphClk  n32g45x_rcc.o
    0x08000b90   0x08000b90   0x00000018   Code   RO         1060    .text.RCC_EnableAPB2PeriphClk  n32g45x_rcc.o
    0x08000ba8   0x08000ba8   0x000000cc   Code   RO         1056    .text.RCC_GetClocksFreqValue  n32g45x_rcc.o
    0x08000c74   0x08000c74   0x00000010   Code   RO         1289    .text.SPI_ConfigDataLen  n32g45x_spi.o
    0x08000c84   0x08000c84   0x00000014   Code   RO         1273    .text.SPI_Enable    n32g45x_spi.o
    0x08000c98   0x08000c98   0x00000014   Code   RO         1293    .text.SPI_EnableCalculateCrc  n32g45x_spi.o
    0x08000cac   0x08000cac   0x00000010   Code   RO         1279    .text.SPI_I2S_EnableDma  n32g45x_spi.o
    0x08000cbc   0x08000cbc   0x0000000a   Code   RO         1301    .text.SPI_I2S_GetStatus  n32g45x_spi.o
    0x08000cc6   0x08000cc6   0x00000004   Code   RO         1283    .text.SPI_I2S_ReceiveData  n32g45x_spi.o
    0x08000cca   0x08000cca   0x00000004   Code   RO         1281    .text.SPI_I2S_TransmitData  n32g45x_spi.o
    0x08000cce   0x08000cce   0x00000036   Code   RO         1265    .text.SPI_Init      n32g45x_spi.o
    0x08000d04   0x08000d04   0x00000118   Code   RO           11    .text.SystemInit    system_n32g45x.o
    0x08000e1c   0x08000e1c   0x00000034   Code   RO         1741    .text.TIM2_IRQHandler  bsp_time.o
    0x08000e50   0x08000e50   0x00000004   Code   RO         1529    .text.TIM_ClrIntPendingBit  n32g45x_tim.o
    0x08000e54   0x08000e54   0x00000010   Code   RO         1363    .text.TIM_ConfigInt  n32g45x_tim.o
    0x08000e64   0x08000e64   0x00000006   Code   RO         1385    .text.TIM_ConfigPrescaler  n32g45x_tim.o
    0x08000e6a   0x08000e6a   0x00000010   Code   RO         1359    .text.TIM_Enable    n32g45x_tim.o
    0x08000e7a   0x08000e7a   0x00000018   Code   RO         1361    .text.TIM_EnableCtrlPwmOutputs  n32g45x_tim.o
    0x08000e92   0x08000e92   0x00000014   Code   RO         1527    .text.TIM_GetIntStatus  n32g45x_tim.o
    0x08000ea6   0x08000ea6   0x00000002   PAD
    0x08000ea8   0x08000ea8   0x0000005c   Code   RO         1321    .text.TIM_InitOc1   n32g45x_tim.o
    0x08000f04   0x08000f04   0x00000148   Code   RO         1319    .text.TIM_InitTimeBase  n32g45x_tim.o
    0x0800104c   0x0800104c   0x00000004   Code   RO         1489    .text.TIM_SetCmp1   n32g45x_tim.o
    0x08001050   0x08001050   0x000000c4   Code   RO         1772    .text.USART3_IRQHandler  bsp_interrupt.o
    0x08001114   0x08001114   0x00000006   Code   RO         1641    .text.USART_ClrFlag  n32g45x_usart.o
    0x0800111a   0x0800111a   0x0000000e   Code   RO         1645    .text.USART_ClrIntPendingBit  n32g45x_usart.o
    0x08001128   0x08001128   0x0000002c   Code   RO         1605    .text.USART_ConfigInt  n32g45x_usart.o
    0x08001154   0x08001154   0x00000014   Code   RO         1603    .text.USART_Enable  n32g45x_usart.o
    0x08001168   0x08001168   0x0000000a   Code   RO         1639    .text.USART_GetFlagStatus  n32g45x_usart.o
    0x08001172   0x08001172   0x00000002   PAD
    0x08001174   0x08001174   0x0000009c   Code   RO         1595    .text.USART_Init    n32g45x_usart.o
    0x08001210   0x08001210   0x00000008   Code   RO         1621    .text.USART_ReceiveData  n32g45x_usart.o
    0x08001218   0x08001218   0x00000024   Code   RO         1861    .text.__NVIC_SystemReset  bsp_pvd.o
    0x0800123c   0x0800123c   0x00000022   Code   RO         1987    .text.bspinit       config.o
    0x0800125e   0x0800125e   0x0000000e   Code   RO         1811    .text.dmaXinit      bsp_dma.o
    0x0800126c   0x0800126c   0x000001f8   Code   RO         1968    .text.funcLCD       lcdfunc.o
    0x08001464   0x08001464   0x000000b4   Code   RO         1870    .text.gpioinit      bsp_gpio.o
    0x08001518   0x08001518   0x00000048   Code   RO         1972    .text.lcd_set_zahyo  lcdfunc.o
    0x08001560   0x08001560   0x00000028   Code   RO         1948    .text.lcd_write_data  lcd_driver.o
    0x08001588   0x08001588   0x00000030   Code   RO         1946    .text.lcd_write_index  lcd_driver.o
    0x080015b8   0x080015b8   0x0000004c   Code   RO         1952    .text.lcd_write_index_with_data  lcd_driver.o
    0x08001604   0x08001604   0x0000002c   Code   RO         1998    .text.main          main.o
    0x08001630   0x08001630   0x00000040   Code   RO         1903    .text.sFLASH_ReadBuffer  spi_flash.o
    0x08001670   0x08001670   0x00000006   Code   RO         1911    .text.sFLASH_ReadByte  spi_flash.o
    0x08001676   0x08001676   0x00000002   PAD
    0x08001678   0x08001678   0x0000003c   Code   RO         1909    .text.sFLASH_ReadID  spi_flash.o
    0x080016b4   0x080016b4   0x0000003c   Code   RO         1905    .text.sFLASH_SendByte  spi_flash.o
    0x080016f0   0x080016f0   0x0000007c   Code   RO         1751    .text.spixinit      bsp_spix.o
    0x0800176c   0x0800176c   0x00000060   Code   RO         1737    .text.tim1PWMinit   bsp_time.o
    0x080017cc   0x080017cc   0x00000054   Code   RO         1739    .text.tim2base      bsp_time.o
    0x08001820   0x08001820   0x0000000e   Code   RO         1735    .text.timerXinit    bsp_time.o
    0x0800182e   0x0800182e   0x0000001a   Code   RO         2119    x$fpl$fpinit        fz_wm.l(fpinit.o)
    0x08001848   0x08001848   0x00000010   Data   RO         1088    .rodata.cst16       n32g45x_rcc.o
    0x08001858   0x08001858   0x0001c200   Data   RO         2019    .rodata.gImage_3    image3.o
    0x0801da58   0x0801da58   0x00000010   Data   RO         2194    Region$$Table       anon$$obj.o


    Execution Region RW_IRAM1 (Exec base: 0x20000000, Load base: 0x0801da68, Size: 0x000206c0, Max: 0x00024000, ABSOLUTE)

    Exec Addr    Load Addr    Size         Type   Attr      Idx    E Section Name        Object

    0x20000000        -       0x00000060   Zero   RW         2059    .bss                c_w.l(libspace.o)
    0x20000060        -       0x00000004   Zero   RW         1743    .bss..L_MergedGlobals  bsp_time.o
    0x20000064        -       0x00000017   Zero   RW         1774    .bss..L_MergedGlobals  bsp_interrupt.o
    0x2000007b   0x0801da68   0x00000001   PAD
    0x2000007c        -       0x00000008   Zero   RW         1835    .bss..L_MergedGlobals  bsp_dma.o
    0x20000084        -       0x00000008   Zero   RW         1938    .bss..L_MergedGlobals  flash_access.o
    0x2000008c        -       0x00000030   Zero   RW         1978    .bss..L_MergedGlobals  lcdfunc.o
    0x200000bc        -       0x0001c200   Zero   RW         1976    .bss.u8LCDbuff      lcdfunc.o
    0x2001c2bc   0x0801da68   0x00000004   PAD
    0x2001c2c0        -       0x00004000   Zero   RW            2    HEAP                startup_n32g45x.o
    0x200202c0        -       0x00000400   Zero   RW            1    STACK               startup_n32g45x.o


==============================================================================

Image component sizes


      Code (inc. data)   RO Data    RW Data    ZI Data      Debug   Object Name

       402         40          0          0          8       6273   bsp_dma.o
       200          8          0          0          0       1674   bsp_gpio.o
       196         12          0          0         23       1635   bsp_interrupt.o
         6          0          0          0          0        598   bsp_iwdog.o
       116         12          0          0          0       4203   bsp_pvd.o
       124         12          0          0          0       1485   bsp_spix.o
       246         24          0          0          4       5063   bsp_time.o
        94          8          0          0          0       3729   bsp_usart.o
       154          8          0          0          0        780   config.o
       100         20          0          0          8        707   flash_access.o
         0          0     115200          0          0        377   image3.o
       170          8          0          0          0       1993   lcd_driver.o
       864         92          0          0     115248       4869   lcdfunc.o
        44          4          0          0          0        365   main.o
        84          8          0          0          0       3394   misc.o
       386         64          0          0          0       4326   n32g45x_dma.o
       108          8          0          0          0       3020   n32g45x_exti.o
       204          0          0          0          0       6857   n32g45x_gpio.o
        32          8          0          0          0       3681   n32g45x_pwr.o
       310         80         16          0          0      10799   n32g45x_rcc.o
       144          0          0          0          0       7318   n32g45x_spi.o
       520         24          0          0          0      30018   n32g45x_tim.o
       258         16          0          0          0       8430   n32g45x_usart.o
       220         12          0          0          0       4405   spi_flash.o
       112          4          0          0          0       2316   spi_lcd.o
        64         26        408          0      17408        828   startup_n32g45x.o
       280         32          0          0          0       2827   system_n32g45x.o

    ----------------------------------------------------------------------
      5452        530     115640          0     132704     121970   Object Totals
         0          0         16          0          0          0   (incl. Generated)
        14          0          0          0          5          0   (incl. Padding)

    ----------------------------------------------------------------------

      Code (inc. data)   RO Data    RW Data    ZI Data      Debug   Library Member Name

         8          0          0          0          0         68   __main.o
         0          0          0          0          0          0   __rtentry.o
        12          0          0          0          0          0   __rtentry2.o
         6          0          0          0          0          0   __rtentry4.o
        52          8          0          0          0          0   __scatter.o
        28          0          0          0          0          0   __scatter_zi.o
        18          0          0          0          0         80   exit.o
         6          0          0          0          0        152   heapauxi.o
         0          0          0          0          0          0   indicate_semi.o
         2          0          0          0          0          0   libinit.o
         6          0          0          0          0          0   libinit2.o
         2          0          0          0          0          0   libshutdown.o
         2          0          0          0          0          0   libshutdown2.o
         8          4          0          0         96         68   libspace.o
        78          0          0          0          0         80   rt_memclr_w.o
         2          0          0          0          0          0   rtexit.o
        10          0          0          0          0          0   rtexit2.o
        12          4          0          0          0         68   sys_exit.o
        74          0          0          0          0         80   sys_stackheap_outer.o
         2          0          0          0          0         68   use_no_semi.o
        26          0          0          0          0        116   fpinit.o

    ----------------------------------------------------------------------
       356         16          0          0         96        780   Library Totals
         2          0          0          0          0          0   (incl. Padding)

    ----------------------------------------------------------------------

      Code (inc. data)   RO Data    RW Data    ZI Data      Debug   Library Name

       328         16          0          0         96        664   c_w.l
        26          0          0          0          0        116   fz_wm.l

    ----------------------------------------------------------------------
       356         16          0          0         96        780   Library Totals

    ----------------------------------------------------------------------

==============================================================================


      Code (inc. data)   RO Data    RW Data    ZI Data      Debug   

      5808        546     115640          0     132800     121994   Grand Totals
      5808        546     115640          0     132800     121994   ELF Image Totals
      5808        546     115640          0          0          0   ROM Totals

==============================================================================

    Total RO  Size (Code + RO Data)               121448 ( 118.60kB)
    Total RW  Size (RW Data + ZI Data)            132800 ( 129.69kB)
    Total ROM Size (Code + RO Data + RW Data)     121448 ( 118.60kB)

==============================================================================

