Component: ARM Compiler 5.06 update 6 (build 750) Tool: armlink [4d35ed]

==============================================================================

Image Symbol Table

    Local Symbols

    Symbol Name                              Value     Ov Type        Size  Object(Section)

    ../clib/angel/boardlib.s                 0x00000000   Number         0  boardinit3.o ABSOLUTE
    ../clib/angel/boardlib.s                 0x00000000   Number         0  boardinit2.o ABSOLUTE
    ../clib/angel/boardlib.s                 0x00000000   Number         0  boardshut.o ABSOLUTE
    ../clib/angel/boardlib.s                 0x00000000   Number         0  boardinit1.o ABSOLUTE
    ../clib/angel/handlers.s                 0x00000000   Number         0  __scatter_copy.o ABSOLUTE
    ../clib/angel/handlers.s                 0x00000000   Number         0  __scatter_zi.o ABSOLUTE
    ../clib/angel/kernel.s                   0x00000000   Number         0  __rtentry.o ABSOLUTE
    ../clib/angel/kernel.s                   0x00000000   Number         0  __rtentry4.o ABSOLUTE
    ../clib/angel/kernel.s                   0x00000000   Number         0  __rtentry2.o ABSOLUTE
    ../clib/angel/kernel.s                   0x00000000   Number         0  rtexit2.o ABSOLUTE
    ../clib/angel/kernel.s                   0x00000000   Number         0  rtexit.o ABSOLUTE
    ../clib/angel/rt.s                       0x00000000   Number         0  aeabi_idiv0.o ABSOLUTE
    ../clib/angel/rt.s                       0x00000000   Number         0  aeabi_idiv0_sigfpe.o ABSOLUTE
    ../clib/angel/rt.s                       0x00000000   Number         0  aeabi_ldiv0.o ABSOLUTE
    ../clib/angel/rt.s                       0x00000000   Number         0  rt_div0.o ABSOLUTE
    ../clib/angel/rt.s                       0x00000000   Number         0  aeabi_ldiv0_sigfpe.o ABSOLUTE
    ../clib/angel/rt.s                       0x00000000   Number         0  rt_raise.o ABSOLUTE
    ../clib/angel/scatterp.s                 0x00000000   Number         0  __scatter.o ABSOLUTE
    ../clib/angel/startup.s                  0x00000000   Number         0  __main.o ABSOLUTE
    ../clib/angel/sys.s                      0x00000000   Number         0  libspace.o ABSOLUTE
    ../clib/angel/sys.s                      0x00000000   Number         0  sys_stackheap_outer.o ABSOLUTE
    ../clib/angel/sys.s                      0x00000000   Number         0  tempstk.o ABSOLUTE
    ../clib/angel/sys.s                      0x00000000   Number         0  use_no_semi.o ABSOLUTE
    ../clib/angel/sys.s                      0x00000000   Number         0  indicate_semi.o ABSOLUTE
    ../clib/angel/sysapp.c                   0x00000000   Number         0  sys_command.o ABSOLUTE
    ../clib/angel/sysapp.c                   0x00000000   Number         0  sys_wrch.o ABSOLUTE
    ../clib/angel/sysapp.c                   0x00000000   Number         0  sys_exit.o ABSOLUTE
    ../clib/armsys.c                         0x00000000   Number         0  no_argv.o ABSOLUTE
    ../clib/armsys.c                         0x00000000   Number         0  _get_argv_nomalloc.o ABSOLUTE
    ../clib/armsys.c                         0x00000000   Number         0  argv_veneer.o ABSOLUTE
    ../clib/division.c                       0x00000000   Number         0  llsdiv.o ABSOLUTE
    ../clib/division.c                       0x00000000   Number         0  lludiv.o ABSOLUTE
    ../clib/division.s                       0x00000000   Number         0  aeabi_sdiv.o ABSOLUTE
    ../clib/division.s                       0x00000000   Number         0  aeabi_sdiv_div0.o ABSOLUTE
    ../clib/heapalloc.c                      0x00000000   Number         0  hrguard.o ABSOLUTE
    ../clib/heapaux.c                        0x00000000   Number         0  heapauxi.o ABSOLUTE
    ../clib/libinit.s                        0x00000000   Number         0  libinit.o ABSOLUTE
    ../clib/libinit.s                        0x00000000   Number         0  libshutdown.o ABSOLUTE
    ../clib/libinit.s                        0x00000000   Number         0  libshutdown2.o ABSOLUTE
    ../clib/libinit.s                        0x00000000   Number         0  libinit2.o ABSOLUTE
    ../clib/memcpset.c                       0x00000000   Number         0  rt_memclr.o ABSOLUTE
    ../clib/signal.c                         0x00000000   Number         0  defsig_rtmem_formal.o ABSOLUTE
    ../clib/signal.c                         0x00000000   Number         0  defsig_stak_inner.o ABSOLUTE
    ../clib/signal.c                         0x00000000   Number         0  defsig_cppl_inner.o ABSOLUTE
    ../clib/signal.c                         0x00000000   Number         0  defsig_abrt_inner.o ABSOLUTE
    ../clib/signal.c                         0x00000000   Number         0  defsig_rtred_inner.o ABSOLUTE
    ../clib/signal.c                         0x00000000   Number         0  defsig_rtmem_inner.o ABSOLUTE
    ../clib/signal.c                         0x00000000   Number         0  defsig_other.o ABSOLUTE
    ../clib/signal.c                         0x00000000   Number         0  defsig_fpe_outer.o ABSOLUTE
    ../clib/signal.c                         0x00000000   Number         0  defsig_rtmem_outer.o ABSOLUTE
    ../clib/signal.c                         0x00000000   Number         0  defsig_exit.o ABSOLUTE
    ../clib/signal.c                         0x00000000   Number         0  defsig_segv_inner.o ABSOLUTE
    ../clib/signal.c                         0x00000000   Number         0  defsig_fpe_formal.o ABSOLUTE
    ../clib/signal.c                         0x00000000   Number         0  defsig_fpe_inner.o ABSOLUTE
    ../clib/signal.c                         0x00000000   Number         0  defsig_pvfn_inner.o ABSOLUTE
    ../clib/signal.c                         0x00000000   Number         0  defsig_general.o ABSOLUTE
    ../clib/signal.c                         0x00000000   Number         0  __raise.o ABSOLUTE
    ../clib/signal.s                         0x00000000   Number         0  defsig.o ABSOLUTE
    ../clib/stdlib.c                         0x00000000   Number         0  exit.o ABSOLUTE
    ../fplib/cfplib/daddsub.c                0x00000000   Number         0  daddsub.o ABSOLUTE
    ../fplib/cfplib/ddiv.c                   0x00000000   Number         0  ddiv.o ABSOLUTE
    ../fplib/cfplib/dmul.c                   0x00000000   Number         0  dmul.o ABSOLUTE
    ../fplib/cfplib/f2d.c                    0x00000000   Number         0  f2d.o ABSOLUTE
    ../fplib/cfplib/fdiv.c                   0x00000000   Number         0  fdiv.o ABSOLUTE
    ../fplib/cfplib/ffix.c                   0x00000000   Number         0  dfixi.o ABSOLUTE
    ../fplib/cfplib/ffix.c                   0x00000000   Number         0  dfixui.o ABSOLUTE
    ../fplib/cfplib/fflt.c                   0x00000000   Number         0  dflti.o ABSOLUTE
    ../fplib/cfplib/fflt.c                   0x00000000   Number         0  fflti.o ABSOLUTE
    ../fplib/cfplib/fpinit.c                 0x00000000   Number         0  fpinit.o ABSOLUTE
    ../fplib/cfplib/scalbn.c                 0x00000000   Number         0  dscalbn.o ABSOLUTE
    ../fplib/usenofp.s                       0x00000000   Number         0  usenofp.o ABSOLUTE
    _0sys\\interrupt.c                       0x00000000   Number         0  interrupt.o ABSOLUTE
    _0sys\\system_es32f0283.c                0x00000000   Number         0  system_es32f0283.o ABSOLUTE
    _0sys\interrupt.c                        0x00000000   Number         0  interrupt.o ABSOLUTE
    _0sys\startup_es32f0283.s                0x00000000   Number         0  startup_es32f0283.o ABSOLUTE
    _0sys\system_es32f0283.c                 0x00000000   Number         0  system_es32f0283.o ABSOLUTE
    _1library\LIB_MD\Source\md_adc.c         0x00000000   Number         0  md_adc.o ABSOLUTE
    _1library\LIB_MD\Source\md_dma.c         0x00000000   Number         0  md_dma.o ABSOLUTE
    _1library\LIB_MD\Source\md_fc.c          0x00000000   Number         0  md_fc.o ABSOLUTE
    _1library\LIB_MD\Source\md_gpio.c        0x00000000   Number         0  md_gpio.o ABSOLUTE
    _1library\LIB_MD\Source\md_rcu.c         0x00000000   Number         0  md_rcu.o ABSOLUTE
    _1library\LIB_MD\Source\md_tick.c        0x00000000   Number         0  md_tick.o ABSOLUTE
    _1library\LIB_MD\Source\md_uart.c        0x00000000   Number         0  md_uart.o ABSOLUTE
    _1library\LIB_MD\Source\md_wwdt.c        0x00000000   Number         0  md_wwdt.o ABSOLUTE
    _1library\\LIB_MD\\Source\\md_adc.c      0x00000000   Number         0  md_adc.o ABSOLUTE
    _1library\\LIB_MD\\Source\\md_dma.c      0x00000000   Number         0  md_dma.o ABSOLUTE
    _1library\\LIB_MD\\Source\\md_fc.c       0x00000000   Number         0  md_fc.o ABSOLUTE
    _1library\\LIB_MD\\Source\\md_gpio.c     0x00000000   Number         0  md_gpio.o ABSOLUTE
    _1library\\LIB_MD\\Source\\md_rcu.c      0x00000000   Number         0  md_rcu.o ABSOLUTE
    _1library\\LIB_MD\\Source\\md_tick.c     0x00000000   Number         0  md_tick.o ABSOLUTE
    _1library\\LIB_MD\\Source\\md_uart.c     0x00000000   Number         0  md_uart.o ABSOLUTE
    _1library\\LIB_MD\\Source\\md_wwdt.c     0x00000000   Number         0  md_wwdt.o ABSOLUTE
    _2bsp\Bat.c                              0x00000000   Number         0  bat.o ABSOLUTE
    _2bsp\\flashx.c                          0x00000000   Number         0  flashx.o ABSOLUTE
    _2bsp\\gpiox.c                           0x00000000   Number         0  gpiox.o ABSOLUTE
    _2bsp\\timerx.c                          0x00000000   Number         0  timerx.o ABSOLUTE
    _2bsp\\uartx.c                           0x00000000   Number         0  uartx.o ABSOLUTE
    _2bsp\\uartxBAT.c                        0x00000000   Number         0  uartxbat.o ABSOLUTE
    _2bsp\flashx.c                           0x00000000   Number         0  flashx.o ABSOLUTE
    _2bsp\gpiox.c                            0x00000000   Number         0  gpiox.o ABSOLUTE
    _2bsp\timerx.c                           0x00000000   Number         0  timerx.o ABSOLUTE
    _2bsp\uartx.c                            0x00000000   Number         0  uartx.o ABSOLUTE
    _2bsp\uartxBAT.c                         0x00000000   Number         0  uartxbat.o ABSOLUTE
    config.c                                 0x00000000   Number         0  config.o ABSOLUTE
    config.c                                 0x00000000   Number         0  config.o ABSOLUTE
    dc.s                                     0x00000000   Number         0  dc.o ABSOLUTE
    main.c                                   0x00000000   Number         0  main.o ABSOLUTE
    main.c                                   0x00000000   Number         0  main.o ABSOLUTE
    RESET                                    0x00010000   Section      192  startup_es32f0283.o(RESET)
    !!!main                                  0x000100c0   Section        8  __main.o(!!!main)
    !!!scatter                               0x000100c8   Section       60  __scatter.o(!!!scatter)
    !!handler_copy                           0x00010104   Section       26  __scatter_copy.o(!!handler_copy)
    !!handler_zi                             0x00010120   Section       28  __scatter_zi.o(!!handler_zi)
    .ARM.Collect$$libinit$$00000000          0x0001013c   Section        2  libinit.o(.ARM.Collect$$libinit$$00000000)
    .ARM.Collect$$libinit$$00000002          0x0001013e   Section        0  libinit2.o(.ARM.Collect$$libinit$$00000002)
    .ARM.Collect$$libinit$$00000004          0x0001013e   Section        0  libinit2.o(.ARM.Collect$$libinit$$00000004)
    .ARM.Collect$$libinit$$0000000A          0x0001013e   Section        0  libinit2.o(.ARM.Collect$$libinit$$0000000A)
    .ARM.Collect$$libinit$$0000000C          0x0001013e   Section        0  libinit2.o(.ARM.Collect$$libinit$$0000000C)
    .ARM.Collect$$libinit$$0000000E          0x0001013e   Section        0  libinit2.o(.ARM.Collect$$libinit$$0000000E)
    .ARM.Collect$$libinit$$00000011          0x0001013e   Section        0  libinit2.o(.ARM.Collect$$libinit$$00000011)
    .ARM.Collect$$libinit$$00000013          0x0001013e   Section        0  libinit2.o(.ARM.Collect$$libinit$$00000013)
    .ARM.Collect$$libinit$$00000015          0x0001013e   Section        0  libinit2.o(.ARM.Collect$$libinit$$00000015)
    .ARM.Collect$$libinit$$00000017          0x0001013e   Section        0  libinit2.o(.ARM.Collect$$libinit$$00000017)
    .ARM.Collect$$libinit$$00000019          0x0001013e   Section        0  libinit2.o(.ARM.Collect$$libinit$$00000019)
    .ARM.Collect$$libinit$$0000001B          0x0001013e   Section        0  libinit2.o(.ARM.Collect$$libinit$$0000001B)
    .ARM.Collect$$libinit$$0000001D          0x0001013e   Section        0  libinit2.o(.ARM.Collect$$libinit$$0000001D)
    .ARM.Collect$$libinit$$0000001F          0x0001013e   Section        0  libinit2.o(.ARM.Collect$$libinit$$0000001F)
    .ARM.Collect$$libinit$$00000021          0x0001013e   Section        0  libinit2.o(.ARM.Collect$$libinit$$00000021)
    .ARM.Collect$$libinit$$00000023          0x0001013e   Section        0  libinit2.o(.ARM.Collect$$libinit$$00000023)
    .ARM.Collect$$libinit$$00000025          0x0001013e   Section        0  libinit2.o(.ARM.Collect$$libinit$$00000025)
    .ARM.Collect$$libinit$$0000002C          0x0001013e   Section        0  libinit2.o(.ARM.Collect$$libinit$$0000002C)
    .ARM.Collect$$libinit$$0000002E          0x0001013e   Section        0  libinit2.o(.ARM.Collect$$libinit$$0000002E)
    .ARM.Collect$$libinit$$00000030          0x0001013e   Section        0  libinit2.o(.ARM.Collect$$libinit$$00000030)
    .ARM.Collect$$libinit$$00000032          0x0001013e   Section        0  libinit2.o(.ARM.Collect$$libinit$$00000032)
    .ARM.Collect$$libinit$$00000033          0x0001013e   Section        2  libinit2.o(.ARM.Collect$$libinit$$00000033)
    .ARM.Collect$$libshutdown$$00000000      0x00010140   Section        2  libshutdown.o(.ARM.Collect$$libshutdown$$00000000)
    .ARM.Collect$$libshutdown$$00000002      0x00010142   Section        0  libshutdown2.o(.ARM.Collect$$libshutdown$$00000002)
    .ARM.Collect$$libshutdown$$00000004      0x00010142   Section        0  libshutdown2.o(.ARM.Collect$$libshutdown$$00000004)
    .ARM.Collect$$libshutdown$$00000007      0x00010142   Section        0  libshutdown2.o(.ARM.Collect$$libshutdown$$00000007)
    .ARM.Collect$$libshutdown$$0000000A      0x00010142   Section        0  libshutdown2.o(.ARM.Collect$$libshutdown$$0000000A)
    .ARM.Collect$$libshutdown$$0000000C      0x00010142   Section        0  libshutdown2.o(.ARM.Collect$$libshutdown$$0000000C)
    .ARM.Collect$$libshutdown$$0000000F      0x00010142   Section        0  libshutdown2.o(.ARM.Collect$$libshutdown$$0000000F)
    .ARM.Collect$$libshutdown$$00000010      0x00010142   Section        2  libshutdown2.o(.ARM.Collect$$libshutdown$$00000010)
    .ARM.Collect$$rtentry$$00000000          0x00010144   Section        0  __rtentry.o(.ARM.Collect$$rtentry$$00000000)
    .ARM.Collect$$rtentry$$00000002          0x00010144   Section        0  __rtentry2.o(.ARM.Collect$$rtentry$$00000002)
    .ARM.Collect$$rtentry$$00000004          0x00010144   Section        6  __rtentry4.o(.ARM.Collect$$rtentry$$00000004)
    .ARM.Collect$$rtentry$$00000009          0x0001014a   Section        0  __rtentry2.o(.ARM.Collect$$rtentry$$00000009)
    .ARM.Collect$$rtentry$$0000000A          0x0001014a   Section        4  __rtentry2.o(.ARM.Collect$$rtentry$$0000000A)
    .ARM.Collect$$rtentry$$0000000C          0x0001014e   Section        0  __rtentry2.o(.ARM.Collect$$rtentry$$0000000C)
    .ARM.Collect$$rtentry$$0000000D          0x0001014e   Section        8  __rtentry2.o(.ARM.Collect$$rtentry$$0000000D)
    .ARM.Collect$$rtexit$$00000000           0x00010156   Section        2  rtexit.o(.ARM.Collect$$rtexit$$00000000)
    .ARM.Collect$$rtexit$$00000002           0x00010158   Section        0  rtexit2.o(.ARM.Collect$$rtexit$$00000002)
    .ARM.Collect$$rtexit$$00000003           0x00010158   Section        4  rtexit2.o(.ARM.Collect$$rtexit$$00000003)
    .ARM.Collect$$rtexit$$00000004           0x0001015c   Section        6  rtexit2.o(.ARM.Collect$$rtexit$$00000004)
    .text                                    0x00010164   Section       52  startup_es32f0283.o(.text)
    .text                                    0x00010198   Section        0  llsdiv.o(.text)
    .text                                    0x00010208   Section        0  rt_memclr.o(.text)
    .text                                    0x00010248   Section      346  aeabi_sdiv.o(.text)
    .text                                    0x000103a2   Section        0  heapauxi.o(.text)
    .text                                    0x000103a8   Section        0  daddsub.o(.text)
    _dadd1                                   0x000103a9   Thumb Code   290  daddsub.o(.text)
    _dsub1                                   0x000104cb   Thumb Code   470  daddsub.o(.text)
    .text                                    0x00010700   Section        0  ddiv.o(.text)
    .text                                    0x00010b48   Section        0  dfixui.o(.text)
    .text                                    0x00010b90   Section        0  dflti.o(.text)
    .text                                    0x00010be8   Section        0  dmul.o(.text)
    .text                                    0x00010e30   Section        0  dscalbn.o(.text)
    .text                                    0x00010e90   Section        0  lludiv.o(.text)
    .text                                    0x00010f92   Section       62  sys_stackheap_outer.o(.text)
    .text                                    0x00010fd0   Section        0  exit.o(.text)
    .text                                    0x00010fe0   Section        8  libspace.o(.text)
    .text                                    0x00010fe8   Section        0  sys_exit.o(.text)
    .text                                    0x00010ff4   Section        2  use_no_semi.o(.text)
    .text                                    0x00010ff6   Section        0  indicate_semi.o(.text)
    i.AD16C4T1_IRQHandler                    0x00010ff8   Section        0  timerx.o(i.AD16C4T1_IRQHandler)
    i.BS16T1_IRQHandler                      0x00011038   Section        0  interrupt.o(i.BS16T1_IRQHandler)
    i.BatValueinit                           0x0001103c   Section        0  bat.o(i.BatValueinit)
    i.DMA1_CH12_IRQHandler                   0x00011088   Section        0  interrupt.o(i.DMA1_CH12_IRQHandler)
    i.DMA1_CH345_IRQHandler                  0x0001108a   Section        0  interrupt.o(i.DMA1_CH345_IRQHandler)
    i.EXTI_2to3_IRQHandler                   0x0001108c   Section        0  interrupt.o(i.EXTI_2to3_IRQHandler)
    i.GP16C2T1_IRQHandler                    0x0001108e   Section        0  interrupt.o(i.GP16C2T1_IRQHandler)
    i.GP16C2T2_IRQHandler                    0x00011090   Section        0  interrupt.o(i.GP16C2T2_IRQHandler)
    i.GP16C2T3_IRQHandler                    0x00011092   Section        0  interrupt.o(i.GP16C2T3_IRQHandler)
    i.GP16C2T4_IRQHandler                    0x00011094   Section        0  interrupt.o(i.GP16C2T4_IRQHandler)
    i.GP16C4T2_IRQHandler                    0x00011096   Section        0  interrupt.o(i.GP16C4T2_IRQHandler)
    i.GP16C4T3_IRQHandler                    0x00011098   Section        0  interrupt.o(i.GP16C4T3_IRQHandler)
    i.GP32C4T1_IRQHandler                    0x0001109a   Section        0  interrupt.o(i.GP32C4T1_IRQHandler)
    i.Gpio_UartX                             0x0001109c   Section        0  gpiox.o(i.Gpio_UartX)
    i.Gpio_normalIO                          0x000110d4   Section        0  gpiox.o(i.Gpio_normalIO)
    i.GpioxInit                              0x000110fc   Section        0  gpiox.o(i.GpioxInit)
    i.HARDFAULT_Handler                      0x00011108   Section        0  interrupt.o(i.HARDFAULT_Handler)
    i.I2C1_IRQHandler                        0x0001110a   Section        0  interrupt.o(i.I2C1_IRQHandler)
    i.I2C2_IRQHandler                        0x0001110c   Section        0  interrupt.o(i.I2C2_IRQHandler)
    i.NMI_Handler                            0x0001110e   Section        0  interrupt.o(i.NMI_Handler)
    i.PENDSV_Handler                         0x00011110   Section        0  interrupt.o(i.PENDSV_Handler)
    i.PVD_IRQHandler                         0x00011112   Section        0  interrupt.o(i.PVD_IRQHandler)
    i.RCU_CSU_IRQHandler                     0x00011114   Section        0  interrupt.o(i.RCU_CSU_IRQHandler)
    i.RTC_IRQHandler                         0x00011116   Section        0  interrupt.o(i.RTC_IRQHandler)
    i.SPI1_IRQHandler                        0x00011118   Section        0  interrupt.o(i.SPI1_IRQHandler)
    i.SPI2_IRQHandler                        0x0001111a   Section        0  interrupt.o(i.SPI2_IRQHandler)
    i.SPI3_IRQHandler                        0x0001111c   Section        0  interrupt.o(i.SPI3_IRQHandler)
    i.SVC_Handler                            0x0001111e   Section        0  interrupt.o(i.SVC_Handler)
    i.SYSTICK_Handler                        0x00011120   Section        0  interrupt.o(i.SYSTICK_Handler)
    i.SystemInit                             0x00011122   Section        0  system_es32f0283.o(i.SystemInit)
    i.UART1_IRQHandler                       0x00011124   Section        0  uartxbat.o(i.UART1_IRQHandler)
    i.USB_IRQHandler                         0x00011198   Section        0  interrupt.o(i.USB_IRQHandler)
    i.UartBATRXvalueinit                     0x0001119c   Section        0  uartxbat.o(i.UartBATRXvalueinit)
    i.UartBATRxchuli                         0x000111b0   Section        0  uartxbat.o(i.UartBATRxchuli)
    i.UartBATRxgetdata                       0x00011204   Section        0  uartxbat.o(i.UartBATRxgetdata)
    i.UartBATRxjieshou                       0x00011228   Section        0  uartxbat.o(i.UartBATRxjieshou)
    i.UartBATTXvalueinit                     0x00011280   Section        0  uartxbat.o(i.UartBATTXvalueinit)
    i.WAKEUP_IRQHandler                      0x000112a4   Section        0  interrupt.o(i.WAKEUP_IRQHandler)
    i.WWDT_IRQHandler                        0x000112a6   Section        0  interrupt.o(i.WWDT_IRQHandler)
    i.__ARM_clz                              0x000112a8   Section        0  md_gpio.o(i.__ARM_clz)
    i.__ARM_common_switch8                   0x000112d6   Section        0  uartxbat.o(i.__ARM_common_switch8)
    i.bspCLKInit                             0x000112f0   Section        0  config.o(i.bspCLKInit)
    i.bspinit                                0x00011324   Section        0  config.o(i.bspinit)
    i.flashfunc                              0x00011374   Section        0  flashx.o(i.flashfunc)
    i.flashvalueinit                         0x00011430   Section        0  flashx.o(i.flashvalueinit)
    i.main                                   0x00011460   Section        0  main.o(i.main)
    i.md_fc_lock                             0x00011480   Section        0  md_fc.o(i.md_fc_lock)
    i.md_fc_unlock                           0x000114a4   Section        0  md_fc.o(i.md_fc_unlock)
    i.md_gpio_init                           0x000114d4   Section        0  md_gpio.o(i.md_gpio_init)
    i.md_rcu_check_hosc_ready                0x00011714   Section        0  md_rcu.o(i.md_rcu_check_hosc_ready)
    i.md_rcu_pll0_init                       0x00011754   Section        0  md_rcu.o(i.md_rcu_pll0_init)
    i.md_rcu_sys_init                        0x00011854   Section        0  md_rcu.o(i.md_rcu_sys_init)
    i.md_tick_init_rcu                       0x00011b28   Section        0  md_rcu.o(i.md_tick_init_rcu)
    i.md_tick_waitms_rcu                     0x00011b6c   Section        0  md_rcu.o(i.md_tick_waitms_rcu)
    i.md_uart_init                           0x00011bac   Section        0  md_uart.o(i.md_uart_init)
    i.md_uart_setting_baudrate               0x00011c14   Section        0  md_uart.o(i.md_uart_setting_baudrate)
    i.tick1s                                 0x00011c2c   Section        0  timerx.o(i.tick1s)
    i.timxinit                               0x00011c50   Section        0  timerx.o(i.timxinit)
    i.timxvalueinit                          0x00011c7c   Section        0  timerx.o(i.timxvalueinit)
    i.uartxinit                              0x00011c8c   Section        0  uartx.o(i.uartxinit)
    i.uartxvaluinit                          0x00011cc4   Section        0  uartx.o(i.uartxvaluinit)
    i.valueinit                              0x00011ce8   Section        0  config.o(i.valueinit)
    .constdata                               0x00011cfc   Section      128  ddiv.o(.constdata)
    x$fpl$usenofp                            0x00011cfc   Section        0  usenofp.o(x$fpl$usenofp)
    ddiv_reciptbl                            0x00011cfc   Data         128  ddiv.o(.constdata)
    .data                                    0x200000c0   Section        4  system_es32f0283.o(.data)
    .data                                    0x200000c4   Section        4  system_es32f0283.o(.data)
    .data                                    0x200000c8   Section        4  system_es32f0283.o(.data)
    .data                                    0x200000cc   Section        4  system_es32f0283.o(.data)
    .data                                    0x200000d0   Section       12  md_rcu.o(.data)
    TICKms                                   0x200000d0   Data           4  md_rcu.o(.data)
    TICK100us                                0x200000d4   Data           4  md_rcu.o(.data)
    TICK10us                                 0x200000d8   Data           4  md_rcu.o(.data)
    .data                                    0x200000dc   Section        8  timerx.o(.data)
    .data                                    0x200000e4   Section       14  uartx.o(.data)
    .data                                    0x200000f4   Section       14  uartxbat.o(.data)
    .data                                    0x20000104   Section        8  flashx.o(.data)
    .data                                    0x2000010c   Section       15  bat.o(.data)
    .bss                                     0x2000011c   Section       12  bat.o(.bss)
    .bss                                     0x20000128   Section       96  libspace.o(.bss)
    HEAP                                     0x20000188   Section        0  startup_es32f0283.o(HEAP)
    STACK                                    0x20000188   Section     1024  startup_es32f0283.o(STACK)
    Heap_Mem                                 0x20000188   Data           0  startup_es32f0283.o(HEAP)
    Stack_Mem                                0x20000188   Data        1024  startup_es32f0283.o(STACK)
    __initial_sp                             0x20000588   Data           0  startup_es32f0283.o(STACK)

    Global Symbols

    Symbol Name                              Value     Ov Type        Size  Object(Section)

    BuildAttributes$$THM_ISAv3M$S$PE$A:L22$X:L11$S22$IEEE1$IW$USESV6$~STKCKD$USESV7$~SHL$OSPACE$ROPI$EBA8$UX$STANDARDLIB$REQ8$PRES8$EABIv2 0x00000000   Number         0  anon$$obj.o ABSOLUTE
    __ARM_use_no_argv                        0x00000000   Number         0  main.o ABSOLUTE
    __ARM_exceptions_init                     - Undefined Weak Reference
    __alloca_initialize                       - Undefined Weak Reference
    __arm_preinit_                            - Undefined Weak Reference
    __cpp_initialize__aeabi_                  - Undefined Weak Reference
    __cxa_finalize                            - Undefined Weak Reference
    __rt_locale                               - Undefined Weak Reference
    __sigvec_lookup                           - Undefined Weak Reference
    _atexit_init                              - Undefined Weak Reference
    _call_atexit_fns                          - Undefined Weak Reference
    _clock_init                               - Undefined Weak Reference
    _fp_trap_init                             - Undefined Weak Reference
    _fp_trap_shutdown                         - Undefined Weak Reference
    _get_lc_collate                           - Undefined Weak Reference
    _get_lc_ctype                             - Undefined Weak Reference
    _get_lc_monetary                          - Undefined Weak Reference
    _get_lc_numeric                           - Undefined Weak Reference
    _get_lc_time                              - Undefined Weak Reference
    _getenv_init                              - Undefined Weak Reference
    _handle_redirection                       - Undefined Weak Reference
    _init_alloc                               - Undefined Weak Reference
    _init_user_alloc                          - Undefined Weak Reference
    _initio                                   - Undefined Weak Reference
    _rand_init                                - Undefined Weak Reference
    _signal_finish                            - Undefined Weak Reference
    _signal_init                              - Undefined Weak Reference
    _terminate_alloc                          - Undefined Weak Reference
    _terminate_user_alloc                     - Undefined Weak Reference
    _terminateio                              - Undefined Weak Reference
    __Vectors                                0x00010000   Data           4  startup_es32f0283.o(RESET)
    __main                                   0x000100c1   Thumb Code     8  __main.o(!!!main)
    __scatterload                            0x000100c9   Thumb Code     0  __scatter.o(!!!scatter)
    __scatterload_rt2                        0x000100c9   Thumb Code    52  __scatter.o(!!!scatter)
    __scatterload_rt2_thumb_only             0x000100c9   Thumb Code     0  __scatter.o(!!!scatter)
    __scatterload_null                       0x000100d9   Thumb Code     0  __scatter.o(!!!scatter)
    __scatterload_copy                       0x00010105   Thumb Code    26  __scatter_copy.o(!!handler_copy)
    __scatterload_zeroinit                   0x00010121   Thumb Code    28  __scatter_zi.o(!!handler_zi)
    __rt_lib_init                            0x0001013d   Thumb Code     0  libinit.o(.ARM.Collect$$libinit$$00000000)
    __rt_lib_init_alloca_1                   0x0001013f   Thumb Code     0  libinit2.o(.ARM.Collect$$libinit$$0000002E)
    __rt_lib_init_argv_1                     0x0001013f   Thumb Code     0  libinit2.o(.ARM.Collect$$libinit$$0000002C)
    __rt_lib_init_atexit_1                   0x0001013f   Thumb Code     0  libinit2.o(.ARM.Collect$$libinit$$0000001B)
    __rt_lib_init_clock_1                    0x0001013f   Thumb Code     0  libinit2.o(.ARM.Collect$$libinit$$00000021)
    __rt_lib_init_cpp_1                      0x0001013f   Thumb Code     0  libinit2.o(.ARM.Collect$$libinit$$00000032)
    __rt_lib_init_exceptions_1               0x0001013f   Thumb Code     0  libinit2.o(.ARM.Collect$$libinit$$00000030)
    __rt_lib_init_fp_1                       0x0001013f   Thumb Code     0  libinit2.o(.ARM.Collect$$libinit$$00000002)
    __rt_lib_init_fp_trap_1                  0x0001013f   Thumb Code     0  libinit2.o(.ARM.Collect$$libinit$$0000001F)
    __rt_lib_init_getenv_1                   0x0001013f   Thumb Code     0  libinit2.o(.ARM.Collect$$libinit$$00000023)
    __rt_lib_init_heap_1                     0x0001013f   Thumb Code     0  libinit2.o(.ARM.Collect$$libinit$$0000000A)
    __rt_lib_init_lc_collate_1               0x0001013f   Thumb Code     0  libinit2.o(.ARM.Collect$$libinit$$00000011)
    __rt_lib_init_lc_ctype_1                 0x0001013f   Thumb Code     0  libinit2.o(.ARM.Collect$$libinit$$00000013)
    __rt_lib_init_lc_monetary_1              0x0001013f   Thumb Code     0  libinit2.o(.ARM.Collect$$libinit$$00000015)
    __rt_lib_init_lc_numeric_1               0x0001013f   Thumb Code     0  libinit2.o(.ARM.Collect$$libinit$$00000017)
    __rt_lib_init_lc_time_1                  0x0001013f   Thumb Code     0  libinit2.o(.ARM.Collect$$libinit$$00000019)
    __rt_lib_init_preinit_1                  0x0001013f   Thumb Code     0  libinit2.o(.ARM.Collect$$libinit$$00000004)
    __rt_lib_init_rand_1                     0x0001013f   Thumb Code     0  libinit2.o(.ARM.Collect$$libinit$$0000000E)
    __rt_lib_init_return                     0x0001013f   Thumb Code     0  libinit2.o(.ARM.Collect$$libinit$$00000033)
    __rt_lib_init_signal_1                   0x0001013f   Thumb Code     0  libinit2.o(.ARM.Collect$$libinit$$0000001D)
    __rt_lib_init_stdio_1                    0x0001013f   Thumb Code     0  libinit2.o(.ARM.Collect$$libinit$$00000025)
    __rt_lib_init_user_alloc_1               0x0001013f   Thumb Code     0  libinit2.o(.ARM.Collect$$libinit$$0000000C)
    __rt_lib_shutdown                        0x00010141   Thumb Code     0  libshutdown.o(.ARM.Collect$$libshutdown$$00000000)
    __rt_lib_shutdown_cpp_1                  0x00010143   Thumb Code     0  libshutdown2.o(.ARM.Collect$$libshutdown$$00000002)
    __rt_lib_shutdown_fp_trap_1              0x00010143   Thumb Code     0  libshutdown2.o(.ARM.Collect$$libshutdown$$00000007)
    __rt_lib_shutdown_heap_1                 0x00010143   Thumb Code     0  libshutdown2.o(.ARM.Collect$$libshutdown$$0000000F)
    __rt_lib_shutdown_return                 0x00010143   Thumb Code     0  libshutdown2.o(.ARM.Collect$$libshutdown$$00000010)
    __rt_lib_shutdown_signal_1               0x00010143   Thumb Code     0  libshutdown2.o(.ARM.Collect$$libshutdown$$0000000A)
    __rt_lib_shutdown_stdio_1                0x00010143   Thumb Code     0  libshutdown2.o(.ARM.Collect$$libshutdown$$00000004)
    __rt_lib_shutdown_user_alloc_1           0x00010143   Thumb Code     0  libshutdown2.o(.ARM.Collect$$libshutdown$$0000000C)
    __rt_entry                               0x00010145   Thumb Code     0  __rtentry.o(.ARM.Collect$$rtentry$$00000000)
    __rt_entry_presh_1                       0x00010145   Thumb Code     0  __rtentry2.o(.ARM.Collect$$rtentry$$00000002)
    __rt_entry_sh                            0x00010145   Thumb Code     0  __rtentry4.o(.ARM.Collect$$rtentry$$00000004)
    __rt_entry_li                            0x0001014b   Thumb Code     0  __rtentry2.o(.ARM.Collect$$rtentry$$0000000A)
    __rt_entry_postsh_1                      0x0001014b   Thumb Code     0  __rtentry2.o(.ARM.Collect$$rtentry$$00000009)
    __rt_entry_main                          0x0001014f   Thumb Code     0  __rtentry2.o(.ARM.Collect$$rtentry$$0000000D)
    __rt_entry_postli_1                      0x0001014f   Thumb Code     0  __rtentry2.o(.ARM.Collect$$rtentry$$0000000C)
    __rt_exit                                0x00010157   Thumb Code     0  rtexit.o(.ARM.Collect$$rtexit$$00000000)
    __rt_exit_ls                             0x00010159   Thumb Code     0  rtexit2.o(.ARM.Collect$$rtexit$$00000003)
    __rt_exit_prels_1                        0x00010159   Thumb Code     0  rtexit2.o(.ARM.Collect$$rtexit$$00000002)
    __rt_exit_exit                           0x0001015d   Thumb Code     0  rtexit2.o(.ARM.Collect$$rtexit$$00000004)
    Reset_Handler                            0x00010165   Thumb Code     8  startup_es32f0283.o(.text)
    ADC_COMP_IRQHandler                      0x00010177   Thumb Code     0  startup_es32f0283.o(.text)
    DMA1_CH0_IRQHandler                      0x00010177   Thumb Code     0  startup_es32f0283.o(.text)
    EXTI_0to1_IRQHandler                     0x00010177   Thumb Code     0  startup_es32f0283.o(.text)
    EXTI_4to15_IRQHandler                    0x00010177   Thumb Code     0  startup_es32f0283.o(.text)
    GP16C4T1_IRQHandler                      0x00010177   Thumb Code     0  startup_es32f0283.o(.text)
    UART2_IRQHandler                         0x00010177   Thumb Code     0  startup_es32f0283.o(.text)
    UART3_AES_IRQHandler                     0x00010177   Thumb Code     0  startup_es32f0283.o(.text)
    UART4_KBCU_IRQHandler                    0x00010177   Thumb Code     0  startup_es32f0283.o(.text)
    __user_initial_stackheap                 0x00010179   Thumb Code     0  startup_es32f0283.o(.text)
    __aeabi_ldivmod                          0x00010199   Thumb Code   112  llsdiv.o(.text)
    _ll_sdiv                                 0x00010199   Thumb Code     0  llsdiv.o(.text)
    _memset_w                                0x00010209   Thumb Code    26  rt_memclr.o(.text)
    _memset                                  0x00010223   Thumb Code    30  rt_memclr.o(.text)
    __aeabi_memclr                           0x00010241   Thumb Code     4  rt_memclr.o(.text)
    __rt_memclr                              0x00010241   Thumb Code     0  rt_memclr.o(.text)
    __aeabi_memclr4                          0x00010245   Thumb Code     0  rt_memclr.o(.text)
    __aeabi_memclr8                          0x00010245   Thumb Code     0  rt_memclr.o(.text)
    __rt_memclr_w                            0x00010245   Thumb Code     4  rt_memclr.o(.text)
    __aeabi_uidiv                            0x00010249   Thumb Code     0  aeabi_sdiv.o(.text)
    __aeabi_uidivmod                         0x00010249   Thumb Code    20  aeabi_sdiv.o(.text)
    __aeabi_idiv                             0x0001025d   Thumb Code     0  aeabi_sdiv.o(.text)
    __aeabi_idivmod                          0x0001025d   Thumb Code   326  aeabi_sdiv.o(.text)
    __use_two_region_memory                  0x000103a3   Thumb Code     2  heapauxi.o(.text)
    __rt_heap_escrow$2region                 0x000103a5   Thumb Code     2  heapauxi.o(.text)
    __rt_heap_expand$2region                 0x000103a7   Thumb Code     2  heapauxi.o(.text)
    __aeabi_dadd                             0x000106a1   Thumb Code     0  daddsub.o(.text)
    _dadd                                    0x000106a1   Thumb Code    26  daddsub.o(.text)
    __aeabi_dsub                             0x000106bb   Thumb Code     0  daddsub.o(.text)
    _dsub                                    0x000106bb   Thumb Code    22  daddsub.o(.text)
    __aeabi_drsub                            0x000106d1   Thumb Code     0  daddsub.o(.text)
    _drsb                                    0x000106d1   Thumb Code    28  daddsub.o(.text)
    __aeabi_ddiv                             0x00010701   Thumb Code     0  ddiv.o(.text)
    _ddiv                                    0x00010701   Thumb Code  1072  ddiv.o(.text)
    _drdiv                                   0x00010b31   Thumb Code    20  ddiv.o(.text)
    __aeabi_d2uiz                            0x00010b49   Thumb Code     0  dfixui.o(.text)
    _dfixu                                   0x00010b49   Thumb Code    68  dfixui.o(.text)
    __aeabi_i2d_normalise                    0x00010b91   Thumb Code    66  dflti.o(.text)
    __aeabi_i2d                              0x00010bd3   Thumb Code    16  dflti.o(.text)
    _dflt                                    0x00010bd3   Thumb Code     0  dflti.o(.text)
    __aeabi_ui2d                             0x00010be3   Thumb Code     6  dflti.o(.text)
    _dfltu                                   0x00010be3   Thumb Code     0  dflti.o(.text)
    __aeabi_dmul                             0x00010be9   Thumb Code     0  dmul.o(.text)
    _dmul                                    0x00010be9   Thumb Code   558  dmul.o(.text)
    __ARM_scalbn                             0x00010e31   Thumb Code    84  dscalbn.o(.text)
    __aeabi_uldivmod                         0x00010e91   Thumb Code   258  lludiv.o(.text)
    _ll_udiv                                 0x00010e91   Thumb Code     0  lludiv.o(.text)
    __user_setup_stackheap                   0x00010f93   Thumb Code    62  sys_stackheap_outer.o(.text)
    exit                                     0x00010fd1   Thumb Code    16  exit.o(.text)
    __user_libspace                          0x00010fe1   Thumb Code     8  libspace.o(.text)
    __user_perproc_libspace                  0x00010fe1   Thumb Code     0  libspace.o(.text)
    __user_perthread_libspace                0x00010fe1   Thumb Code     0  libspace.o(.text)
    _sys_exit                                0x00010fe9   Thumb Code     8  sys_exit.o(.text)
    __I$use$semihosting                      0x00010ff5   Thumb Code     0  use_no_semi.o(.text)
    __use_no_semihosting_swi                 0x00010ff5   Thumb Code     2  use_no_semi.o(.text)
    __semihosting_library_function           0x00010ff7   Thumb Code     0  indicate_semi.o(.text)
    AD16C4T1_IRQHandler                      0x00010ff9   Thumb Code    56  timerx.o(i.AD16C4T1_IRQHandler)
    BS16T1_IRQHandler                        0x00011039   Thumb Code     2  interrupt.o(i.BS16T1_IRQHandler)
    BatValueinit                             0x0001103d   Thumb Code    66  bat.o(i.BatValueinit)
    DMA1_CH12_IRQHandler                     0x00011089   Thumb Code     2  interrupt.o(i.DMA1_CH12_IRQHandler)
    DMA1_CH345_IRQHandler                    0x0001108b   Thumb Code     2  interrupt.o(i.DMA1_CH345_IRQHandler)
    EXTI_2to3_IRQHandler                     0x0001108d   Thumb Code     2  interrupt.o(i.EXTI_2to3_IRQHandler)
    GP16C2T1_IRQHandler                      0x0001108f   Thumb Code     2  interrupt.o(i.GP16C2T1_IRQHandler)
    GP16C2T2_IRQHandler                      0x00011091   Thumb Code     2  interrupt.o(i.GP16C2T2_IRQHandler)
    GP16C2T3_IRQHandler                      0x00011093   Thumb Code     2  interrupt.o(i.GP16C2T3_IRQHandler)
    GP16C2T4_IRQHandler                      0x00011095   Thumb Code     2  interrupt.o(i.GP16C2T4_IRQHandler)
    GP16C4T2_IRQHandler                      0x00011097   Thumb Code     2  interrupt.o(i.GP16C4T2_IRQHandler)
    GP16C4T3_IRQHandler                      0x00011099   Thumb Code     2  interrupt.o(i.GP16C4T3_IRQHandler)
    GP32C4T1_IRQHandler                      0x0001109b   Thumb Code     2  interrupt.o(i.GP32C4T1_IRQHandler)
    Gpio_UartX                               0x0001109d   Thumb Code    52  gpiox.o(i.Gpio_UartX)
    Gpio_normalIO                            0x000110d5   Thumb Code    34  gpiox.o(i.Gpio_normalIO)
    GpioxInit                                0x000110fd   Thumb Code    12  gpiox.o(i.GpioxInit)
    HARDFAULT_Handler                        0x00011109   Thumb Code     2  interrupt.o(i.HARDFAULT_Handler)
    I2C1_IRQHandler                          0x0001110b   Thumb Code     2  interrupt.o(i.I2C1_IRQHandler)
    I2C2_IRQHandler                          0x0001110d   Thumb Code     2  interrupt.o(i.I2C2_IRQHandler)
    NMI_Handler                              0x0001110f   Thumb Code     2  interrupt.o(i.NMI_Handler)
    PENDSV_Handler                           0x00011111   Thumb Code     2  interrupt.o(i.PENDSV_Handler)
    PVD_IRQHandler                           0x00011113   Thumb Code     2  interrupt.o(i.PVD_IRQHandler)
    RCU_CSU_IRQHandler                       0x00011115   Thumb Code     2  interrupt.o(i.RCU_CSU_IRQHandler)
    RTC_IRQHandler                           0x00011117   Thumb Code     2  interrupt.o(i.RTC_IRQHandler)
    SPI1_IRQHandler                          0x00011119   Thumb Code     2  interrupt.o(i.SPI1_IRQHandler)
    SPI2_IRQHandler                          0x0001111b   Thumb Code     2  interrupt.o(i.SPI2_IRQHandler)
    SPI3_IRQHandler                          0x0001111d   Thumb Code     2  interrupt.o(i.SPI3_IRQHandler)
    SVC_Handler                              0x0001111f   Thumb Code     2  interrupt.o(i.SVC_Handler)
    SYSTICK_Handler                          0x00011121   Thumb Code     2  interrupt.o(i.SYSTICK_Handler)
    SystemInit                               0x00011123   Thumb Code     2  system_es32f0283.o(i.SystemInit)
    UART1_IRQHandler                         0x00011125   Thumb Code   108  uartxbat.o(i.UART1_IRQHandler)
    USB_IRQHandler                           0x00011199   Thumb Code     2  interrupt.o(i.USB_IRQHandler)
    UartBATRXvalueinit                       0x0001119d   Thumb Code    14  uartxbat.o(i.UartBATRXvalueinit)
    UartBATRxchuli                           0x000111b1   Thumb Code    62  uartxbat.o(i.UartBATRxchuli)
    UartBATRxgetdata                         0x00011205   Thumb Code    30  uartxbat.o(i.UartBATRxgetdata)
    UartBATRxjieshou                         0x00011229   Thumb Code    84  uartxbat.o(i.UartBATRxjieshou)
    UartBATTXvalueinit                       0x00011281   Thumb Code    22  uartxbat.o(i.UartBATTXvalueinit)
    WAKEUP_IRQHandler                        0x000112a5   Thumb Code     2  interrupt.o(i.WAKEUP_IRQHandler)
    WWDT_IRQHandler                          0x000112a7   Thumb Code     2  interrupt.o(i.WWDT_IRQHandler)
    __ARM_clz                                0x000112a9   Thumb Code    46  md_gpio.o(i.__ARM_clz)
    __ARM_common_switch8                     0x000112d7   Thumb Code    26  uartxbat.o(i.__ARM_common_switch8)
    bspCLKInit                               0x000112f1   Thumb Code    46  config.o(i.bspCLKInit)
    bspinit                                  0x00011325   Thumb Code    68  config.o(i.bspinit)
    flashfunc                                0x00011375   Thumb Code   166  flashx.o(i.flashfunc)
    flashvalueinit                           0x00011431   Thumb Code    40  flashx.o(i.flashvalueinit)
    main                                     0x00011461   Thumb Code    28  main.o(i.main)
    md_fc_lock                               0x00011481   Thumb Code    30  md_fc.o(i.md_fc_lock)
    md_fc_unlock                             0x000114a5   Thumb Code    36  md_fc.o(i.md_fc_unlock)
    md_gpio_init                             0x000114d5   Thumb Code   576  md_gpio.o(i.md_gpio_init)
    md_rcu_check_hosc_ready                  0x00011715   Thumb Code    58  md_rcu.o(i.md_rcu_check_hosc_ready)
    md_rcu_pll0_init                         0x00011755   Thumb Code   228  md_rcu.o(i.md_rcu_pll0_init)
    md_rcu_sys_init                          0x00011855   Thumb Code   656  md_rcu.o(i.md_rcu_sys_init)
    md_tick_init_rcu                         0x00011b29   Thumb Code    56  md_rcu.o(i.md_tick_init_rcu)
    md_tick_waitms_rcu                       0x00011b6d   Thumb Code    52  md_rcu.o(i.md_tick_waitms_rcu)
    md_uart_init                             0x00011bad   Thumb Code   104  md_uart.o(i.md_uart_init)
    md_uart_setting_baudrate                 0x00011c15   Thumb Code    20  md_uart.o(i.md_uart_setting_baudrate)
    tick1s                                   0x00011c2d   Thumb Code    28  timerx.o(i.tick1s)
    timxinit                                 0x00011c51   Thumb Code    32  timerx.o(i.timxinit)
    timxvalueinit                            0x00011c7d   Thumb Code    12  timerx.o(i.timxvalueinit)
    uartxinit                                0x00011c8d   Thumb Code    48  uartx.o(i.uartxinit)
    uartxvaluinit                            0x00011cc5   Thumb Code    32  uartx.o(i.uartxvaluinit)
    valueinit                                0x00011ce9   Thumb Code    20  config.o(i.valueinit)
    __I$use$fp                               0x00011cfc   Number         0  usenofp.o(x$fpl$usenofp)
    Region$$Table$$Base                      0x00011d7c   Number         0  anon$$obj.o(Region$$Table)
    Region$$Table$$Limit                     0x00011d9c   Number         0  anon$$obj.o(Region$$Table)
    SystemCoreClock                          0x200000c0   Data           4  system_es32f0283.o(.data)
    SystemFrequency_SysClk                   0x200000c4   Data           4  system_es32f0283.o(.data)
    SystemFrequency_AHBClk                   0x200000c8   Data           4  system_es32f0283.o(.data)
    SystemFrequency_APBClk                   0x200000cc   Data           4  system_es32f0283.o(.data)
    u8time1ms                                0x200000dc   Data           1  timerx.o(.data)
    u8time100ms                              0x200000dd   Data           1  timerx.o(.data)
    testflag                                 0x200000de   Data           1  timerx.o(.data)
    u32time1s                                0x200000e0   Data           4  timerx.o(.data)
    u8UxTxstep                               0x200000e4   Data           1  uartx.o(.data)
    u16UxTxDelay                             0x200000e6   Data           2  uartx.o(.data)
    u8UxErrorflag                            0x200000e8   Data           3  uartx.o(.data)
    u16UxErrordelay                          0x200000ec   Data           6  uartx.o(.data)
    u8BATRxDATAp                             0x200000f4   Data           4  uartxbat.o(.data)
    u8BATTxDATAp                             0x200000f8   Data           4  uartxbat.o(.data)
    UartBAT                                  0x200000fc   Data           6  uartxbat.o(.data)
    u8Flashupdataflag                        0x20000104   Data           1  flashx.o(.data)
    u8LCDyuyan                               0x20000105   Data           1  flashx.o(.data)
    u8GaohaibaFlag                           0x20000106   Data           1  flashx.o(.data)
    u8IAPFlag                                0x20000107   Data           1  flashx.o(.data)
    u32flashdata                             0x20000108   Data           4  flashx.o(.data)
    BatTxS                                   0x2000010c   Data           1  bat.o(.data)
    u8CHGcompleteflag                        0x2000010d   Data           1  bat.o(.data)
    u8BatCOMfailflag                         0x2000010e   Data           1  bat.o(.data)
    BaterrFlag                               0x2000010f   Data           1  bat.o(.data)
    BatRxS                                   0x20000110   Data           4  bat.o(.data)
    u8BATTxDATA                              0x20000114   Data           7  bat.o(.data)
    u8BATRxDATA                              0x2000011c   Data          12  bat.o(.bss)
    __libspace_start                         0x20000128   Data          96  libspace.o(.bss)
    __temporary_stack_top$libspace           0x20000188   Data           0  libspace.o(.bss)



==============================================================================

Memory Map of the image

  Image Entry point : 0x000100c1

  Load Region LR_IROM1 (Base: 0x00010000, Size: 0x00001df8, Max: 0x00010000, ABSOLUTE)

    Execution Region ER_IROM1 (Exec base: 0x00010000, Load base: 0x00010000, Size: 0x00001d9c, Max: 0x00010000, ABSOLUTE)

    Exec Addr    Load Addr    Size         Type   Attr      Idx    E Section Name        Object

    0x00010000   0x00010000   0x000000c0   Data   RO            3    RESET               startup_es32f0283.o
    0x000100c0   0x000100c0   0x00000008   Code   RO         1399  * !!!main             c_p.l(__main.o)
    0x000100c8   0x000100c8   0x0000003c   Code   RO         1597    !!!scatter          c_p.l(__scatter.o)
    0x00010104   0x00010104   0x0000001a   Code   RO         1599    !!handler_copy      c_p.l(__scatter_copy.o)
    0x0001011e   0x0001011e   0x00000002   PAD
    0x00010120   0x00010120   0x0000001c   Code   RO         1601    !!handler_zi        c_p.l(__scatter_zi.o)
    0x0001013c   0x0001013c   0x00000002   Code   RO         1466    .ARM.Collect$$libinit$$00000000  c_p.l(libinit.o)
    0x0001013e   0x0001013e   0x00000000   Code   RO         1480    .ARM.Collect$$libinit$$00000002  c_p.l(libinit2.o)
    0x0001013e   0x0001013e   0x00000000   Code   RO         1482    .ARM.Collect$$libinit$$00000004  c_p.l(libinit2.o)
    0x0001013e   0x0001013e   0x00000000   Code   RO         1485    .ARM.Collect$$libinit$$0000000A  c_p.l(libinit2.o)
    0x0001013e   0x0001013e   0x00000000   Code   RO         1487    .ARM.Collect$$libinit$$0000000C  c_p.l(libinit2.o)
    0x0001013e   0x0001013e   0x00000000   Code   RO         1489    .ARM.Collect$$libinit$$0000000E  c_p.l(libinit2.o)
    0x0001013e   0x0001013e   0x00000000   Code   RO         1492    .ARM.Collect$$libinit$$00000011  c_p.l(libinit2.o)
    0x0001013e   0x0001013e   0x00000000   Code   RO         1494    .ARM.Collect$$libinit$$00000013  c_p.l(libinit2.o)
    0x0001013e   0x0001013e   0x00000000   Code   RO         1496    .ARM.Collect$$libinit$$00000015  c_p.l(libinit2.o)
    0x0001013e   0x0001013e   0x00000000   Code   RO         1498    .ARM.Collect$$libinit$$00000017  c_p.l(libinit2.o)
    0x0001013e   0x0001013e   0x00000000   Code   RO         1500    .ARM.Collect$$libinit$$00000019  c_p.l(libinit2.o)
    0x0001013e   0x0001013e   0x00000000   Code   RO         1502    .ARM.Collect$$libinit$$0000001B  c_p.l(libinit2.o)
    0x0001013e   0x0001013e   0x00000000   Code   RO         1504    .ARM.Collect$$libinit$$0000001D  c_p.l(libinit2.o)
    0x0001013e   0x0001013e   0x00000000   Code   RO         1506    .ARM.Collect$$libinit$$0000001F  c_p.l(libinit2.o)
    0x0001013e   0x0001013e   0x00000000   Code   RO         1508    .ARM.Collect$$libinit$$00000021  c_p.l(libinit2.o)
    0x0001013e   0x0001013e   0x00000000   Code   RO         1510    .ARM.Collect$$libinit$$00000023  c_p.l(libinit2.o)
    0x0001013e   0x0001013e   0x00000000   Code   RO         1512    .ARM.Collect$$libinit$$00000025  c_p.l(libinit2.o)
    0x0001013e   0x0001013e   0x00000000   Code   RO         1516    .ARM.Collect$$libinit$$0000002C  c_p.l(libinit2.o)
    0x0001013e   0x0001013e   0x00000000   Code   RO         1518    .ARM.Collect$$libinit$$0000002E  c_p.l(libinit2.o)
    0x0001013e   0x0001013e   0x00000000   Code   RO         1520    .ARM.Collect$$libinit$$00000030  c_p.l(libinit2.o)
    0x0001013e   0x0001013e   0x00000000   Code   RO         1522    .ARM.Collect$$libinit$$00000032  c_p.l(libinit2.o)
    0x0001013e   0x0001013e   0x00000002   Code   RO         1523    .ARM.Collect$$libinit$$00000033  c_p.l(libinit2.o)
    0x00010140   0x00010140   0x00000002   Code   RO         1554    .ARM.Collect$$libshutdown$$00000000  c_p.l(libshutdown.o)
    0x00010142   0x00010142   0x00000000   Code   RO         1580    .ARM.Collect$$libshutdown$$00000002  c_p.l(libshutdown2.o)
    0x00010142   0x00010142   0x00000000   Code   RO         1582    .ARM.Collect$$libshutdown$$00000004  c_p.l(libshutdown2.o)
    0x00010142   0x00010142   0x00000000   Code   RO         1585    .ARM.Collect$$libshutdown$$00000007  c_p.l(libshutdown2.o)
    0x00010142   0x00010142   0x00000000   Code   RO         1588    .ARM.Collect$$libshutdown$$0000000A  c_p.l(libshutdown2.o)
    0x00010142   0x00010142   0x00000000   Code   RO         1590    .ARM.Collect$$libshutdown$$0000000C  c_p.l(libshutdown2.o)
    0x00010142   0x00010142   0x00000000   Code   RO         1593    .ARM.Collect$$libshutdown$$0000000F  c_p.l(libshutdown2.o)
    0x00010142   0x00010142   0x00000002   Code   RO         1594    .ARM.Collect$$libshutdown$$00000010  c_p.l(libshutdown2.o)
    0x00010144   0x00010144   0x00000000   Code   RO         1423    .ARM.Collect$$rtentry$$00000000  c_p.l(__rtentry.o)
    0x00010144   0x00010144   0x00000000   Code   RO         1432    .ARM.Collect$$rtentry$$00000002  c_p.l(__rtentry2.o)
    0x00010144   0x00010144   0x00000006   Code   RO         1444    .ARM.Collect$$rtentry$$00000004  c_p.l(__rtentry4.o)
    0x0001014a   0x0001014a   0x00000000   Code   RO         1434    .ARM.Collect$$rtentry$$00000009  c_p.l(__rtentry2.o)
    0x0001014a   0x0001014a   0x00000004   Code   RO         1435    .ARM.Collect$$rtentry$$0000000A  c_p.l(__rtentry2.o)
    0x0001014e   0x0001014e   0x00000000   Code   RO         1437    .ARM.Collect$$rtentry$$0000000C  c_p.l(__rtentry2.o)
    0x0001014e   0x0001014e   0x00000008   Code   RO         1438    .ARM.Collect$$rtentry$$0000000D  c_p.l(__rtentry2.o)
    0x00010156   0x00010156   0x00000002   Code   RO         1471    .ARM.Collect$$rtexit$$00000000  c_p.l(rtexit.o)
    0x00010158   0x00010158   0x00000000   Code   RO         1527    .ARM.Collect$$rtexit$$00000002  c_p.l(rtexit2.o)
    0x00010158   0x00010158   0x00000004   Code   RO         1528    .ARM.Collect$$rtexit$$00000003  c_p.l(rtexit2.o)
    0x0001015c   0x0001015c   0x00000006   Code   RO         1529    .ARM.Collect$$rtexit$$00000004  c_p.l(rtexit2.o)
    0x00010162   0x00010162   0x00000002   PAD
    0x00010164   0x00010164   0x00000034   Code   RO            4    .text               startup_es32f0283.o
    0x00010198   0x00010198   0x00000070   Code   RO         1389    .text               c_p.l(llsdiv.o)
    0x00010208   0x00010208   0x00000040   Code   RO         1391    .text               c_p.l(rt_memclr.o)
    0x00010248   0x00010248   0x0000015a   Code   RO         1393    .text               c_p.l(aeabi_sdiv.o)
    0x000103a2   0x000103a2   0x00000006   Code   RO         1397    .text               c_p.l(heapauxi.o)
    0x000103a8   0x000103a8   0x00000358   Code   RO         1401    .text               fz_ps.l(daddsub.o)
    0x00010700   0x00010700   0x00000448   Code   RO         1403    .text               fz_ps.l(ddiv.o)
    0x00010b48   0x00010b48   0x00000048   Code   RO         1408    .text               fz_ps.l(dfixui.o)
    0x00010b90   0x00010b90   0x00000058   Code   RO         1410    .text               fz_ps.l(dflti.o)
    0x00010be8   0x00010be8   0x00000248   Code   RO         1412    .text               fz_ps.l(dmul.o)
    0x00010e30   0x00010e30   0x00000060   Code   RO         1414    .text               fz_ps.l(dscalbn.o)
    0x00010e90   0x00010e90   0x00000102   Code   RO         1428    .text               c_p.l(lludiv.o)
    0x00010f92   0x00010f92   0x0000003e   Code   RO         1452    .text               c_p.l(sys_stackheap_outer.o)
    0x00010fd0   0x00010fd0   0x00000010   Code   RO         1455    .text               c_p.l(exit.o)
    0x00010fe0   0x00010fe0   0x00000008   Code   RO         1467    .text               c_p.l(libspace.o)
    0x00010fe8   0x00010fe8   0x0000000c   Code   RO         1524    .text               c_p.l(sys_exit.o)
    0x00010ff4   0x00010ff4   0x00000002   Code   RO         1543    .text               c_p.l(use_no_semi.o)
    0x00010ff6   0x00010ff6   0x00000000   Code   RO         1545    .text               c_p.l(indicate_semi.o)
    0x00010ff6   0x00010ff6   0x00000002   PAD
    0x00010ff8   0x00010ff8   0x00000040   Code   RO         1060    i.AD16C4T1_IRQHandler  timerx.o
    0x00011038   0x00011038   0x00000002   Code   RO          202    i.BS16T1_IRQHandler  interrupt.o
    0x0001103a   0x0001103a   0x00000002   PAD
    0x0001103c   0x0001103c   0x0000004c   Code   RO         1285    i.BatValueinit      bat.o
    0x00011088   0x00011088   0x00000002   Code   RO          203    i.DMA1_CH12_IRQHandler  interrupt.o
    0x0001108a   0x0001108a   0x00000002   Code   RO          204    i.DMA1_CH345_IRQHandler  interrupt.o
    0x0001108c   0x0001108c   0x00000002   Code   RO          205    i.EXTI_2to3_IRQHandler  interrupt.o
    0x0001108e   0x0001108e   0x00000002   Code   RO          206    i.GP16C2T1_IRQHandler  interrupt.o
    0x00011090   0x00011090   0x00000002   Code   RO          207    i.GP16C2T2_IRQHandler  interrupt.o
    0x00011092   0x00011092   0x00000002   Code   RO          208    i.GP16C2T3_IRQHandler  interrupt.o
    0x00011094   0x00011094   0x00000002   Code   RO          209    i.GP16C2T4_IRQHandler  interrupt.o
    0x00011096   0x00011096   0x00000002   Code   RO          210    i.GP16C4T2_IRQHandler  interrupt.o
    0x00011098   0x00011098   0x00000002   Code   RO          211    i.GP16C4T3_IRQHandler  interrupt.o
    0x0001109a   0x0001109a   0x00000002   Code   RO          212    i.GP32C4T1_IRQHandler  interrupt.o
    0x0001109c   0x0001109c   0x00000038   Code   RO         1000    i.Gpio_UartX        gpiox.o
    0x000110d4   0x000110d4   0x00000028   Code   RO         1001    i.Gpio_normalIO     gpiox.o
    0x000110fc   0x000110fc   0x0000000c   Code   RO         1002    i.GpioxInit         gpiox.o
    0x00011108   0x00011108   0x00000002   Code   RO          213    i.HARDFAULT_Handler  interrupt.o
    0x0001110a   0x0001110a   0x00000002   Code   RO          214    i.I2C1_IRQHandler   interrupt.o
    0x0001110c   0x0001110c   0x00000002   Code   RO          215    i.I2C2_IRQHandler   interrupt.o
    0x0001110e   0x0001110e   0x00000002   Code   RO          216    i.NMI_Handler       interrupt.o
    0x00011110   0x00011110   0x00000002   Code   RO          217    i.PENDSV_Handler    interrupt.o
    0x00011112   0x00011112   0x00000002   Code   RO          218    i.PVD_IRQHandler    interrupt.o
    0x00011114   0x00011114   0x00000002   Code   RO          219    i.RCU_CSU_IRQHandler  interrupt.o
    0x00011116   0x00011116   0x00000002   Code   RO          220    i.RTC_IRQHandler    interrupt.o
    0x00011118   0x00011118   0x00000002   Code   RO          221    i.SPI1_IRQHandler   interrupt.o
    0x0001111a   0x0001111a   0x00000002   Code   RO          222    i.SPI2_IRQHandler   interrupt.o
    0x0001111c   0x0001111c   0x00000002   Code   RO          223    i.SPI3_IRQHandler   interrupt.o
    0x0001111e   0x0001111e   0x00000002   Code   RO          224    i.SVC_Handler       interrupt.o
    0x00011120   0x00011120   0x00000002   Code   RO          225    i.SYSTICK_Handler   interrupt.o
    0x00011122   0x00011122   0x00000002   Code   RO           12    i.SystemInit        system_es32f0283.o
    0x00011124   0x00011124   0x00000074   Code   RO         1174    i.UART1_IRQHandler  uartxbat.o
    0x00011198   0x00011198   0x00000002   Code   RO          226    i.USB_IRQHandler    interrupt.o
    0x0001119a   0x0001119a   0x00000002   PAD
    0x0001119c   0x0001119c   0x00000014   Code   RO         1175    i.UartBATRXvalueinit  uartxbat.o
    0x000111b0   0x000111b0   0x00000054   Code   RO         1176    i.UartBATRxchuli    uartxbat.o
    0x00011204   0x00011204   0x00000024   Code   RO         1177    i.UartBATRxgetdata  uartxbat.o
    0x00011228   0x00011228   0x00000058   Code   RO         1178    i.UartBATRxjieshou  uartxbat.o
    0x00011280   0x00011280   0x00000024   Code   RO         1179    i.UartBATTXvalueinit  uartxbat.o
    0x000112a4   0x000112a4   0x00000002   Code   RO          227    i.WAKEUP_IRQHandler  interrupt.o
    0x000112a6   0x000112a6   0x00000002   Code   RO          228    i.WWDT_IRQHandler   interrupt.o
    0x000112a8   0x000112a8   0x0000002e   Code   RO          620    i.__ARM_clz         md_gpio.o
    0x000112d6   0x000112d6   0x0000001a   Code   RO         1227    i.__ARM_common_switch8  uartxbat.o
    0x000112f0   0x000112f0   0x00000034   Code   RO         1354    i.bspCLKInit        config.o
    0x00011324   0x00011324   0x00000050   Code   RO         1355    i.bspinit           config.o
    0x00011374   0x00011374   0x000000bc   Code   RO         1239    i.flashfunc         flashx.o
    0x00011430   0x00011430   0x00000030   Code   RO         1240    i.flashvalueinit    flashx.o
    0x00011460   0x00011460   0x00000020   Code   RO         1334    i.main              main.o
    0x00011480   0x00011480   0x00000024   Code   RO          854    i.md_fc_lock        md_fc.o
    0x000114a4   0x000114a4   0x00000030   Code   RO          867    i.md_fc_unlock      md_fc.o
    0x000114d4   0x000114d4   0x00000240   Code   RO          600    i.md_gpio_init      md_gpio.o
    0x00011714   0x00011714   0x00000040   Code   RO          636    i.md_rcu_check_hosc_ready  md_rcu.o
    0x00011754   0x00011754   0x00000100   Code   RO          637    i.md_rcu_pll0_init  md_rcu.o
    0x00011854   0x00011854   0x000002d4   Code   RO          638    i.md_rcu_sys_init   md_rcu.o
    0x00011b28   0x00011b28   0x00000044   Code   RO          639    i.md_tick_init_rcu  md_rcu.o
    0x00011b6c   0x00011b6c   0x00000040   Code   RO          642    i.md_tick_waitms_rcu  md_rcu.o
    0x00011bac   0x00011bac   0x00000068   Code   RO          765    i.md_uart_init      md_uart.o
    0x00011c14   0x00011c14   0x00000018   Code   RO          770    i.md_uart_setting_baudrate  md_uart.o
    0x00011c2c   0x00011c2c   0x00000024   Code   RO         1063    i.tick1s            timerx.o
    0x00011c50   0x00011c50   0x0000002c   Code   RO         1065    i.timxinit          timerx.o
    0x00011c7c   0x00011c7c   0x00000010   Code   RO         1066    i.timxvalueinit     timerx.o
    0x00011c8c   0x00011c8c   0x00000038   Code   RO         1128    i.uartxinit         uartx.o
    0x00011cc4   0x00011cc4   0x00000024   Code   RO         1129    i.uartxvaluinit     uartx.o
    0x00011ce8   0x00011ce8   0x00000014   Code   RO         1356    i.valueinit         config.o
    0x00011cfc   0x00011cfc   0x00000000   Code   RO         1430    x$fpl$usenofp       fz_ps.l(usenofp.o)
    0x00011cfc   0x00011cfc   0x00000080   Data   RO         1404    .constdata          fz_ps.l(ddiv.o)
    0x00011d7c   0x00011d7c   0x00000020   Data   RO         1595    Region$$Table       anon$$obj.o


    Execution Region RW_IRAM1 (Exec base: 0x200000c0, Load base: 0x00011d9c, Size: 0x000004c8, Max: 0x00001f40, ABSOLUTE)

    Exec Addr    Load Addr    Size         Type   Attr      Idx    E Section Name        Object

    0x200000c0   0x00011d9c   0x00000004   Data   RW           13    .data               system_es32f0283.o
    0x200000c4   0x00011da0   0x00000004   Data   RW           14    .data               system_es32f0283.o
    0x200000c8   0x00011da4   0x00000004   Data   RW           15    .data               system_es32f0283.o
    0x200000cc   0x00011da8   0x00000004   Data   RW           16    .data               system_es32f0283.o
    0x200000d0   0x00011dac   0x0000000c   Data   RW          643    .data               md_rcu.o
    0x200000dc   0x00011db8   0x00000008   Data   RW         1067    .data               timerx.o
    0x200000e4   0x00011dc0   0x0000000e   Data   RW         1130    .data               uartx.o
    0x200000f2   0x00011dce   0x00000002   PAD
    0x200000f4   0x00011dd0   0x0000000e   Data   RW         1181    .data               uartxbat.o
    0x20000102   0x00011dde   0x00000002   PAD
    0x20000104   0x00011de0   0x00000008   Data   RW         1241    .data               flashx.o
    0x2000010c   0x00011de8   0x0000000f   Data   RW         1290    .data               bat.o
    0x2000011b   0x00011df7   0x00000001   PAD
    0x2000011c        -       0x0000000c   Zero   RW         1289    .bss                bat.o
    0x20000128        -       0x00000060   Zero   RW         1468    .bss                c_p.l(libspace.o)
    0x20000188        -       0x00000000   Zero   RW            2    HEAP                startup_es32f0283.o
    0x20000188        -       0x00000400   Zero   RW            1    STACK               startup_es32f0283.o


==============================================================================

Image component sizes


      Code (inc. data)   RO Data    RW Data    ZI Data      Debug   Object Name

        76         10          0         15         12       2037   bat.o
       152         18          0          0          0      30715   config.o
       236         30          0          8          0      42342   flashx.o
       108         10          0          0          0       2391   gpiox.o
        54          0          0          0          0      10523   interrupt.o
        32          4          0          0          0        395   main.o
        84         18          0          0          0       5452   md_fc.o
       622          0          0          0          0      11227   md_gpio.o
      1176        126          0         12          0      41763   md_rcu.o
       128          4          0          0          0      16822   md_uart.o
        52         22        192          0       1024        628   startup_es32f0283.o
         2          0          0         16          0     111781   system_es32f0283.o
       160         32          0          8          0      46570   timerx.o
        92         12          0         14          0      16456   uartx.o
       406         74          0         14          0      18332   uartxbat.o

    ----------------------------------------------------------------------
      3384        360        224         92       1036     357434   Object Totals
         0          0         32          0          0          0   (incl. Generated)
         4          0          0          5          0          0   (incl. Padding)

    ----------------------------------------------------------------------

      Code (inc. data)   RO Data    RW Data    ZI Data      Debug   Library Member Name

         8          0          0          0          0         68   __main.o
         0          0          0          0          0          0   __rtentry.o
        12          0          0          0          0          0   __rtentry2.o
         6          0          0          0          0          0   __rtentry4.o
        60          8          0          0          0          0   __scatter.o
        26          0          0          0          0          0   __scatter_copy.o
        28          0          0          0          0          0   __scatter_zi.o
       346          0          0          0          0         92   aeabi_sdiv.o
        16          0          0          0          0         68   exit.o
         6          0          0          0          0        136   heapauxi.o
         0          0          0          0          0          0   indicate_semi.o
         2          0          0          0          0          0   libinit.o
         2          0          0          0          0          0   libinit2.o
         2          0          0          0          0          0   libshutdown.o
         2          0          0          0          0          0   libshutdown2.o
         8          4          0          0         96         68   libspace.o
       112          0          0          0          0         72   llsdiv.o
       258          0          0          0          0         88   lludiv.o
        64          0          0          0          0        108   rt_memclr.o
         2          0          0          0          0          0   rtexit.o
        10          0          0          0          0          0   rtexit2.o
        12          4          0          0          0         60   sys_exit.o
        62          0          0          0          0         80   sys_stackheap_outer.o
         2          0          0          0          0         68   use_no_semi.o
       856         20          0          0          0        208   daddsub.o
      1096         26        128          0          0        112   ddiv.o
        72          4          0          0          0         68   dfixui.o
        88          0          0          0          0         92   dflti.o
       584         26          0          0          0         84   dmul.o
        96         12          0          0          0         72   dscalbn.o
         0          0          0          0          0          0   usenofp.o

    ----------------------------------------------------------------------
      3844        104        128          0         96       1544   Library Totals
         6          0          0          0          0          0   (incl. Padding)

    ----------------------------------------------------------------------

      Code (inc. data)   RO Data    RW Data    ZI Data      Debug   Library Name

      1046         16          0          0         96        908   c_p.l
      2792         88        128          0          0        636   fz_ps.l

    ----------------------------------------------------------------------
      3844        104        128          0         96       1544   Library Totals

    ----------------------------------------------------------------------

==============================================================================


      Code (inc. data)   RO Data    RW Data    ZI Data      Debug   

      7228        464        352         92       1132     355842   Grand Totals
      7228        464        352         92       1132     355842   ELF Image Totals
      7228        464        352         92          0          0   ROM Totals

==============================================================================

    Total RO  Size (Code + RO Data)                 7580 (   7.40kB)
    Total RW  Size (RW Data + ZI Data)              1224 (   1.20kB)
    Total ROM Size (Code + RO Data + RW Data)       7672 (   7.49kB)

==============================================================================

