Component: ARM Compiler 5.06 update 6 (build 750) Tool: armlink [4d35ed]

==============================================================================

Image Symbol Table

    Local Symbols

    Symbol Name                              Value     Ov Type        Size  Object(Section)

    RESET                                    0x00000000   Section      192  startup_es32f0283.o(RESET)
    ../clib/angel/boardlib.s                 0x00000000   Number         0  boardshut.o ABSOLUTE
    ../clib/angel/boardlib.s                 0x00000000   Number         0  boardinit1.o ABSOLUTE
    ../clib/angel/boardlib.s                 0x00000000   Number         0  boardinit2.o ABSOLUTE
    ../clib/angel/boardlib.s                 0x00000000   Number         0  boardinit3.o ABSOLUTE
    ../clib/angel/handlers.s                 0x00000000   Number         0  __scatter_zi.o ABSOLUTE
    ../clib/angel/handlers.s                 0x00000000   Number         0  __scatter_copy.o ABSOLUTE
    ../clib/angel/kernel.s                   0x00000000   Number         0  __rtentry4.o ABSOLUTE
    ../clib/angel/kernel.s                   0x00000000   Number         0  __rtentry2.o ABSOLUTE
    ../clib/angel/kernel.s                   0x00000000   Number         0  rtexit.o ABSOLUTE
    ../clib/angel/kernel.s                   0x00000000   Number         0  rtexit2.o ABSOLUTE
    ../clib/angel/kernel.s                   0x00000000   Number         0  __rtentry.o ABSOLUTE
    ../clib/angel/rt.s                       0x00000000   Number         0  aeabi_idiv0.o ABSOLUTE
    ../clib/angel/rt.s                       0x00000000   Number         0  aeabi_idiv0_sigfpe.o ABSOLUTE
    ../clib/angel/rt.s                       0x00000000   Number         0  rt_div0.o ABSOLUTE
    ../clib/angel/rt.s                       0x00000000   Number         0  aeabi_ldiv0.o ABSOLUTE
    ../clib/angel/rt.s                       0x00000000   Number         0  aeabi_ldiv0_sigfpe.o ABSOLUTE
    ../clib/angel/rt.s                       0x00000000   Number         0  rt_raise.o ABSOLUTE
    ../clib/angel/scatterp.s                 0x00000000   Number         0  __scatter.o ABSOLUTE
    ../clib/angel/startup.s                  0x00000000   Number         0  __main.o ABSOLUTE
    ../clib/angel/sys.s                      0x00000000   Number         0  libspace.o ABSOLUTE
    ../clib/angel/sys.s                      0x00000000   Number         0  tempstk.o ABSOLUTE
    ../clib/angel/sys.s                      0x00000000   Number         0  sys_stackheap_outer.o ABSOLUTE
    ../clib/angel/sys.s                      0x00000000   Number         0  use_no_semi.o ABSOLUTE
    ../clib/angel/sys.s                      0x00000000   Number         0  indicate_semi.o ABSOLUTE
    ../clib/angel/sysapp.c                   0x00000000   Number         0  sys_command.o ABSOLUTE
    ../clib/angel/sysapp.c                   0x00000000   Number         0  sys_exit.o ABSOLUTE
    ../clib/angel/sysapp.c                   0x00000000   Number         0  sys_wrch.o ABSOLUTE
    ../clib/armsys.c                         0x00000000   Number         0  no_argv.o ABSOLUTE
    ../clib/armsys.c                         0x00000000   Number         0  argv_veneer.o ABSOLUTE
    ../clib/armsys.c                         0x00000000   Number         0  _get_argv_nomalloc.o ABSOLUTE
    ../clib/division.c                       0x00000000   Number         0  lludiv.o ABSOLUTE
    ../clib/division.c                       0x00000000   Number         0  llsdiv.o ABSOLUTE
    ../clib/division.s                       0x00000000   Number         0  aeabi_sdiv_div0.o ABSOLUTE
    ../clib/division.s                       0x00000000   Number         0  aeabi_sdiv.o ABSOLUTE
    ../clib/heapalloc.c                      0x00000000   Number         0  hrguard.o ABSOLUTE
    ../clib/heapaux.c                        0x00000000   Number         0  heapauxi.o ABSOLUTE
    ../clib/libinit.s                        0x00000000   Number         0  libinit.o ABSOLUTE
    ../clib/libinit.s                        0x00000000   Number         0  libshutdown2.o ABSOLUTE
    ../clib/libinit.s                        0x00000000   Number         0  libinit2.o ABSOLUTE
    ../clib/libinit.s                        0x00000000   Number         0  libshutdown.o ABSOLUTE
    ../clib/memcpset.c                       0x00000000   Number         0  rt_memclr.o ABSOLUTE
    ../clib/memcpset.c                       0x00000000   Number         0  rt_memcpy.o ABSOLUTE
    ../clib/memcpset.c                       0x00000000   Number         0  rt_memcpy.o ABSOLUTE
    ../clib/signal.c                         0x00000000   Number         0  defsig_fpe_inner.o ABSOLUTE
    ../clib/signal.c                         0x00000000   Number         0  defsig_stak_inner.o ABSOLUTE
    ../clib/signal.c                         0x00000000   Number         0  defsig_pvfn_inner.o ABSOLUTE
    ../clib/signal.c                         0x00000000   Number         0  defsig_exit.o ABSOLUTE
    ../clib/signal.c                         0x00000000   Number         0  defsig_rtred_inner.o ABSOLUTE
    ../clib/signal.c                         0x00000000   Number         0  defsig_other.o ABSOLUTE
    ../clib/signal.c                         0x00000000   Number         0  defsig_general.o ABSOLUTE
    ../clib/signal.c                         0x00000000   Number         0  defsig_cppl_inner.o ABSOLUTE
    ../clib/signal.c                         0x00000000   Number         0  defsig_abrt_inner.o ABSOLUTE
    ../clib/signal.c                         0x00000000   Number         0  __raise.o ABSOLUTE
    ../clib/signal.c                         0x00000000   Number         0  defsig_segv_inner.o ABSOLUTE
    ../clib/signal.c                         0x00000000   Number         0  defsig_rtmem_inner.o ABSOLUTE
    ../clib/signal.c                         0x00000000   Number         0  defsig_rtmem_outer.o ABSOLUTE
    ../clib/signal.c                         0x00000000   Number         0  defsig_rtmem_formal.o ABSOLUTE
    ../clib/signal.c                         0x00000000   Number         0  defsig_fpe_formal.o ABSOLUTE
    ../clib/signal.c                         0x00000000   Number         0  defsig_fpe_outer.o ABSOLUTE
    ../clib/signal.s                         0x00000000   Number         0  defsig.o ABSOLUTE
    ../clib/stdlib.c                         0x00000000   Number         0  exit.o ABSOLUTE
    ../fplib/cfplib/daddsub.c                0x00000000   Number         0  daddsub.o ABSOLUTE
    ../fplib/cfplib/ddiv.c                   0x00000000   Number         0  ddiv.o ABSOLUTE
    ../fplib/cfplib/dmul.c                   0x00000000   Number         0  dmul.o ABSOLUTE
    ../fplib/cfplib/f2d.c                    0x00000000   Number         0  f2d.o ABSOLUTE
    ../fplib/cfplib/fdiv.c                   0x00000000   Number         0  fdiv.o ABSOLUTE
    ../fplib/cfplib/ffix.c                   0x00000000   Number         0  dfixui.o ABSOLUTE
    ../fplib/cfplib/ffix.c                   0x00000000   Number         0  dfixi.o ABSOLUTE
    ../fplib/cfplib/fflt.c                   0x00000000   Number         0  dflti.o ABSOLUTE
    ../fplib/cfplib/fflt.c                   0x00000000   Number         0  fflti.o ABSOLUTE
    ../fplib/cfplib/fpinit.c                 0x00000000   Number         0  fpinit.o ABSOLUTE
    ../fplib/cfplib/scalbn.c                 0x00000000   Number         0  dscalbn.o ABSOLUTE
    ../fplib/usenofp.s                       0x00000000   Number         0  usenofp.o ABSOLUTE
    _0sys\\interrupt.c                       0x00000000   Number         0  interrupt.o ABSOLUTE
    _0sys\\system_es32f0283.c                0x00000000   Number         0  system_es32f0283.o ABSOLUTE
    _0sys\interrupt.c                        0x00000000   Number         0  interrupt.o ABSOLUTE
    _0sys\startup_es32f0283.s                0x00000000   Number         0  startup_es32f0283.o ABSOLUTE
    _0sys\system_es32f0283.c                 0x00000000   Number         0  system_es32f0283.o ABSOLUTE
    _1library\LIB_MD\Source\md_adc.c         0x00000000   Number         0  md_adc.o ABSOLUTE
    _1library\LIB_MD\Source\md_dma.c         0x00000000   Number         0  md_dma.o ABSOLUTE
    _1library\LIB_MD\Source\md_fc.c          0x00000000   Number         0  md_fc.o ABSOLUTE
    _1library\LIB_MD\Source\md_gpio.c        0x00000000   Number         0  md_gpio.o ABSOLUTE
    _1library\LIB_MD\Source\md_rcu.c         0x00000000   Number         0  md_rcu.o ABSOLUTE
    _1library\LIB_MD\Source\md_tick.c        0x00000000   Number         0  md_tick.o ABSOLUTE
    _1library\LIB_MD\Source\md_uart.c        0x00000000   Number         0  md_uart.o ABSOLUTE
    _1library\LIB_MD\Source\md_wwdt.c        0x00000000   Number         0  md_wwdt.o ABSOLUTE
    _1library\\LIB_MD\\Source\\md_adc.c      0x00000000   Number         0  md_adc.o ABSOLUTE
    _1library\\LIB_MD\\Source\\md_dma.c      0x00000000   Number         0  md_dma.o ABSOLUTE
    _1library\\LIB_MD\\Source\\md_fc.c       0x00000000   Number         0  md_fc.o ABSOLUTE
    _1library\\LIB_MD\\Source\\md_gpio.c     0x00000000   Number         0  md_gpio.o ABSOLUTE
    _1library\\LIB_MD\\Source\\md_rcu.c      0x00000000   Number         0  md_rcu.o ABSOLUTE
    _1library\\LIB_MD\\Source\\md_tick.c     0x00000000   Number         0  md_tick.o ABSOLUTE
    _1library\\LIB_MD\\Source\\md_uart.c     0x00000000   Number         0  md_uart.o ABSOLUTE
    _1library\\LIB_MD\\Source\\md_wwdt.c     0x00000000   Number         0  md_wwdt.o ABSOLUTE
    _2bsp\Bat.c                              0x00000000   Number         0  bat.o ABSOLUTE
    _2bsp\\flashx.c                          0x00000000   Number         0  flashx.o ABSOLUTE
    _2bsp\\gpiox.c                           0x00000000   Number         0  gpiox.o ABSOLUTE
    _2bsp\\jump.c                            0x00000000   Number         0  jump.o ABSOLUTE
    _2bsp\\timerx.c                          0x00000000   Number         0  timerx.o ABSOLUTE
    _2bsp\\uartx.c                           0x00000000   Number         0  uartx.o ABSOLUTE
    _2bsp\\uartxBAT.c                        0x00000000   Number         0  uartxbat.o ABSOLUTE
    _2bsp\flashx.c                           0x00000000   Number         0  flashx.o ABSOLUTE
    _2bsp\gpiox.c                            0x00000000   Number         0  gpiox.o ABSOLUTE
    _2bsp\jump.c                             0x00000000   Number         0  jump.o ABSOLUTE
    _2bsp\timerx.c                           0x00000000   Number         0  timerx.o ABSOLUTE
    _2bsp\uartx.c                            0x00000000   Number         0  uartx.o ABSOLUTE
    _2bsp\uartxBAT.c                         0x00000000   Number         0  uartxbat.o ABSOLUTE
    config.c                                 0x00000000   Number         0  config.o ABSOLUTE
    config.c                                 0x00000000   Number         0  config.o ABSOLUTE
    dc.s                                     0x00000000   Number         0  dc.o ABSOLUTE
    main.c                                   0x00000000   Number         0  main.o ABSOLUTE
    main.c                                   0x00000000   Number         0  main.o ABSOLUTE
    !!!main                                  0x000000c0   Section        8  __main.o(!!!main)
    !!!scatter                               0x000000c8   Section       60  __scatter.o(!!!scatter)
    !!handler_copy                           0x00000104   Section       26  __scatter_copy.o(!!handler_copy)
    !!handler_zi                             0x00000120   Section       28  __scatter_zi.o(!!handler_zi)
    .ARM.Collect$$libinit$$00000000          0x0000013c   Section        2  libinit.o(.ARM.Collect$$libinit$$00000000)
    .ARM.Collect$$libinit$$00000002          0x0000013e   Section        0  libinit2.o(.ARM.Collect$$libinit$$00000002)
    .ARM.Collect$$libinit$$00000004          0x0000013e   Section        0  libinit2.o(.ARM.Collect$$libinit$$00000004)
    .ARM.Collect$$libinit$$0000000A          0x0000013e   Section        0  libinit2.o(.ARM.Collect$$libinit$$0000000A)
    .ARM.Collect$$libinit$$0000000C          0x0000013e   Section        0  libinit2.o(.ARM.Collect$$libinit$$0000000C)
    .ARM.Collect$$libinit$$0000000E          0x0000013e   Section        0  libinit2.o(.ARM.Collect$$libinit$$0000000E)
    .ARM.Collect$$libinit$$00000011          0x0000013e   Section        0  libinit2.o(.ARM.Collect$$libinit$$00000011)
    .ARM.Collect$$libinit$$00000013          0x0000013e   Section        0  libinit2.o(.ARM.Collect$$libinit$$00000013)
    .ARM.Collect$$libinit$$00000015          0x0000013e   Section        0  libinit2.o(.ARM.Collect$$libinit$$00000015)
    .ARM.Collect$$libinit$$00000017          0x0000013e   Section        0  libinit2.o(.ARM.Collect$$libinit$$00000017)
    .ARM.Collect$$libinit$$00000019          0x0000013e   Section        0  libinit2.o(.ARM.Collect$$libinit$$00000019)
    .ARM.Collect$$libinit$$0000001B          0x0000013e   Section        0  libinit2.o(.ARM.Collect$$libinit$$0000001B)
    .ARM.Collect$$libinit$$0000001D          0x0000013e   Section        0  libinit2.o(.ARM.Collect$$libinit$$0000001D)
    .ARM.Collect$$libinit$$0000001F          0x0000013e   Section        0  libinit2.o(.ARM.Collect$$libinit$$0000001F)
    .ARM.Collect$$libinit$$00000021          0x0000013e   Section        0  libinit2.o(.ARM.Collect$$libinit$$00000021)
    .ARM.Collect$$libinit$$00000023          0x0000013e   Section        0  libinit2.o(.ARM.Collect$$libinit$$00000023)
    .ARM.Collect$$libinit$$00000025          0x0000013e   Section        0  libinit2.o(.ARM.Collect$$libinit$$00000025)
    .ARM.Collect$$libinit$$0000002C          0x0000013e   Section        0  libinit2.o(.ARM.Collect$$libinit$$0000002C)
    .ARM.Collect$$libinit$$0000002E          0x0000013e   Section        0  libinit2.o(.ARM.Collect$$libinit$$0000002E)
    .ARM.Collect$$libinit$$00000030          0x0000013e   Section        0  libinit2.o(.ARM.Collect$$libinit$$00000030)
    .ARM.Collect$$libinit$$00000032          0x0000013e   Section        0  libinit2.o(.ARM.Collect$$libinit$$00000032)
    .ARM.Collect$$libinit$$00000033          0x0000013e   Section        2  libinit2.o(.ARM.Collect$$libinit$$00000033)
    .ARM.Collect$$libshutdown$$00000000      0x00000140   Section        2  libshutdown.o(.ARM.Collect$$libshutdown$$00000000)
    .ARM.Collect$$libshutdown$$00000002      0x00000142   Section        0  libshutdown2.o(.ARM.Collect$$libshutdown$$00000002)
    .ARM.Collect$$libshutdown$$00000004      0x00000142   Section        0  libshutdown2.o(.ARM.Collect$$libshutdown$$00000004)
    .ARM.Collect$$libshutdown$$00000007      0x00000142   Section        0  libshutdown2.o(.ARM.Collect$$libshutdown$$00000007)
    .ARM.Collect$$libshutdown$$0000000A      0x00000142   Section        0  libshutdown2.o(.ARM.Collect$$libshutdown$$0000000A)
    .ARM.Collect$$libshutdown$$0000000C      0x00000142   Section        0  libshutdown2.o(.ARM.Collect$$libshutdown$$0000000C)
    .ARM.Collect$$libshutdown$$0000000F      0x00000142   Section        0  libshutdown2.o(.ARM.Collect$$libshutdown$$0000000F)
    .ARM.Collect$$libshutdown$$00000010      0x00000142   Section        2  libshutdown2.o(.ARM.Collect$$libshutdown$$00000010)
    .ARM.Collect$$rtentry$$00000000          0x00000144   Section        0  __rtentry.o(.ARM.Collect$$rtentry$$00000000)
    .ARM.Collect$$rtentry$$00000002          0x00000144   Section        0  __rtentry2.o(.ARM.Collect$$rtentry$$00000002)
    .ARM.Collect$$rtentry$$00000004          0x00000144   Section        6  __rtentry4.o(.ARM.Collect$$rtentry$$00000004)
    .ARM.Collect$$rtentry$$00000009          0x0000014a   Section        0  __rtentry2.o(.ARM.Collect$$rtentry$$00000009)
    .ARM.Collect$$rtentry$$0000000A          0x0000014a   Section        4  __rtentry2.o(.ARM.Collect$$rtentry$$0000000A)
    .ARM.Collect$$rtentry$$0000000C          0x0000014e   Section        0  __rtentry2.o(.ARM.Collect$$rtentry$$0000000C)
    .ARM.Collect$$rtentry$$0000000D          0x0000014e   Section        8  __rtentry2.o(.ARM.Collect$$rtentry$$0000000D)
    .ARM.Collect$$rtexit$$00000000           0x00000156   Section        2  rtexit.o(.ARM.Collect$$rtexit$$00000000)
    .ARM.Collect$$rtexit$$00000002           0x00000158   Section        0  rtexit2.o(.ARM.Collect$$rtexit$$00000002)
    .ARM.Collect$$rtexit$$00000003           0x00000158   Section        4  rtexit2.o(.ARM.Collect$$rtexit$$00000003)
    .ARM.Collect$$rtexit$$00000004           0x0000015c   Section        6  rtexit2.o(.ARM.Collect$$rtexit$$00000004)
    .emb_text                                0x00000164   Section       56  rt_memcpy.o(.emb_text)
    .text                                    0x0000019c   Section       52  startup_es32f0283.o(.text)
    .text                                    0x000001d0   Section        0  llsdiv.o(.text)
    .text                                    0x00000240   Section        0  rt_memclr.o(.text)
    .text                                    0x00000280   Section      346  aeabi_sdiv.o(.text)
    .text                                    0x000003da   Section        0  heapauxi.o(.text)
    .text                                    0x000003e0   Section        0  daddsub.o(.text)
    _dadd1                                   0x000003e1   Thumb Code   290  daddsub.o(.text)
    _dsub1                                   0x00000503   Thumb Code   470  daddsub.o(.text)
    .text                                    0x00000738   Section        0  ddiv.o(.text)
    .text                                    0x00000b80   Section        0  dfixui.o(.text)
    .text                                    0x00000bc8   Section        0  dflti.o(.text)
    .text                                    0x00000c20   Section        0  dmul.o(.text)
    .text                                    0x00000e68   Section        0  dscalbn.o(.text)
    .text                                    0x00000ec8   Section        0  lludiv.o(.text)
    .text                                    0x00000fca   Section       62  sys_stackheap_outer.o(.text)
    .text                                    0x00001008   Section        0  exit.o(.text)
    .text                                    0x00001018   Section        8  libspace.o(.text)
    .text                                    0x00001020   Section        0  sys_exit.o(.text)
    .text                                    0x0000102c   Section        2  use_no_semi.o(.text)
    .text                                    0x0000102e   Section        0  indicate_semi.o(.text)
    i.AD16C4T1_IRQHandler                    0x00001030   Section        0  timerx.o(i.AD16C4T1_IRQHandler)
    i.BS16T1_IRQHandler                      0x0000106c   Section        0  interrupt.o(i.BS16T1_IRQHandler)
    i.BatValueinit                           0x00001070   Section        0  bat.o(i.BatValueinit)
    i.DMA1_CH12_IRQHandler                   0x000010bc   Section        0  interrupt.o(i.DMA1_CH12_IRQHandler)
    i.DMA1_CH345_IRQHandler                  0x000010be   Section        0  interrupt.o(i.DMA1_CH345_IRQHandler)
    i.EXTI_2to3_IRQHandler                   0x000010c0   Section        0  interrupt.o(i.EXTI_2to3_IRQHandler)
    i.GP16C2T1_IRQHandler                    0x000010c2   Section        0  interrupt.o(i.GP16C2T1_IRQHandler)
    i.GP16C2T2_IRQHandler                    0x000010c4   Section        0  interrupt.o(i.GP16C2T2_IRQHandler)
    i.GP16C2T3_IRQHandler                    0x000010c6   Section        0  interrupt.o(i.GP16C2T3_IRQHandler)
    i.GP16C2T4_IRQHandler                    0x000010c8   Section        0  interrupt.o(i.GP16C2T4_IRQHandler)
    i.GP16C4T2_IRQHandler                    0x000010ca   Section        0  interrupt.o(i.GP16C4T2_IRQHandler)
    i.GP16C4T3_IRQHandler                    0x000010cc   Section        0  interrupt.o(i.GP16C4T3_IRQHandler)
    i.GP32C4T1_IRQHandler                    0x000010ce   Section        0  interrupt.o(i.GP32C4T1_IRQHandler)
    i.Gpio_UartX                             0x000010d0   Section        0  gpiox.o(i.Gpio_UartX)
    i.Gpio_normalIO                          0x00001108   Section        0  gpiox.o(i.Gpio_normalIO)
    i.GpioxInit                              0x00001130   Section        0  gpiox.o(i.GpioxInit)
    i.HARDFAULT_Handler                      0x0000113c   Section        0  interrupt.o(i.HARDFAULT_Handler)
    i.I2C1_IRQHandler                        0x0000113e   Section        0  interrupt.o(i.I2C1_IRQHandler)
    i.I2C2_IRQHandler                        0x00001140   Section        0  interrupt.o(i.I2C2_IRQHandler)
    i.JumpFunc                               0x00001144   Section        0  jump.o(i.JumpFunc)
    i.NMI_Handler                            0x0000118c   Section        0  interrupt.o(i.NMI_Handler)
    i.PENDSV_Handler                         0x0000118e   Section        0  interrupt.o(i.PENDSV_Handler)
    i.PVD_IRQHandler                         0x00001190   Section        0  interrupt.o(i.PVD_IRQHandler)
    i.RCU_CSU_IRQHandler                     0x00001192   Section        0  interrupt.o(i.RCU_CSU_IRQHandler)
    i.RTC_IRQHandler                         0x00001194   Section        0  interrupt.o(i.RTC_IRQHandler)
    i.SPI1_IRQHandler                        0x00001196   Section        0  interrupt.o(i.SPI1_IRQHandler)
    i.SPI2_IRQHandler                        0x00001198   Section        0  interrupt.o(i.SPI2_IRQHandler)
    i.SPI3_IRQHandler                        0x0000119a   Section        0  interrupt.o(i.SPI3_IRQHandler)
    i.SVC_Handler                            0x0000119c   Section        0  interrupt.o(i.SVC_Handler)
    i.SYSTICK_Handler                        0x0000119e   Section        0  interrupt.o(i.SYSTICK_Handler)
    i.SystemInit                             0x000011a0   Section        0  system_es32f0283.o(i.SystemInit)
    i.UART1_IRQHandler                       0x000011a4   Section        0  uartxbat.o(i.UART1_IRQHandler)
    i.USB_IRQHandler                         0x00001218   Section        0  interrupt.o(i.USB_IRQHandler)
    i.UartBATRXvalueinit                     0x0000121c   Section        0  uartxbat.o(i.UartBATRXvalueinit)
    i.UartBATRxgetdata                       0x00001230   Section        0  uartxbat.o(i.UartBATRxgetdata)
    i.UartBATRxjieshou                       0x00001254   Section        0  uartxbat.o(i.UartBATRxjieshou)
    i.UartBATTXvalueinit                     0x000012ac   Section        0  uartxbat.o(i.UartBATTXvalueinit)
    i.WAKEUP_IRQHandler                      0x000012d0   Section        0  interrupt.o(i.WAKEUP_IRQHandler)
    i.WWDT_IRQHandler                        0x000012d2   Section        0  interrupt.o(i.WWDT_IRQHandler)
    i.__ARM_clz                              0x000012d4   Section        0  md_gpio.o(i.__ARM_clz)
    i.__ARM_common_switch8                   0x00001302   Section        0  uartxbat.o(i.__ARM_common_switch8)
    i.bspCLKInit                             0x0000131c   Section        0  config.o(i.bspCLKInit)
    i.bspinit                                0x00001350   Section        0  config.o(i.bspinit)
    i.flashAPPerase                          0x000013a0   Section        0  flashx.o(i.flashAPPerase)
    i.main                                   0x000013fc   Section        0  main.o(i.main)
    i.md_fc_lock                             0x00001434   Section        0  md_fc.o(i.md_fc_lock)
    i.md_fc_unlock                           0x00001458   Section        0  md_fc.o(i.md_fc_unlock)
    i.md_gpio_init                           0x00001488   Section        0  md_gpio.o(i.md_gpio_init)
    i.md_rcu_check_hosc_ready                0x000016c8   Section        0  md_rcu.o(i.md_rcu_check_hosc_ready)
    i.md_rcu_pll0_init                       0x00001708   Section        0  md_rcu.o(i.md_rcu_pll0_init)
    i.md_rcu_sys_init                        0x00001808   Section        0  md_rcu.o(i.md_rcu_sys_init)
    i.md_tick_init_rcu                       0x00001adc   Section        0  md_rcu.o(i.md_tick_init_rcu)
    i.md_tick_waitms_rcu                     0x00001b20   Section        0  md_rcu.o(i.md_tick_waitms_rcu)
    i.md_uart_init                           0x00001b60   Section        0  md_uart.o(i.md_uart_init)
    i.md_uart_setting_baudrate               0x00001bc8   Section        0  md_uart.o(i.md_uart_setting_baudrate)
    i.timxinit                               0x00001be0   Section        0  timerx.o(i.timxinit)
    i.timxvalueinit                          0x00001c0c   Section        0  timerx.o(i.timxvalueinit)
    i.uartxinit                              0x00001c1c   Section        0  uartx.o(i.uartxinit)
    i.uartxvaluinit                          0x00001c4c   Section        0  uartx.o(i.uartxvaluinit)
    i.valueinit                              0x00001c70   Section        0  config.o(i.valueinit)
    .constdata                               0x00001c80   Section      128  ddiv.o(.constdata)
    x$fpl$usenofp                            0x00001c80   Section        0  usenofp.o(x$fpl$usenofp)
    ddiv_reciptbl                            0x00001c80   Data         128  ddiv.o(.constdata)
    .data                                    0x20000000   Section        4  system_es32f0283.o(.data)
    .data                                    0x20000004   Section        4  system_es32f0283.o(.data)
    .data                                    0x20000008   Section        4  system_es32f0283.o(.data)
    .data                                    0x2000000c   Section        4  system_es32f0283.o(.data)
    .data                                    0x20000010   Section       12  md_rcu.o(.data)
    TICKms                                   0x20000010   Data           4  md_rcu.o(.data)
    TICK100us                                0x20000014   Data           4  md_rcu.o(.data)
    TICK10us                                 0x20000018   Data           4  md_rcu.o(.data)
    .data                                    0x2000001c   Section        8  timerx.o(.data)
    .data                                    0x20000024   Section       14  uartx.o(.data)
    .data                                    0x20000034   Section       14  uartxbat.o(.data)
    .data                                    0x20000044   Section        4  flashx.o(.data)
    .data                                    0x20000048   Section       15  bat.o(.data)
    .data                                    0x20000057   Section        2  main.o(.data)
    .data                                    0x2000005c   Section        8  jump.o(.data)
    .bss                                     0x20000064   Section       12  bat.o(.bss)
    .bss                                     0x20000070   Section       96  libspace.o(.bss)
    HEAP                                     0x200000d0   Section        0  startup_es32f0283.o(HEAP)
    STACK                                    0x200000d0   Section     1024  startup_es32f0283.o(STACK)
    Heap_Mem                                 0x200000d0   Data           0  startup_es32f0283.o(HEAP)
    Stack_Mem                                0x200000d0   Data        1024  startup_es32f0283.o(STACK)
    __initial_sp                             0x200004d0   Data           0  startup_es32f0283.o(STACK)

    Global Symbols

    Symbol Name                              Value     Ov Type        Size  Object(Section)

    BuildAttributes$$THM_ISAv3M$S$PE$A:L22$X:L11$S22$IEEE1$IW$USESV6$~STKCKD$USESV7$~SHL$OSPACE$ROPI$EBA8$UX$STANDARDLIB$REQ8$PRES8$EABIv2 0x00000000   Number         0  anon$$obj.o ABSOLUTE
    __ARM_use_no_argv                        0x00000000   Number         0  main.o ABSOLUTE
    __Vectors                                0x00000000   Data           4  startup_es32f0283.o(RESET)
    __ARM_exceptions_init                     - Undefined Weak Reference
    __alloca_initialize                       - Undefined Weak Reference
    __arm_preinit_                            - Undefined Weak Reference
    __cpp_initialize__aeabi_                  - Undefined Weak Reference
    __cxa_finalize                            - Undefined Weak Reference
    __rt_locale                               - Undefined Weak Reference
    __sigvec_lookup                           - Undefined Weak Reference
    _atexit_init                              - Undefined Weak Reference
    _call_atexit_fns                          - Undefined Weak Reference
    _clock_init                               - Undefined Weak Reference
    _fp_trap_init                             - Undefined Weak Reference
    _fp_trap_shutdown                         - Undefined Weak Reference
    _get_lc_collate                           - Undefined Weak Reference
    _get_lc_ctype                             - Undefined Weak Reference
    _get_lc_monetary                          - Undefined Weak Reference
    _get_lc_numeric                           - Undefined Weak Reference
    _get_lc_time                              - Undefined Weak Reference
    _getenv_init                              - Undefined Weak Reference
    _handle_redirection                       - Undefined Weak Reference
    _init_alloc                               - Undefined Weak Reference
    _init_user_alloc                          - Undefined Weak Reference
    _initio                                   - Undefined Weak Reference
    _rand_init                                - Undefined Weak Reference
    _signal_finish                            - Undefined Weak Reference
    _signal_init                              - Undefined Weak Reference
    _terminate_alloc                          - Undefined Weak Reference
    _terminate_user_alloc                     - Undefined Weak Reference
    _terminateio                              - Undefined Weak Reference
    __main                                   0x000000c1   Thumb Code     8  __main.o(!!!main)
    __scatterload                            0x000000c9   Thumb Code     0  __scatter.o(!!!scatter)
    __scatterload_rt2                        0x000000c9   Thumb Code    52  __scatter.o(!!!scatter)
    __scatterload_rt2_thumb_only             0x000000c9   Thumb Code     0  __scatter.o(!!!scatter)
    __scatterload_null                       0x000000d9   Thumb Code     0  __scatter.o(!!!scatter)
    __scatterload_copy                       0x00000105   Thumb Code    26  __scatter_copy.o(!!handler_copy)
    __scatterload_zeroinit                   0x00000121   Thumb Code    28  __scatter_zi.o(!!handler_zi)
    __rt_lib_init                            0x0000013d   Thumb Code     0  libinit.o(.ARM.Collect$$libinit$$00000000)
    __rt_lib_init_alloca_1                   0x0000013f   Thumb Code     0  libinit2.o(.ARM.Collect$$libinit$$0000002E)
    __rt_lib_init_argv_1                     0x0000013f   Thumb Code     0  libinit2.o(.ARM.Collect$$libinit$$0000002C)
    __rt_lib_init_atexit_1                   0x0000013f   Thumb Code     0  libinit2.o(.ARM.Collect$$libinit$$0000001B)
    __rt_lib_init_clock_1                    0x0000013f   Thumb Code     0  libinit2.o(.ARM.Collect$$libinit$$00000021)
    __rt_lib_init_cpp_1                      0x0000013f   Thumb Code     0  libinit2.o(.ARM.Collect$$libinit$$00000032)
    __rt_lib_init_exceptions_1               0x0000013f   Thumb Code     0  libinit2.o(.ARM.Collect$$libinit$$00000030)
    __rt_lib_init_fp_1                       0x0000013f   Thumb Code     0  libinit2.o(.ARM.Collect$$libinit$$00000002)
    __rt_lib_init_fp_trap_1                  0x0000013f   Thumb Code     0  libinit2.o(.ARM.Collect$$libinit$$0000001F)
    __rt_lib_init_getenv_1                   0x0000013f   Thumb Code     0  libinit2.o(.ARM.Collect$$libinit$$00000023)
    __rt_lib_init_heap_1                     0x0000013f   Thumb Code     0  libinit2.o(.ARM.Collect$$libinit$$0000000A)
    __rt_lib_init_lc_collate_1               0x0000013f   Thumb Code     0  libinit2.o(.ARM.Collect$$libinit$$00000011)
    __rt_lib_init_lc_ctype_1                 0x0000013f   Thumb Code     0  libinit2.o(.ARM.Collect$$libinit$$00000013)
    __rt_lib_init_lc_monetary_1              0x0000013f   Thumb Code     0  libinit2.o(.ARM.Collect$$libinit$$00000015)
    __rt_lib_init_lc_numeric_1               0x0000013f   Thumb Code     0  libinit2.o(.ARM.Collect$$libinit$$00000017)
    __rt_lib_init_lc_time_1                  0x0000013f   Thumb Code     0  libinit2.o(.ARM.Collect$$libinit$$00000019)
    __rt_lib_init_preinit_1                  0x0000013f   Thumb Code     0  libinit2.o(.ARM.Collect$$libinit$$00000004)
    __rt_lib_init_rand_1                     0x0000013f   Thumb Code     0  libinit2.o(.ARM.Collect$$libinit$$0000000E)
    __rt_lib_init_return                     0x0000013f   Thumb Code     0  libinit2.o(.ARM.Collect$$libinit$$00000033)
    __rt_lib_init_signal_1                   0x0000013f   Thumb Code     0  libinit2.o(.ARM.Collect$$libinit$$0000001D)
    __rt_lib_init_stdio_1                    0x0000013f   Thumb Code     0  libinit2.o(.ARM.Collect$$libinit$$00000025)
    __rt_lib_init_user_alloc_1               0x0000013f   Thumb Code     0  libinit2.o(.ARM.Collect$$libinit$$0000000C)
    __rt_lib_shutdown                        0x00000141   Thumb Code     0  libshutdown.o(.ARM.Collect$$libshutdown$$00000000)
    __rt_lib_shutdown_cpp_1                  0x00000143   Thumb Code     0  libshutdown2.o(.ARM.Collect$$libshutdown$$00000002)
    __rt_lib_shutdown_fp_trap_1              0x00000143   Thumb Code     0  libshutdown2.o(.ARM.Collect$$libshutdown$$00000007)
    __rt_lib_shutdown_heap_1                 0x00000143   Thumb Code     0  libshutdown2.o(.ARM.Collect$$libshutdown$$0000000F)
    __rt_lib_shutdown_return                 0x00000143   Thumb Code     0  libshutdown2.o(.ARM.Collect$$libshutdown$$00000010)
    __rt_lib_shutdown_signal_1               0x00000143   Thumb Code     0  libshutdown2.o(.ARM.Collect$$libshutdown$$0000000A)
    __rt_lib_shutdown_stdio_1                0x00000143   Thumb Code     0  libshutdown2.o(.ARM.Collect$$libshutdown$$00000004)
    __rt_lib_shutdown_user_alloc_1           0x00000143   Thumb Code     0  libshutdown2.o(.ARM.Collect$$libshutdown$$0000000C)
    __rt_entry                               0x00000145   Thumb Code     0  __rtentry.o(.ARM.Collect$$rtentry$$00000000)
    __rt_entry_presh_1                       0x00000145   Thumb Code     0  __rtentry2.o(.ARM.Collect$$rtentry$$00000002)
    __rt_entry_sh                            0x00000145   Thumb Code     0  __rtentry4.o(.ARM.Collect$$rtentry$$00000004)
    __rt_entry_li                            0x0000014b   Thumb Code     0  __rtentry2.o(.ARM.Collect$$rtentry$$0000000A)
    __rt_entry_postsh_1                      0x0000014b   Thumb Code     0  __rtentry2.o(.ARM.Collect$$rtentry$$00000009)
    __rt_entry_main                          0x0000014f   Thumb Code     0  __rtentry2.o(.ARM.Collect$$rtentry$$0000000D)
    __rt_entry_postli_1                      0x0000014f   Thumb Code     0  __rtentry2.o(.ARM.Collect$$rtentry$$0000000C)
    __rt_exit                                0x00000157   Thumb Code     0  rtexit.o(.ARM.Collect$$rtexit$$00000000)
    __rt_exit_ls                             0x00000159   Thumb Code     0  rtexit2.o(.ARM.Collect$$rtexit$$00000003)
    __rt_exit_prels_1                        0x00000159   Thumb Code     0  rtexit2.o(.ARM.Collect$$rtexit$$00000002)
    __rt_exit_exit                           0x0000015d   Thumb Code     0  rtexit2.o(.ARM.Collect$$rtexit$$00000004)
    __aeabi_memcpy4                          0x00000165   Thumb Code    56  rt_memcpy.o(.emb_text)
    __aeabi_memcpy8                          0x00000165   Thumb Code     0  rt_memcpy.o(.emb_text)
    Reset_Handler                            0x0000019d   Thumb Code     8  startup_es32f0283.o(.text)
    ADC_COMP_IRQHandler                      0x000001af   Thumb Code     0  startup_es32f0283.o(.text)
    DMA1_CH0_IRQHandler                      0x000001af   Thumb Code     0  startup_es32f0283.o(.text)
    EXTI_0to1_IRQHandler                     0x000001af   Thumb Code     0  startup_es32f0283.o(.text)
    EXTI_4to15_IRQHandler                    0x000001af   Thumb Code     0  startup_es32f0283.o(.text)
    GP16C4T1_IRQHandler                      0x000001af   Thumb Code     0  startup_es32f0283.o(.text)
    UART2_IRQHandler                         0x000001af   Thumb Code     0  startup_es32f0283.o(.text)
    UART3_AES_IRQHandler                     0x000001af   Thumb Code     0  startup_es32f0283.o(.text)
    UART4_KBCU_IRQHandler                    0x000001af   Thumb Code     0  startup_es32f0283.o(.text)
    __user_initial_stackheap                 0x000001b1   Thumb Code     0  startup_es32f0283.o(.text)
    __aeabi_ldivmod                          0x000001d1   Thumb Code   112  llsdiv.o(.text)
    _ll_sdiv                                 0x000001d1   Thumb Code     0  llsdiv.o(.text)
    _memset_w                                0x00000241   Thumb Code    26  rt_memclr.o(.text)
    _memset                                  0x0000025b   Thumb Code    30  rt_memclr.o(.text)
    __aeabi_memclr                           0x00000279   Thumb Code     4  rt_memclr.o(.text)
    __rt_memclr                              0x00000279   Thumb Code     0  rt_memclr.o(.text)
    __aeabi_memclr4                          0x0000027d   Thumb Code     0  rt_memclr.o(.text)
    __aeabi_memclr8                          0x0000027d   Thumb Code     0  rt_memclr.o(.text)
    __rt_memclr_w                            0x0000027d   Thumb Code     4  rt_memclr.o(.text)
    __aeabi_uidiv                            0x00000281   Thumb Code     0  aeabi_sdiv.o(.text)
    __aeabi_uidivmod                         0x00000281   Thumb Code    20  aeabi_sdiv.o(.text)
    __aeabi_idiv                             0x00000295   Thumb Code     0  aeabi_sdiv.o(.text)
    __aeabi_idivmod                          0x00000295   Thumb Code   326  aeabi_sdiv.o(.text)
    __use_two_region_memory                  0x000003db   Thumb Code     2  heapauxi.o(.text)
    __rt_heap_escrow$2region                 0x000003dd   Thumb Code     2  heapauxi.o(.text)
    __rt_heap_expand$2region                 0x000003df   Thumb Code     2  heapauxi.o(.text)
    __aeabi_dadd                             0x000006d9   Thumb Code     0  daddsub.o(.text)
    _dadd                                    0x000006d9   Thumb Code    26  daddsub.o(.text)
    __aeabi_dsub                             0x000006f3   Thumb Code     0  daddsub.o(.text)
    _dsub                                    0x000006f3   Thumb Code    22  daddsub.o(.text)
    __aeabi_drsub                            0x00000709   Thumb Code     0  daddsub.o(.text)
    _drsb                                    0x00000709   Thumb Code    28  daddsub.o(.text)
    __aeabi_ddiv                             0x00000739   Thumb Code     0  ddiv.o(.text)
    _ddiv                                    0x00000739   Thumb Code  1072  ddiv.o(.text)
    _drdiv                                   0x00000b69   Thumb Code    20  ddiv.o(.text)
    __aeabi_d2uiz                            0x00000b81   Thumb Code     0  dfixui.o(.text)
    _dfixu                                   0x00000b81   Thumb Code    68  dfixui.o(.text)
    __aeabi_i2d_normalise                    0x00000bc9   Thumb Code    66  dflti.o(.text)
    __aeabi_i2d                              0x00000c0b   Thumb Code    16  dflti.o(.text)
    _dflt                                    0x00000c0b   Thumb Code     0  dflti.o(.text)
    __aeabi_ui2d                             0x00000c1b   Thumb Code     6  dflti.o(.text)
    _dfltu                                   0x00000c1b   Thumb Code     0  dflti.o(.text)
    __aeabi_dmul                             0x00000c21   Thumb Code     0  dmul.o(.text)
    _dmul                                    0x00000c21   Thumb Code   558  dmul.o(.text)
    __ARM_scalbn                             0x00000e69   Thumb Code    84  dscalbn.o(.text)
    __aeabi_uldivmod                         0x00000ec9   Thumb Code   258  lludiv.o(.text)
    _ll_udiv                                 0x00000ec9   Thumb Code     0  lludiv.o(.text)
    __user_setup_stackheap                   0x00000fcb   Thumb Code    62  sys_stackheap_outer.o(.text)
    exit                                     0x00001009   Thumb Code    16  exit.o(.text)
    __user_libspace                          0x00001019   Thumb Code     8  libspace.o(.text)
    __user_perproc_libspace                  0x00001019   Thumb Code     0  libspace.o(.text)
    __user_perthread_libspace                0x00001019   Thumb Code     0  libspace.o(.text)
    _sys_exit                                0x00001021   Thumb Code     8  sys_exit.o(.text)
    __I$use$semihosting                      0x0000102d   Thumb Code     0  use_no_semi.o(.text)
    __use_no_semihosting_swi                 0x0000102d   Thumb Code     2  use_no_semi.o(.text)
    __semihosting_library_function           0x0000102f   Thumb Code     0  indicate_semi.o(.text)
    AD16C4T1_IRQHandler                      0x00001031   Thumb Code    50  timerx.o(i.AD16C4T1_IRQHandler)
    BS16T1_IRQHandler                        0x0000106d   Thumb Code     2  interrupt.o(i.BS16T1_IRQHandler)
    BatValueinit                             0x00001071   Thumb Code    66  bat.o(i.BatValueinit)
    DMA1_CH12_IRQHandler                     0x000010bd   Thumb Code     2  interrupt.o(i.DMA1_CH12_IRQHandler)
    DMA1_CH345_IRQHandler                    0x000010bf   Thumb Code     2  interrupt.o(i.DMA1_CH345_IRQHandler)
    EXTI_2to3_IRQHandler                     0x000010c1   Thumb Code     2  interrupt.o(i.EXTI_2to3_IRQHandler)
    GP16C2T1_IRQHandler                      0x000010c3   Thumb Code     2  interrupt.o(i.GP16C2T1_IRQHandler)
    GP16C2T2_IRQHandler                      0x000010c5   Thumb Code     2  interrupt.o(i.GP16C2T2_IRQHandler)
    GP16C2T3_IRQHandler                      0x000010c7   Thumb Code     2  interrupt.o(i.GP16C2T3_IRQHandler)
    GP16C2T4_IRQHandler                      0x000010c9   Thumb Code     2  interrupt.o(i.GP16C2T4_IRQHandler)
    GP16C4T2_IRQHandler                      0x000010cb   Thumb Code     2  interrupt.o(i.GP16C4T2_IRQHandler)
    GP16C4T3_IRQHandler                      0x000010cd   Thumb Code     2  interrupt.o(i.GP16C4T3_IRQHandler)
    GP32C4T1_IRQHandler                      0x000010cf   Thumb Code     2  interrupt.o(i.GP32C4T1_IRQHandler)
    Gpio_UartX                               0x000010d1   Thumb Code    52  gpiox.o(i.Gpio_UartX)
    Gpio_normalIO                            0x00001109   Thumb Code    34  gpiox.o(i.Gpio_normalIO)
    GpioxInit                                0x00001131   Thumb Code    12  gpiox.o(i.GpioxInit)
    HARDFAULT_Handler                        0x0000113d   Thumb Code     2  interrupt.o(i.HARDFAULT_Handler)
    I2C1_IRQHandler                          0x0000113f   Thumb Code     2  interrupt.o(i.I2C1_IRQHandler)
    I2C2_IRQHandler                          0x00001141   Thumb Code     2  interrupt.o(i.I2C2_IRQHandler)
    JumpFunc                                 0x00001145   Thumb Code    64  jump.o(i.JumpFunc)
    NMI_Handler                              0x0000118d   Thumb Code     2  interrupt.o(i.NMI_Handler)
    PENDSV_Handler                           0x0000118f   Thumb Code     2  interrupt.o(i.PENDSV_Handler)
    PVD_IRQHandler                           0x00001191   Thumb Code     2  interrupt.o(i.PVD_IRQHandler)
    RCU_CSU_IRQHandler                       0x00001193   Thumb Code     2  interrupt.o(i.RCU_CSU_IRQHandler)
    RTC_IRQHandler                           0x00001195   Thumb Code     2  interrupt.o(i.RTC_IRQHandler)
    SPI1_IRQHandler                          0x00001197   Thumb Code     2  interrupt.o(i.SPI1_IRQHandler)
    SPI2_IRQHandler                          0x00001199   Thumb Code     2  interrupt.o(i.SPI2_IRQHandler)
    SPI3_IRQHandler                          0x0000119b   Thumb Code     2  interrupt.o(i.SPI3_IRQHandler)
    SVC_Handler                              0x0000119d   Thumb Code     2  interrupt.o(i.SVC_Handler)
    SYSTICK_Handler                          0x0000119f   Thumb Code     2  interrupt.o(i.SYSTICK_Handler)
    SystemInit                               0x000011a1   Thumb Code     2  system_es32f0283.o(i.SystemInit)
    UART1_IRQHandler                         0x000011a5   Thumb Code   108  uartxbat.o(i.UART1_IRQHandler)
    USB_IRQHandler                           0x00001219   Thumb Code     2  interrupt.o(i.USB_IRQHandler)
    UartBATRXvalueinit                       0x0000121d   Thumb Code    14  uartxbat.o(i.UartBATRXvalueinit)
    UartBATRxgetdata                         0x00001231   Thumb Code    30  uartxbat.o(i.UartBATRxgetdata)
    UartBATRxjieshou                         0x00001255   Thumb Code    84  uartxbat.o(i.UartBATRxjieshou)
    UartBATTXvalueinit                       0x000012ad   Thumb Code    22  uartxbat.o(i.UartBATTXvalueinit)
    WAKEUP_IRQHandler                        0x000012d1   Thumb Code     2  interrupt.o(i.WAKEUP_IRQHandler)
    WWDT_IRQHandler                          0x000012d3   Thumb Code     2  interrupt.o(i.WWDT_IRQHandler)
    __ARM_clz                                0x000012d5   Thumb Code    46  md_gpio.o(i.__ARM_clz)
    __ARM_common_switch8                     0x00001303   Thumb Code    26  uartxbat.o(i.__ARM_common_switch8)
    bspCLKInit                               0x0000131d   Thumb Code    46  config.o(i.bspCLKInit)
    bspinit                                  0x00001351   Thumb Code    68  config.o(i.bspinit)
    flashAPPerase                            0x000013a1   Thumb Code    78  flashx.o(i.flashAPPerase)
    main                                     0x000013fd   Thumb Code    48  main.o(i.main)
    md_fc_lock                               0x00001435   Thumb Code    30  md_fc.o(i.md_fc_lock)
    md_fc_unlock                             0x00001459   Thumb Code    36  md_fc.o(i.md_fc_unlock)
    md_gpio_init                             0x00001489   Thumb Code   576  md_gpio.o(i.md_gpio_init)
    md_rcu_check_hosc_ready                  0x000016c9   Thumb Code    58  md_rcu.o(i.md_rcu_check_hosc_ready)
    md_rcu_pll0_init                         0x00001709   Thumb Code   228  md_rcu.o(i.md_rcu_pll0_init)
    md_rcu_sys_init                          0x00001809   Thumb Code   656  md_rcu.o(i.md_rcu_sys_init)
    md_tick_init_rcu                         0x00001add   Thumb Code    56  md_rcu.o(i.md_tick_init_rcu)
    md_tick_waitms_rcu                       0x00001b21   Thumb Code    52  md_rcu.o(i.md_tick_waitms_rcu)
    md_uart_init                             0x00001b61   Thumb Code   104  md_uart.o(i.md_uart_init)
    md_uart_setting_baudrate                 0x00001bc9   Thumb Code    20  md_uart.o(i.md_uart_setting_baudrate)
    timxinit                                 0x00001be1   Thumb Code    32  timerx.o(i.timxinit)
    timxvalueinit                            0x00001c0d   Thumb Code    12  timerx.o(i.timxvalueinit)
    uartxinit                                0x00001c1d   Thumb Code    40  uartx.o(i.uartxinit)
    uartxvaluinit                            0x00001c4d   Thumb Code    32  uartx.o(i.uartxvaluinit)
    valueinit                                0x00001c71   Thumb Code    16  config.o(i.valueinit)
    __I$use$fp                               0x00001c80   Number         0  usenofp.o(x$fpl$usenofp)
    Region$$Table$$Base                      0x00001d00   Number         0  anon$$obj.o(Region$$Table)
    Region$$Table$$Limit                     0x00001d20   Number         0  anon$$obj.o(Region$$Table)
    SystemCoreClock                          0x20000000   Data           4  system_es32f0283.o(.data)
    SystemFrequency_SysClk                   0x20000004   Data           4  system_es32f0283.o(.data)
    SystemFrequency_AHBClk                   0x20000008   Data           4  system_es32f0283.o(.data)
    SystemFrequency_APBClk                   0x2000000c   Data           4  system_es32f0283.o(.data)
    u8time1ms                                0x2000001c   Data           1  timerx.o(.data)
    u8time100ms                              0x2000001d   Data           1  timerx.o(.data)
    u32time1s                                0x20000020   Data           4  timerx.o(.data)
    u8UxTxstep                               0x20000024   Data           1  uartx.o(.data)
    u16UxTxDelay                             0x20000026   Data           2  uartx.o(.data)
    u8UxErrorflag                            0x20000028   Data           3  uartx.o(.data)
    u16UxErrordelay                          0x2000002c   Data           6  uartx.o(.data)
    u8BATRxDATAp                             0x20000034   Data           4  uartxbat.o(.data)
    u8BATTxDATAp                             0x20000038   Data           4  uartxbat.o(.data)
    UartBAT                                  0x2000003c   Data           6  uartxbat.o(.data)
    uiADDR                                   0x20000044   Data           4  flashx.o(.data)
    BatTxS                                   0x20000048   Data           1  bat.o(.data)
    u8CHGcompleteflag                        0x20000049   Data           1  bat.o(.data)
    u8BatCOMfailflag                         0x2000004a   Data           1  bat.o(.data)
    BaterrFlag                               0x2000004b   Data           1  bat.o(.data)
    BatRxS                                   0x2000004c   Data           4  bat.o(.data)
    u8BATTxDATA                              0x20000050   Data           7  bat.o(.data)
    updatacmpflag                            0x20000057   Data           1  main.o(.data)
    iapstate                                 0x20000058   Data           1  main.o(.data)
    jumpAddress                              0x2000005c   Data           4  jump.o(.data)
    Jump_To_App                              0x20000060   Data           4  jump.o(.data)
    u8BATRxDATA                              0x20000064   Data          12  bat.o(.bss)
    __libspace_start                         0x20000070   Data          96  libspace.o(.bss)
    __temporary_stack_top$libspace           0x200000d0   Data           0  libspace.o(.bss)



==============================================================================

Memory Map of the image

  Image Entry point : 0x000000c1

  Load Region LR_IROM1 (Base: 0x00000000, Size: 0x00001d84, Max: 0x00020000, ABSOLUTE)

    Execution Region ER_IROM1 (Exec base: 0x00000000, Load base: 0x00000000, Size: 0x00001d20, Max: 0x00020000, ABSOLUTE)

    Exec Addr    Load Addr    Size         Type   Attr      Idx    E Section Name        Object

    0x00000000   0x00000000   0x000000c0   Data   RO            3    RESET               startup_es32f0283.o
    0x000000c0   0x000000c0   0x00000008   Code   RO         1421  * !!!main             c_p.l(__main.o)
    0x000000c8   0x000000c8   0x0000003c   Code   RO         1619    !!!scatter          c_p.l(__scatter.o)
    0x00000104   0x00000104   0x0000001a   Code   RO         1621    !!handler_copy      c_p.l(__scatter_copy.o)
    0x0000011e   0x0000011e   0x00000002   PAD
    0x00000120   0x00000120   0x0000001c   Code   RO         1623    !!handler_zi        c_p.l(__scatter_zi.o)
    0x0000013c   0x0000013c   0x00000002   Code   RO         1488    .ARM.Collect$$libinit$$00000000  c_p.l(libinit.o)
    0x0000013e   0x0000013e   0x00000000   Code   RO         1502    .ARM.Collect$$libinit$$00000002  c_p.l(libinit2.o)
    0x0000013e   0x0000013e   0x00000000   Code   RO         1504    .ARM.Collect$$libinit$$00000004  c_p.l(libinit2.o)
    0x0000013e   0x0000013e   0x00000000   Code   RO         1507    .ARM.Collect$$libinit$$0000000A  c_p.l(libinit2.o)
    0x0000013e   0x0000013e   0x00000000   Code   RO         1509    .ARM.Collect$$libinit$$0000000C  c_p.l(libinit2.o)
    0x0000013e   0x0000013e   0x00000000   Code   RO         1511    .ARM.Collect$$libinit$$0000000E  c_p.l(libinit2.o)
    0x0000013e   0x0000013e   0x00000000   Code   RO         1514    .ARM.Collect$$libinit$$00000011  c_p.l(libinit2.o)
    0x0000013e   0x0000013e   0x00000000   Code   RO         1516    .ARM.Collect$$libinit$$00000013  c_p.l(libinit2.o)
    0x0000013e   0x0000013e   0x00000000   Code   RO         1518    .ARM.Collect$$libinit$$00000015  c_p.l(libinit2.o)
    0x0000013e   0x0000013e   0x00000000   Code   RO         1520    .ARM.Collect$$libinit$$00000017  c_p.l(libinit2.o)
    0x0000013e   0x0000013e   0x00000000   Code   RO         1522    .ARM.Collect$$libinit$$00000019  c_p.l(libinit2.o)
    0x0000013e   0x0000013e   0x00000000   Code   RO         1524    .ARM.Collect$$libinit$$0000001B  c_p.l(libinit2.o)
    0x0000013e   0x0000013e   0x00000000   Code   RO         1526    .ARM.Collect$$libinit$$0000001D  c_p.l(libinit2.o)
    0x0000013e   0x0000013e   0x00000000   Code   RO         1528    .ARM.Collect$$libinit$$0000001F  c_p.l(libinit2.o)
    0x0000013e   0x0000013e   0x00000000   Code   RO         1530    .ARM.Collect$$libinit$$00000021  c_p.l(libinit2.o)
    0x0000013e   0x0000013e   0x00000000   Code   RO         1532    .ARM.Collect$$libinit$$00000023  c_p.l(libinit2.o)
    0x0000013e   0x0000013e   0x00000000   Code   RO         1534    .ARM.Collect$$libinit$$00000025  c_p.l(libinit2.o)
    0x0000013e   0x0000013e   0x00000000   Code   RO         1538    .ARM.Collect$$libinit$$0000002C  c_p.l(libinit2.o)
    0x0000013e   0x0000013e   0x00000000   Code   RO         1540    .ARM.Collect$$libinit$$0000002E  c_p.l(libinit2.o)
    0x0000013e   0x0000013e   0x00000000   Code   RO         1542    .ARM.Collect$$libinit$$00000030  c_p.l(libinit2.o)
    0x0000013e   0x0000013e   0x00000000   Code   RO         1544    .ARM.Collect$$libinit$$00000032  c_p.l(libinit2.o)
    0x0000013e   0x0000013e   0x00000002   Code   RO         1545    .ARM.Collect$$libinit$$00000033  c_p.l(libinit2.o)
    0x00000140   0x00000140   0x00000002   Code   RO         1576    .ARM.Collect$$libshutdown$$00000000  c_p.l(libshutdown.o)
    0x00000142   0x00000142   0x00000000   Code   RO         1602    .ARM.Collect$$libshutdown$$00000002  c_p.l(libshutdown2.o)
    0x00000142   0x00000142   0x00000000   Code   RO         1604    .ARM.Collect$$libshutdown$$00000004  c_p.l(libshutdown2.o)
    0x00000142   0x00000142   0x00000000   Code   RO         1607    .ARM.Collect$$libshutdown$$00000007  c_p.l(libshutdown2.o)
    0x00000142   0x00000142   0x00000000   Code   RO         1610    .ARM.Collect$$libshutdown$$0000000A  c_p.l(libshutdown2.o)
    0x00000142   0x00000142   0x00000000   Code   RO         1612    .ARM.Collect$$libshutdown$$0000000C  c_p.l(libshutdown2.o)
    0x00000142   0x00000142   0x00000000   Code   RO         1615    .ARM.Collect$$libshutdown$$0000000F  c_p.l(libshutdown2.o)
    0x00000142   0x00000142   0x00000002   Code   RO         1616    .ARM.Collect$$libshutdown$$00000010  c_p.l(libshutdown2.o)
    0x00000144   0x00000144   0x00000000   Code   RO         1445    .ARM.Collect$$rtentry$$00000000  c_p.l(__rtentry.o)
    0x00000144   0x00000144   0x00000000   Code   RO         1454    .ARM.Collect$$rtentry$$00000002  c_p.l(__rtentry2.o)
    0x00000144   0x00000144   0x00000006   Code   RO         1466    .ARM.Collect$$rtentry$$00000004  c_p.l(__rtentry4.o)
    0x0000014a   0x0000014a   0x00000000   Code   RO         1456    .ARM.Collect$$rtentry$$00000009  c_p.l(__rtentry2.o)
    0x0000014a   0x0000014a   0x00000004   Code   RO         1457    .ARM.Collect$$rtentry$$0000000A  c_p.l(__rtentry2.o)
    0x0000014e   0x0000014e   0x00000000   Code   RO         1459    .ARM.Collect$$rtentry$$0000000C  c_p.l(__rtentry2.o)
    0x0000014e   0x0000014e   0x00000008   Code   RO         1460    .ARM.Collect$$rtentry$$0000000D  c_p.l(__rtentry2.o)
    0x00000156   0x00000156   0x00000002   Code   RO         1493    .ARM.Collect$$rtexit$$00000000  c_p.l(rtexit.o)
    0x00000158   0x00000158   0x00000000   Code   RO         1549    .ARM.Collect$$rtexit$$00000002  c_p.l(rtexit2.o)
    0x00000158   0x00000158   0x00000004   Code   RO         1550    .ARM.Collect$$rtexit$$00000003  c_p.l(rtexit2.o)
    0x0000015c   0x0000015c   0x00000006   Code   RO         1551    .ARM.Collect$$rtexit$$00000004  c_p.l(rtexit2.o)
    0x00000162   0x00000162   0x00000002   PAD
    0x00000164   0x00000164   0x00000038   Code   RO         1409    .emb_text           c_p.l(rt_memcpy.o)
    0x0000019c   0x0000019c   0x00000034   Code   RO            4    .text               startup_es32f0283.o
    0x000001d0   0x000001d0   0x00000070   Code   RO         1407    .text               c_p.l(llsdiv.o)
    0x00000240   0x00000240   0x00000040   Code   RO         1413    .text               c_p.l(rt_memclr.o)
    0x00000280   0x00000280   0x0000015a   Code   RO         1415    .text               c_p.l(aeabi_sdiv.o)
    0x000003da   0x000003da   0x00000006   Code   RO         1419    .text               c_p.l(heapauxi.o)
    0x000003e0   0x000003e0   0x00000358   Code   RO         1423    .text               fz_ps.l(daddsub.o)
    0x00000738   0x00000738   0x00000448   Code   RO         1425    .text               fz_ps.l(ddiv.o)
    0x00000b80   0x00000b80   0x00000048   Code   RO         1430    .text               fz_ps.l(dfixui.o)
    0x00000bc8   0x00000bc8   0x00000058   Code   RO         1432    .text               fz_ps.l(dflti.o)
    0x00000c20   0x00000c20   0x00000248   Code   RO         1434    .text               fz_ps.l(dmul.o)
    0x00000e68   0x00000e68   0x00000060   Code   RO         1436    .text               fz_ps.l(dscalbn.o)
    0x00000ec8   0x00000ec8   0x00000102   Code   RO         1450    .text               c_p.l(lludiv.o)
    0x00000fca   0x00000fca   0x0000003e   Code   RO         1474    .text               c_p.l(sys_stackheap_outer.o)
    0x00001008   0x00001008   0x00000010   Code   RO         1477    .text               c_p.l(exit.o)
    0x00001018   0x00001018   0x00000008   Code   RO         1489    .text               c_p.l(libspace.o)
    0x00001020   0x00001020   0x0000000c   Code   RO         1546    .text               c_p.l(sys_exit.o)
    0x0000102c   0x0000102c   0x00000002   Code   RO         1565    .text               c_p.l(use_no_semi.o)
    0x0000102e   0x0000102e   0x00000000   Code   RO         1567    .text               c_p.l(indicate_semi.o)
    0x0000102e   0x0000102e   0x00000002   PAD
    0x00001030   0x00001030   0x0000003c   Code   RO         1064    i.AD16C4T1_IRQHandler  timerx.o
    0x0000106c   0x0000106c   0x00000002   Code   RO          204    i.BS16T1_IRQHandler  interrupt.o
    0x0000106e   0x0000106e   0x00000002   PAD
    0x00001070   0x00001070   0x0000004c   Code   RO         1265    i.BatValueinit      bat.o
    0x000010bc   0x000010bc   0x00000002   Code   RO          205    i.DMA1_CH12_IRQHandler  interrupt.o
    0x000010be   0x000010be   0x00000002   Code   RO          206    i.DMA1_CH345_IRQHandler  interrupt.o
    0x000010c0   0x000010c0   0x00000002   Code   RO          207    i.EXTI_2to3_IRQHandler  interrupt.o
    0x000010c2   0x000010c2   0x00000002   Code   RO          208    i.GP16C2T1_IRQHandler  interrupt.o
    0x000010c4   0x000010c4   0x00000002   Code   RO          209    i.GP16C2T2_IRQHandler  interrupt.o
    0x000010c6   0x000010c6   0x00000002   Code   RO          210    i.GP16C2T3_IRQHandler  interrupt.o
    0x000010c8   0x000010c8   0x00000002   Code   RO          211    i.GP16C2T4_IRQHandler  interrupt.o
    0x000010ca   0x000010ca   0x00000002   Code   RO          212    i.GP16C4T2_IRQHandler  interrupt.o
    0x000010cc   0x000010cc   0x00000002   Code   RO          213    i.GP16C4T3_IRQHandler  interrupt.o
    0x000010ce   0x000010ce   0x00000002   Code   RO          214    i.GP32C4T1_IRQHandler  interrupt.o
    0x000010d0   0x000010d0   0x00000038   Code   RO         1002    i.Gpio_UartX        gpiox.o
    0x00001108   0x00001108   0x00000028   Code   RO         1003    i.Gpio_normalIO     gpiox.o
    0x00001130   0x00001130   0x0000000c   Code   RO         1004    i.GpioxInit         gpiox.o
    0x0000113c   0x0000113c   0x00000002   Code   RO          215    i.HARDFAULT_Handler  interrupt.o
    0x0000113e   0x0000113e   0x00000002   Code   RO          216    i.I2C1_IRQHandler   interrupt.o
    0x00001140   0x00001140   0x00000002   Code   RO          217    i.I2C2_IRQHandler   interrupt.o
    0x00001142   0x00001142   0x00000002   PAD
    0x00001144   0x00001144   0x00000048   Code   RO         1381    i.JumpFunc          jump.o
    0x0000118c   0x0000118c   0x00000002   Code   RO          218    i.NMI_Handler       interrupt.o
    0x0000118e   0x0000118e   0x00000002   Code   RO          219    i.PENDSV_Handler    interrupt.o
    0x00001190   0x00001190   0x00000002   Code   RO          220    i.PVD_IRQHandler    interrupt.o
    0x00001192   0x00001192   0x00000002   Code   RO          221    i.RCU_CSU_IRQHandler  interrupt.o
    0x00001194   0x00001194   0x00000002   Code   RO          222    i.RTC_IRQHandler    interrupt.o
    0x00001196   0x00001196   0x00000002   Code   RO          223    i.SPI1_IRQHandler   interrupt.o
    0x00001198   0x00001198   0x00000002   Code   RO          224    i.SPI2_IRQHandler   interrupt.o
    0x0000119a   0x0000119a   0x00000002   Code   RO          225    i.SPI3_IRQHandler   interrupt.o
    0x0000119c   0x0000119c   0x00000002   Code   RO          226    i.SVC_Handler       interrupt.o
    0x0000119e   0x0000119e   0x00000002   Code   RO          227    i.SYSTICK_Handler   interrupt.o
    0x000011a0   0x000011a0   0x00000002   Code   RO           12    i.SystemInit        system_es32f0283.o
    0x000011a2   0x000011a2   0x00000002   PAD
    0x000011a4   0x000011a4   0x00000074   Code   RO         1172    i.UART1_IRQHandler  uartxbat.o
    0x00001218   0x00001218   0x00000002   Code   RO          228    i.USB_IRQHandler    interrupt.o
    0x0000121a   0x0000121a   0x00000002   PAD
    0x0000121c   0x0000121c   0x00000014   Code   RO         1173    i.UartBATRXvalueinit  uartxbat.o
    0x00001230   0x00001230   0x00000024   Code   RO         1175    i.UartBATRxgetdata  uartxbat.o
    0x00001254   0x00001254   0x00000058   Code   RO         1176    i.UartBATRxjieshou  uartxbat.o
    0x000012ac   0x000012ac   0x00000024   Code   RO         1177    i.UartBATTXvalueinit  uartxbat.o
    0x000012d0   0x000012d0   0x00000002   Code   RO          229    i.WAKEUP_IRQHandler  interrupt.o
    0x000012d2   0x000012d2   0x00000002   Code   RO          230    i.WWDT_IRQHandler   interrupt.o
    0x000012d4   0x000012d4   0x0000002e   Code   RO          622    i.__ARM_clz         md_gpio.o
    0x00001302   0x00001302   0x0000001a   Code   RO         1225    i.__ARM_common_switch8  uartxbat.o
    0x0000131c   0x0000131c   0x00000034   Code   RO         1346    i.bspCLKInit        config.o
    0x00001350   0x00001350   0x00000050   Code   RO         1347    i.bspinit           config.o
    0x000013a0   0x000013a0   0x0000005c   Code   RO         1239    i.flashAPPerase     flashx.o
    0x000013fc   0x000013fc   0x00000038   Code   RO         1315    i.main              main.o
    0x00001434   0x00001434   0x00000024   Code   RO          856    i.md_fc_lock        md_fc.o
    0x00001458   0x00001458   0x00000030   Code   RO          869    i.md_fc_unlock      md_fc.o
    0x00001488   0x00001488   0x00000240   Code   RO          602    i.md_gpio_init      md_gpio.o
    0x000016c8   0x000016c8   0x00000040   Code   RO          638    i.md_rcu_check_hosc_ready  md_rcu.o
    0x00001708   0x00001708   0x00000100   Code   RO          639    i.md_rcu_pll0_init  md_rcu.o
    0x00001808   0x00001808   0x000002d4   Code   RO          640    i.md_rcu_sys_init   md_rcu.o
    0x00001adc   0x00001adc   0x00000044   Code   RO          641    i.md_tick_init_rcu  md_rcu.o
    0x00001b20   0x00001b20   0x00000040   Code   RO          644    i.md_tick_waitms_rcu  md_rcu.o
    0x00001b60   0x00001b60   0x00000068   Code   RO          767    i.md_uart_init      md_uart.o
    0x00001bc8   0x00001bc8   0x00000018   Code   RO          772    i.md_uart_setting_baudrate  md_uart.o
    0x00001be0   0x00001be0   0x0000002c   Code   RO         1069    i.timxinit          timerx.o
    0x00001c0c   0x00001c0c   0x00000010   Code   RO         1070    i.timxvalueinit     timerx.o
    0x00001c1c   0x00001c1c   0x00000030   Code   RO         1129    i.uartxinit         uartx.o
    0x00001c4c   0x00001c4c   0x00000024   Code   RO         1130    i.uartxvaluinit     uartx.o
    0x00001c70   0x00001c70   0x00000010   Code   RO         1348    i.valueinit         config.o
    0x00001c80   0x00001c80   0x00000000   Code   RO         1452    x$fpl$usenofp       fz_ps.l(usenofp.o)
    0x00001c80   0x00001c80   0x00000080   Data   RO         1426    .constdata          fz_ps.l(ddiv.o)
    0x00001d00   0x00001d00   0x00000020   Data   RO         1617    Region$$Table       anon$$obj.o


    Execution Region RW_IRAM1 (Exec base: 0x20000000, Load base: 0x00001d20, Size: 0x000004d0, Max: 0x00002000, ABSOLUTE)

    Exec Addr    Load Addr    Size         Type   Attr      Idx    E Section Name        Object

    0x20000000   0x00001d20   0x00000004   Data   RW           13    .data               system_es32f0283.o
    0x20000004   0x00001d24   0x00000004   Data   RW           14    .data               system_es32f0283.o
    0x20000008   0x00001d28   0x00000004   Data   RW           15    .data               system_es32f0283.o
    0x2000000c   0x00001d2c   0x00000004   Data   RW           16    .data               system_es32f0283.o
    0x20000010   0x00001d30   0x0000000c   Data   RW          645    .data               md_rcu.o
    0x2000001c   0x00001d3c   0x00000008   Data   RW         1071    .data               timerx.o
    0x20000024   0x00001d44   0x0000000e   Data   RW         1131    .data               uartx.o
    0x20000032   0x00001d52   0x00000002   PAD
    0x20000034   0x00001d54   0x0000000e   Data   RW         1179    .data               uartxbat.o
    0x20000042   0x00001d62   0x00000002   PAD
    0x20000044   0x00001d64   0x00000004   Data   RW         1240    .data               flashx.o
    0x20000048   0x00001d68   0x0000000f   Data   RW         1270    .data               bat.o
    0x20000057   0x00001d77   0x00000002   Data   RW         1316    .data               main.o
    0x20000059   0x00001d79   0x00000003   PAD
    0x2000005c   0x00001d7c   0x00000008   Data   RW         1382    .data               jump.o
    0x20000064        -       0x0000000c   Zero   RW         1269    .bss                bat.o
    0x20000070        -       0x00000060   Zero   RW         1490    .bss                c_p.l(libspace.o)
    0x200000d0        -       0x00000000   Zero   RW            2    HEAP                startup_es32f0283.o
    0x200000d0        -       0x00000400   Zero   RW            1    STACK               startup_es32f0283.o


==============================================================================

Image component sizes


      Code (inc. data)   RO Data    RW Data    ZI Data      Debug   Object Name

        76         10          0         15         12       2041   bat.o
       148         18          0          0          0      30715   config.o
        92         14          0          4          0       5049   flashx.o
       108         10          0          0          0       2667   gpiox.o
        54          0          0          0          0      10547   interrupt.o
        72          8          0          8          0       3097   jump.o
        56          8          0          2          0       4572   main.o
        84         18          0          0          0       5456   md_fc.o
       622          0          0          0          0      11231   md_gpio.o
      1176        126          0         12          0      41771   md_rcu.o
       128          4          0          0          0      16826   md_uart.o
        52         22        192          0       1024        632   startup_es32f0283.o
         2          0          0         16          0     126553   system_es32f0283.o
       120         26          0          8          0      42228   timerx.o
        84         12          0         14          0       1616   uartx.o
       322         52          0         14          0      17895   uartxbat.o

    ----------------------------------------------------------------------
      3204        328        224        100       1036     322896   Object Totals
         0          0         32          0          0          0   (incl. Generated)
         8          0          0          7          0          0   (incl. Padding)

    ----------------------------------------------------------------------

      Code (inc. data)   RO Data    RW Data    ZI Data      Debug   Library Member Name

         8          0          0          0          0         68   __main.o
         0          0          0          0          0          0   __rtentry.o
        12          0          0          0          0          0   __rtentry2.o
         6          0          0          0          0          0   __rtentry4.o
        60          8          0          0          0          0   __scatter.o
        26          0          0          0          0          0   __scatter_copy.o
        28          0          0          0          0          0   __scatter_zi.o
       346          0          0          0          0         92   aeabi_sdiv.o
        16          0          0          0          0         68   exit.o
         6          0          0          0          0        136   heapauxi.o
         0          0          0          0          0          0   indicate_semi.o
         2          0          0          0          0          0   libinit.o
         2          0          0          0          0          0   libinit2.o
         2          0          0          0          0          0   libshutdown.o
         2          0          0          0          0          0   libshutdown2.o
         8          4          0          0         96         68   libspace.o
       112          0          0          0          0         72   llsdiv.o
       258          0          0          0          0         88   lludiv.o
        64          0          0          0          0        108   rt_memclr.o
        56          0          0          0          0         68   rt_memcpy.o
         2          0          0          0          0          0   rtexit.o
        10          0          0          0          0          0   rtexit2.o
        12          4          0          0          0         60   sys_exit.o
        62          0          0          0          0         80   sys_stackheap_outer.o
         2          0          0          0          0         68   use_no_semi.o
       856         20          0          0          0        208   daddsub.o
      1096         26        128          0          0        112   ddiv.o
        72          4          0          0          0         68   dfixui.o
        88          0          0          0          0         92   dflti.o
       584         26          0          0          0         84   dmul.o
        96         12          0          0          0         72   dscalbn.o
         0          0          0          0          0          0   usenofp.o

    ----------------------------------------------------------------------
      3900        104        128          0         96       1612   Library Totals
         6          0          0          0          0          0   (incl. Padding)

    ----------------------------------------------------------------------

      Code (inc. data)   RO Data    RW Data    ZI Data      Debug   Library Name

      1102         16          0          0         96        976   c_p.l
      2792         88        128          0          0        636   fz_ps.l

    ----------------------------------------------------------------------
      3900        104        128          0         96       1612   Library Totals

    ----------------------------------------------------------------------

==============================================================================


      Code (inc. data)   RO Data    RW Data    ZI Data      Debug   

      7104        432        352        100       1132     321408   Grand Totals
      7104        432        352        100       1132     321408   ELF Image Totals
      7104        432        352        100          0          0   ROM Totals

==============================================================================

    Total RO  Size (Code + RO Data)                 7456 (   7.28kB)
    Total RW  Size (RW Data + ZI Data)              1232 (   1.20kB)
    Total ROM Size (Code + RO Data + RW Data)       7556 (   7.38kB)

==============================================================================

