<html>
<body>
<pre>
<h1>µVision Build Log</h1>
<h2>Tool Versions:</h2>
IDE-Version: µVision V5.38.0.0
Copyright (C) 2022 ARM Ltd and ARM Germany GmbH. All rights reserved.
License Information: d admin, d, LIC=HN0AE-5EFIT-IIU5V-P1VMI-7FG8F-9EII0
 
Tool Versions:
Toolchain:       MDK-ARM Plus  Version: 5.38.0.0
Toolchain Path:  C:\Keil_v5\ARM\ARMCC\Bin
C Compiler:      Armcc.exe V5.06 update 7 (build 960)
Assembler:       Armasm.exe V5.06 update 7 (build 960)
Linker/Locator:  ArmLink.exe V5.06 update 7 (build 960)
Library Manager: ArmAr.exe V5.06 update 7 (build 960)
Hex Converter:   FromElf.exe V5.06 update 7 (build 960)
CPU DLL:         SARMCM3.DLL V5.38.0.0
Dialog DLL:      DCM.DLL V1.17.5.0
Target DLL:      STLink\ST-LINKIII-KEIL_SWO.dll V3.1.0.0
Dialog DLL:      TCM.DLL V1.56.4.0
 
<h2>Project:</h2>
D:\softLib\LCD\LCD_Module_code\STM32\MDK-ARM\LCD_demo.uvprojx
Project File Date:  07/13/2023

<h2>Output:</h2>
*** Using Compiler 'V5.06 update 7 (build 960)', folder: 'C:\Keil_v5\ARM\ARMCC\Bin'
Build target 'LCD_demo'
assembling startup_stm32f103xb.s...
compiling stm32f1xx_hal.c...
compiling stm32f1xx_it.c...
compiling stm32f1xx_hal_rcc_ex.c...
compiling gpio.c...
compiling stm32f1xx_hal_msp.c...
compiling spi.c...
compiling stm32f1xx_hal_gpio_ex.c...
compiling usart.c...
compiling tim.c...
compiling stm32f1xx_hal_rcc.c...
compiling stm32f1xx_hal_gpio.c...
compiling stm32f1xx_hal_dma.c...
compiling main.c...
compiling font8.c...
compiling stm32f1xx_hal_spi.c...
compiling font12.c...
compiling font12CN.c...
compiling font16.c...
compiling font20.c...
compiling font24.c...
compiling font24CN.c...
compiling image.c...
compiling stm32f1xx_hal_cortex.c...
compiling stm32f1xx_hal_pwr.c...
compiling stm32f1xx_hal_flash.c...
compiling system_stm32f1xx.c...
compiling stm32f1xx_hal_exti.c...
compiling stm32f1xx_hal_flash_ex.c...
compiling stm32f1xx_hal_uart.c...
compiling stm32f1xx_hal_tim_ex.c...
compiling GUI_Paint.c...
compiling DEV_Config.c...
compiling LCD_0in96.c...
compiling LCD_1in14.c...
compiling LCD_1inch28.c...
compiling stm32f1xx_hal_tim.c...
compiling LCD_1in3.c...
compiling LCD_1in47.c...
compiling LCD_1in9.c...
compiling LCD_1in8.c...
compiling LCD_1in69.c...
compiling LCD_1in54.c...
compiling LCD_2inch4.c...
compiling LCD_2inch.c...
compiling LCD_0inch96_test.c...
compiling LCD_1inch14_test.c...
compiling LCD_1inch3_test.c...
compiling LCD_1inch54_test.c...
compiling LCD_1inch47_test.c...
compiling LCD_1inch28_test.c...
compiling LCD_1inch69_test.c...
compiling LCD_1inch8_test.c...
compiling LCD_2inch4_test.c...
compiling LCD_2inch_test.c...
compiling LCD_1inch9_test.c...
linking...
Program Size: Code=13956 RO-data=20164 RW-data=72 ZI-data=1776  
FromELF: creating hex file...
"LCD_demo\LCD_demo.axf" - 0 Error(s), 0 Warning(s).

<h2>Software Packages used:</h2>

Package Vendor: ARM
                http://www.keil.com/pack/ARM.CMSIS.5.9.0.pack
                ARM.CMSIS.5.9.0
                CMSIS (Common Microcontroller Software Interface Standard)
   * Component: CORE Version: 5.6.0

Package Vendor: Keil
                https://www.keil.com/pack/Keil.STM32F1xx_DFP.2.4.1.pack
                Keil.STM32F1xx_DFP.2.4.1
                STMicroelectronics STM32F1 Series Device Support, Drivers and Examples

<h2>Collection of Component include folders:</h2>
  ./RTE/_LCD_demo
  C:/Users/admin/AppData/Local/Arm/Packs/ARM/CMSIS/5.9.0/CMSIS/Core/Include
  C:/Users/admin/AppData/Local/Arm/Packs/Keil/STM32F1xx_DFP/2.4.1/Device/Include

<h2>Collection of Component Files used:</h2>

   * Component: ARM::CMSIS:CORE:5.6.0
Build Time Elapsed:  00:00:08
</pre>
</body>
</html>
