<html>
<body>
<pre>
<h1>µVision Build Log</h1>
<h2>Tool Versions:</h2>
IDE-Version: ¦ÌVision V5.25.2.0
Copyright (C) 2018 ARM Ltd and ARM Germany GmbH. All rights reserved.
License Information: shaohua zhong, WAVESHARE, LIC=NHY9U-SS5I0-LUU4M-XEU2R-LC2LX-E3JUW
 
Tool Versions:
Toolchain:       MDK-ARM Professional  Version: 5.25.2.0
Toolchain Path:  D:\Program Files\Keil\ARM\ARMCC\Bin
C Compiler:      Armcc.exe V5.06 update 6 (build 750)
Assembler:       Armasm.exe V5.06 update 6 (build 750)
Linker/Locator:  ArmLink.exe V5.06 update 6 (build 750)
Library Manager: ArmAr.exe V5.06 update 6 (build 750)
Hex Converter:   FromElf.exe V5.06 update 6 (build 750)
CPU DLL:         SARMCM3.DLL V5.25.2.0
Dialog DLL:      DCM.DLL V1.17.1.0
Target DLL:      STLink\ST-LINKIII-KEIL_SWO.dll V3.0.1.0
Dialog DLL:      TCM.DLL V1.35.1.0
 
<h2>Project:</h2>
E:\pro-edit\001_2.8inch Resistive Touch LCD\Code\code_edit\001_LCD28\ST7789_New\Open405R\USB HS Examples\Project\USB_Device_Examples\DualCore\MDK-ARM\usbd_hidfs_mschs.uvproj
Project File Date:  08/20/2019

<h2>Output:</h2>
*** Using Compiler 'V5.06 update 6 (build 750)', folder: 'D:\Program Files\Keil\ARM\ARMCC\Bin'
Build target 'Open407I'
compiling usb_bsp.c...
compiling app.c...
compiling usbd_usr.c...
compiling usbd_storage_msd.c...
compiling usbd_msc_desc.c...
compiling usbd_hid_desc.c...
compiling misc.c...
compiling stm32fxxx_it.c...
compiling usbd_req.c...
compiling usbd_core.c...
compiling usbd_ioreq.c...
compiling usbd_hid_core.c...
compiling usbd_msc_bot.c...
compiling usbd_msc_scsi.c...
compiling usbd_msc_core.c...
compiling usbd_msc_data.c...
compiling usb_dcd_int.c...
compiling usb_core.c...
assembling startup_stm32f4xx.s...
compiling usb_dcd.c...
compiling lcd_log.c...
compiling system_stm32f4xx.c...
compiling stm324xg_eval.c...
compiling stm324xg_eval_sdio_sd.c...
compiling stm324xg_eval_Key.c...
compiling stm32f4xx_sdio.c...
compiling stm32f4xx_spi.c...
compiling LCD_Driver.c...
compiling stm32f4xx_syscfg.c...
compiling stm32f4xx_usart.c...
compiling stm32f4xx_dma.c...
compiling stm32f4xx_exti.c...
compiling stm32f4xx_flash.c...
compiling stm32f4xx_fsmc.c...
compiling stm32f4xx_gpio.c...
compiling stm32f4xx_i2c.c...
compiling stm32f4xx_pwr.c...
compiling stm32f4xx_rcc.c...
linking...
Program Size: Code=20172 RO-data=9720 RW-data=716 ZI-data=8988  
FromELF: creating hex file...
".\STM324xG-EVAL\STM324xG-EVAL_HS_FS.axf" - 0 Error(s), 0 Warning(s).
Build Time Elapsed:  00:00:11
</pre>
</body>
</html>
