Component: ARM Compiler 5.05 update 2 (build 169) Tool: armlink [4d0f33]

==============================================================================

Section Cross References

    app.o(i.main) refers to usbd_core.o(i.USBD_Init) for USBD_Init
    app.o(i.main) refers to usbd_usr.o(.data) for USR_cb
    app.o(i.main) refers to usbd_msc_core.o(.data) for USBD_MSC_cb
    app.o(i.main) refers to usbd_desc.o(.data) for USR_desc
    app.o(i.main) refers to app.o(.bss) for .bss
    stm32fxxx_it.o(i.OTG_HS_EP1_IN_IRQHandler) refers to usb_dcd_int.o(i.USBD_OTG_EP1IN_ISR_Handler) for USBD_OTG_EP1IN_ISR_Handler
    stm32fxxx_it.o(i.OTG_HS_EP1_IN_IRQHandler) refers to app.o(.bss) for USB_OTG_dev
    stm32fxxx_it.o(i.OTG_HS_EP1_OUT_IRQHandler) refers to usb_dcd_int.o(i.USBD_OTG_EP1OUT_ISR_Handler) for USBD_OTG_EP1OUT_ISR_Handler
    stm32fxxx_it.o(i.OTG_HS_EP1_OUT_IRQHandler) refers to app.o(.bss) for USB_OTG_dev
    stm32fxxx_it.o(i.OTG_HS_IRQHandler) refers to usb_dcd_int.o(i.USBD_OTG_ISR_Handler) for USBD_OTG_ISR_Handler
    stm32fxxx_it.o(i.OTG_HS_IRQHandler) refers to app.o(.bss) for USB_OTG_dev
    stm32fxxx_it.o(i.SDIO_IRQHandler) refers to stm324xg_eval_sdio_sd.o(i.SD_ProcessIRQSrc) for SD_ProcessIRQSrc
    usb_bsp.o(i.USB_OTG_BSP_EnableInterrupt) refers to misc.o(i.NVIC_PriorityGroupConfig) for NVIC_PriorityGroupConfig
    usb_bsp.o(i.USB_OTG_BSP_EnableInterrupt) refers to misc.o(i.NVIC_Init) for NVIC_Init
    usb_bsp.o(i.USB_OTG_BSP_Init) refers to stm32f4xx_rcc.o(i.RCC_AHB1PeriphClockCmd) for RCC_AHB1PeriphClockCmd
    usb_bsp.o(i.USB_OTG_BSP_Init) refers to stm32f4xx_gpio.o(i.GPIO_PinAFConfig) for GPIO_PinAFConfig
    usb_bsp.o(i.USB_OTG_BSP_Init) refers to stm32f4xx_gpio.o(i.GPIO_Init) for GPIO_Init
    usb_bsp.o(i.USB_OTG_BSP_mDelay) refers to usb_bsp.o(i.USB_OTG_BSP_uDelay) for USB_OTG_BSP_uDelay
    usbd_usr.o(i.USBD_USR_DeviceConfigured) refers to printfb.o(i.__0printf$bare) for __2printf
    usbd_usr.o(i.USBD_USR_DeviceConfigured) refers to lcd_log.o(.data) for LCD_LineColor
    usbd_usr.o(i.USBD_USR_DeviceConnected) refers to printfb.o(i.__0printf$bare) for __2printf
    usbd_usr.o(i.USBD_USR_DeviceConnected) refers to lcd_log.o(.data) for LCD_LineColor
    usbd_usr.o(i.USBD_USR_DeviceDisconnected) refers to printfb.o(i.__0printf$bare) for __2printf
    usbd_usr.o(i.USBD_USR_DeviceDisconnected) refers to lcd_log.o(.data) for LCD_LineColor
    usbd_usr.o(i.USBD_USR_DeviceReset) refers to lcd_log.o(i.LCD_LOG_SetFooter) for LCD_LOG_SetFooter
    usbd_usr.o(i.USBD_USR_DeviceSuspended) refers to printfb.o(i.__0printf$bare) for __2printf
    usbd_usr.o(i.USBD_USR_DeviceSuspended) refers to lcd_log.o(.data) for LCD_LineColor
    usbd_usr.o(i.USBD_USR_Init) refers to stm324xg_eval_lcd.o(i.STM324xG_LCD_Init) for STM324xG_LCD_Init
    usbd_usr.o(i.USBD_USR_Init) refers to lcd_log.o(i.LCD_LOG_Init) for LCD_LOG_Init
    usbd_usr.o(i.USBD_USR_Init) refers to lcd_log.o(i.LCD_LOG_SetHeader) for LCD_LOG_SetHeader
    usbd_usr.o(i.USBD_USR_Init) refers to printfb.o(i.__0printf$bare) for __2printf
    usbd_usr.o(i.USBD_USR_Init) refers to lcd_log.o(i.LCD_LOG_SetFooter) for LCD_LOG_SetFooter
    usbd_usr.o(i.USBD_USR_Init) refers to stm324xg_eval_lcd.o(i.LCD_SetTextColor) for LCD_SetTextColor
    usbd_usr.o(i.USBD_USR_Init) refers to stm324xg_eval_lcd.o(i.LCD_DisplayStringLine) for LCD_DisplayStringLine
    usbd_usr.o(i.USBD_USR_Init) refers to lcd_log.o(.data) for LCD_LineColor
    usbd_usr.o(.data) refers to usbd_usr.o(i.USBD_USR_Init) for USBD_USR_Init
    usbd_usr.o(.data) refers to usbd_usr.o(i.USBD_USR_DeviceReset) for USBD_USR_DeviceReset
    usbd_usr.o(.data) refers to usbd_usr.o(i.USBD_USR_DeviceConfigured) for USBD_USR_DeviceConfigured
    usbd_usr.o(.data) refers to usbd_usr.o(i.USBD_USR_DeviceSuspended) for USBD_USR_DeviceSuspended
    usbd_usr.o(.data) refers to usbd_usr.o(i.USBD_USR_DeviceResumed) for USBD_USR_DeviceResumed
    usbd_usr.o(.data) refers to usbd_usr.o(i.USBD_USR_DeviceConnected) for USBD_USR_DeviceConnected
    usbd_usr.o(.data) refers to usbd_usr.o(i.USBD_USR_DeviceDisconnected) for USBD_USR_DeviceDisconnected
    usbd_storage_msd.o(i.STORAGE_GetCapacity) refers to stm324xg_eval_sdio_sd.o(i.SD_GetStatus) for SD_GetStatus
    usbd_storage_msd.o(i.STORAGE_GetCapacity) refers to stm324xg_eval_sdio_sd.o(.bss) for SDCardInfo
    usbd_storage_msd.o(i.STORAGE_Init) refers to misc.o(i.NVIC_Init) for NVIC_Init
    usbd_storage_msd.o(i.STORAGE_Init) refers to stm324xg_eval_sdio_sd.o(i.SD_Init) for SD_Init
    usbd_storage_msd.o(i.STORAGE_IsReady) refers to stm324xg_eval_sdio_sd.o(i.SD_Init) for SD_Init
    usbd_storage_msd.o(i.STORAGE_IsReady) refers to stm324xg_eval_sdio_sd.o(i.SD_GetStatus) for SD_GetStatus
    usbd_storage_msd.o(i.STORAGE_IsReady) refers to usbd_storage_msd.o(.data) for .data
    usbd_storage_msd.o(i.STORAGE_Read) refers to stm324xg_eval_sdio_sd.o(i.SD_ReadMultiBlocks) for SD_ReadMultiBlocks
[...]
    SCSI_ProcessWrite                        0x080018e5   Thumb Code   126  usbd_msc_scsi.o(i.SCSI_ProcessWrite)
    i.SCSI_Read10                            0x08001974   Section        0  usbd_msc_scsi.o(i.SCSI_Read10)
    SCSI_Read10                              0x08001975   Thumb Code   144  usbd_msc_scsi.o(i.SCSI_Read10)
    i.SCSI_ReadCapacity10                    0x08001a18   Section        0  usbd_msc_scsi.o(i.SCSI_ReadCapacity10)
    SCSI_ReadCapacity10                      0x08001a19   Thumb Code    86  usbd_msc_scsi.o(i.SCSI_ReadCapacity10)
    i.SCSI_ReadFormatCapacity                0x08001a80   Section        0  usbd_msc_scsi.o(i.SCSI_ReadFormatCapacity)
    SCSI_ReadFormatCapacity                  0x08001a81   Thumb Code   100  usbd_msc_scsi.o(i.SCSI_ReadFormatCapacity)
    i.SCSI_RequestSense                      0x08001af0   Section        0  usbd_msc_scsi.o(i.SCSI_RequestSense)
    SCSI_RequestSense                        0x08001af1   Thumb Code    86  usbd_msc_scsi.o(i.SCSI_RequestSense)
    i.SCSI_SenseCode                         0x08001b58   Section        0  usbd_msc_scsi.o(i.SCSI_SenseCode)
    i.SCSI_Write10                           0x08001b84   Section        0  usbd_msc_scsi.o(i.SCSI_Write10)
    SCSI_Write10                             0x08001b85   Thumb Code   174  usbd_msc_scsi.o(i.SCSI_Write10)
    i.SDEnWideBus                            0x08001c48   Section        0  stm324xg_eval_sdio_sd.o(i.SDEnWideBus)
    SDEnWideBus                              0x08001c49   Thumb Code   182  stm324xg_eval_sdio_sd.o(i.SDEnWideBus)
    i.SDIO_ClearFlag                         0x08001d08   Section        0  stm32f4xx_sdio.o(i.SDIO_ClearFlag)
    i.SDIO_ClearITPendingBit                 0x08001d14   Section        0  stm32f4xx_sdio.o(i.SDIO_ClearITPendingBit)
    i.SDIO_ClockCmd                          0x08001d20   Section        0  stm32f4xx_sdio.o(i.SDIO_ClockCmd)
    i.SDIO_DMACmd                            0x08001d2c   Section        0  stm32f4xx_sdio.o(i.SDIO_DMACmd)
    i.SDIO_DataConfig                        0x08001d38   Section        0  stm32f4xx_sdio.o(i.SDIO_DataConfig)
    i.SDIO_DeInit                            0x08001d68   Section        0  stm32f4xx_sdio.o(i.SDIO_DeInit)
    i.SDIO_GetCommandResponse                0x08001d80   Section        0  stm32f4xx_sdio.o(i.SDIO_GetCommandResponse)
    i.SDIO_GetFlagStatus                     0x08001d8c   Section        0  stm32f4xx_sdio.o(i.SDIO_GetFlagStatus)
    i.SDIO_GetITStatus                       0x08001da0   Section        0  stm32f4xx_sdio.o(i.SDIO_GetITStatus)
    i.SDIO_GetPowerState                     0x08001db4   Section        0  stm32f4xx_sdio.o(i.SDIO_GetPowerState)
    i.SDIO_GetResponse                       0x08001dc4   Section        0  stm32f4xx_sdio.o(i.SDIO_GetResponse)
    i.SDIO_IRQHandler                        0x08001dd4   Section        0  stm32fxxx_it.o(i.SDIO_IRQHandler)
    i.SDIO_ITConfig                          0x08001dd8   Section        0  stm32f4xx_sdio.o(i.SDIO_ITConfig)
    i.SDIO_Init                              0x08001df0   Section        0  stm32f4xx_sdio.o(i.SDIO_Init)
    i.SDIO_ReadData                          0x08001e1c   Section        0  stm32f4xx_sdio.o(i.SDIO_ReadData)
    i.SDIO_SendCommand                       0x08001e28   Section        0  stm32f4xx_sdio.o(i.SDIO_SendCommand)
    i.SDIO_SetPowerState                     0x08001e50   Section        0  stm32f4xx_sdio.o(i.SDIO_SetPowerState)
    i.SD_Detect                              0x08001e5c   Section        0  stm324xg_eval_sdio_sd.o(i.SD_Detect)
    i.SD_EnableWideBusOperation              0x08001e80   Section        0  stm324xg_eval_sdio_sd.o(i.SD_EnableWideBusOperation)
    i.SD_GetCardInfo                         0x08001ef4   Section        0  stm324xg_eval_sdio_sd.o(i.SD_GetCardInfo)
    i.SD_GetState                            0x08002158   Section        0  stm324xg_eval_sdio_sd.o(i.SD_GetState)
    i.SD_GetStatus                           0x0800217a   Section        0  stm324xg_eval_sdio_sd.o(i.SD_GetStatus)
    i.SD_Init                                0x08002194   Section        0  stm324xg_eval_sdio_sd.o(i.SD_Init)
    i.SD_InitializeCards                     0x08002214   Section        0  stm324xg_eval_sdio_sd.o(i.SD_InitializeCards)
    i.SD_LowLevel_DMA_RxConfig               0x08002310   Section        0  stm324xg_eval.o(i.SD_LowLevel_DMA_RxConfig)
    i.SD_LowLevel_DMA_TxConfig               0x08002398   Section        0  stm324xg_eval.o(i.SD_LowLevel_DMA_TxConfig)
    i.SD_LowLevel_Init                       0x08002420   Section        0  stm324xg_eval.o(i.SD_LowLevel_Init)
    i.SD_PowerON                             0x080024e0   Section        0  stm324xg_eval_sdio_sd.o(i.SD_PowerON)
    i.SD_ProcessIRQSrc                       0x080026c4   Section        0  stm324xg_eval_sdio_sd.o(i.SD_ProcessIRQSrc)
    i.SD_ReadMultiBlocks                     0x08002754   Section        0  stm324xg_eval_sdio_sd.o(i.SD_ReadMultiBlocks)
    i.SD_SelectDeselect                      0x08002810   Section        0  stm324xg_eval_sdio_sd.o(i.SD_SelectDeselect)
    i.SD_SendStatus                          0x0800283c   Section        0  stm324xg_eval_sdio_sd.o(i.SD_SendStatus)
    i.SD_StopTransfer                        0x08002884   Section        0  stm324xg_eval_sdio_sd.o(i.SD_StopTransfer)
    i.SD_WaitReadOperation                   0x080028ac   Section        0  stm324xg_eval_sdio_sd.o(i.SD_WaitReadOperation)
    i.SD_WaitWriteOperation                  0x0800290c   Section        0  stm324xg_eval_sdio_sd.o(i.SD_WaitWriteOperation)
    i.SD_WriteMultiBlocks                    0x0800296c   Section        0  stm324xg_eval_sdio_sd.o(i.SD_WriteMultiBlocks)
    i.STM324xG_LCD_Init                      0x08002a70   Section        0  stm324xg_eval_lcd.o(i.STM324xG_LCD_Init)
    i.STORAGE_GetCapacity                    0x08002efc   Section        0  usbd_storage_msd.o(i.STORAGE_GetCapacity)
    i.STORAGE_GetMaxLun                      0x08002f2c   Section        0  usbd_storage_msd.o(i.STORAGE_GetMaxLun)
    i.STORAGE_Init                           0x08002f30   Section        0  usbd_storage_msd.o(i.STORAGE_Init)
    i.STORAGE_IsReady                        0x08002f5c   Section        0  usbd_storage_msd.o(i.STORAGE_IsReady)
    i.STORAGE_IsWriteProtected               0x08002f84   Section        0  usbd_storage_msd.o(i.STORAGE_IsWriteProtected)
    i.STORAGE_Read                           0x08002f88   Section        0  usbd_storage_msd.o(i.STORAGE_Read)
    i.STORAGE_Write                          0x08002fb0   Section        0  usbd_storage_msd.o(i.STORAGE_Write)
    i.SVC_Handler                            0x08002fd6   Section        0  stm32fxxx_it.o(i.SVC_Handler)
    i.SetSysClock                            0x08002fd8   Section        0  system_stm32f4xx.o(i.SetSysClock)
    SetSysClock                              0x08002fd9   Thumb Code   162  system_stm32f4xx.o(i.SetSysClock)
    i.SysTick_Handler                        0x0800308c   Section        0  stm32fxxx_it.o(i.SysTick_Handler)
    i.SystemInit                             0x08003090   Section        0  system_stm32f4xx.o(i.SystemInit)
    i.USBD_ClrCfg                            0x080030e0   Section        0  usbd_core.o(i.USBD_ClrCfg)
    i.USBD_CtlContinueRx                     0x080030ee   Section        0  usbd_ioreq.o(i.USBD_CtlContinueRx)
    i.USBD_CtlContinueSendData               0x08003100   Section        0  usbd_ioreq.o(i.USBD_CtlContinueSendData)
    i.USBD_CtlError                          0x08003112   Section        0  usbd_req.o(i.USBD_CtlError)
    i.USBD_CtlReceiveStatus                  0x0800312e   Section        0  usbd_ioreq.o(i.USBD_CtlReceiveStatus)
    i.USBD_CtlSendData                       0x08003150   Section        0  usbd_ioreq.o(i.USBD_CtlSendData)
    i.USBD_CtlSendStatus                     0x08003170   Section        0  usbd_ioreq.o(i.USBD_CtlSendStatus)
    i.USBD_DataInStage                       0x08003194   Section        0  usbd_core.o(i.USBD_DataInStage)
    USBD_DataInStage                         0x08003195   Thumb Code   172  usbd_core.o(i.USBD_DataInStage)
    i.USBD_DataOutStage                      0x08003244   Section        0  usbd_core.o(i.USBD_DataOutStage)
    USBD_DataOutStage                        0x08003245   Thumb Code   120  usbd_core.o(i.USBD_DataOutStage)
    i.USBD_DevConnected                      0x080032bc   Section        0  usbd_core.o(i.USBD_DevConnected)
    USBD_DevConnected                        0x080032bd   Thumb Code    22  usbd_core.o(i.USBD_DevConnected)
    i.USBD_DevDisconnected                   0x080032d2   Section        0  usbd_core.o(i.USBD_DevDisconnected)
    USBD_DevDisconnected                     0x080032d3   Thumb Code    32  usbd_core.o(i.USBD_DevDisconnected)
    i.USBD_GetDescriptor                     0x080032f4   Section        0  usbd_req.o(i.USBD_GetDescriptor)
    USBD_GetDescriptor                       0x080032f5   Thumb Code   288  usbd_req.o(i.USBD_GetDescriptor)
    i.USBD_GetRxCount                        0x08003418   Section        0  usbd_ioreq.o(i.USBD_GetRxCount)
    i.USBD_GetString                         0x08003428   Section        0  usbd_req.o(i.USBD_GetString)
    i.USBD_Init                              0x0800346e   Section        0  usbd_core.o(i.USBD_Init)
    i.USBD_IsoINIncomplete                   0x080034a2   Section        0  usbd_core.o(i.USBD_IsoINIncomplete)
    USBD_IsoINIncomplete                     0x080034a3   Thumb Code    14  usbd_core.o(i.USBD_IsoINIncomplete)
    i.USBD_IsoOUTIncomplete                  0x080034b0   Section        0  usbd_core.o(i.USBD_IsoOUTIncomplete)
    USBD_IsoOUTIncomplete                    0x080034b1   Thumb Code    14  usbd_core.o(i.USBD_IsoOUTIncomplete)
    i.USBD_MSC_DataIn                        0x080034be   Section        0  usbd_msc_core.o(i.USBD_MSC_DataIn)
    i.USBD_MSC_DataOut                       0x080034c8   Section        0  usbd_msc_core.o(i.USBD_MSC_DataOut)
    i.USBD_MSC_DeInit                        0x080034d2   Section        0  usbd_msc_core.o(i.USBD_MSC_DeInit)
    i.USBD_MSC_GetCfgDesc                    0x080034f0   Section        0  usbd_msc_core.o(i.USBD_MSC_GetCfgDesc)
    i.USBD_MSC_GetOtherCfgDesc               0x080034fc   Section        0  usbd_msc_core.o(i.USBD_MSC_GetOtherCfgDesc)
    i.USBD_MSC_Init                          0x08003508   Section        0  usbd_msc_core.o(i.USBD_MSC_Init)
    i.USBD_MSC_Setup                         0x08003534   Section        0  usbd_msc_core.o(i.USBD_MSC_Setup)
    i.USBD_OTG_EP1IN_ISR_Handler             0x080035f0   Section        0  usb_dcd_int.o(i.USBD_OTG_EP1IN_ISR_Handler)
    i.USBD_OTG_EP1OUT_ISR_Handler            0x08003668   Section        0  usb_dcd_int.o(i.USBD_OTG_EP1OUT_ISR_Handler)
    i.USBD_OTG_ISR_Handler                   0x080036b8   Section        0  usb_dcd_int.o(i.USBD_OTG_ISR_Handler)
    i.USBD_ParseSetupRequest                 0x08003830   Section        0  usbd_req.o(i.USBD_ParseSetupRequest)
    i.USBD_Reset                             0x08003874   Section        0  usbd_core.o(i.USBD_Reset)
    USBD_Reset                               0x08003875   Thumb Code    46  usbd_core.o(i.USBD_Reset)
    i.USBD_Resume                            0x080038a2   Section        0  usbd_core.o(i.USBD_Resume)
    USBD_Resume                              0x080038a3   Thumb Code    22  usbd_core.o(i.USBD_Resume)
    i.USBD_SOF                               0x080038b8   Section        0  usbd_core.o(i.USBD_SOF)
    USBD_SOF                                 0x080038b9   Thumb Code    16  usbd_core.o(i.USBD_SOF)
    i.USBD_SetCfg                            0x080038c8   Section        0  usbd_core.o(i.USBD_SetCfg)
    i.USBD_SetConfig                         0x080038e4   Section        0  usbd_req.o(i.USBD_SetConfig)
    USBD_SetConfig                           0x080038e5   Thumb Code   112  usbd_req.o(i.USBD_SetConfig)
    i.USBD_SetFeature                        0x08003958   Section        0  usbd_req.o(i.USBD_SetFeature)
    USBD_SetFeature                          0x08003959   Thumb Code   118  usbd_req.o(i.USBD_SetFeature)
    i.USBD_SetupStage                        0x080039d4   Section        0  usbd_core.o(i.USBD_SetupStage)
    USBD_SetupStage                          0x080039d5   Thumb Code    72  usbd_core.o(i.USBD_SetupStage)
    i.USBD_StdDevReq                         0x08003a1c   Section        0  usbd_req.o(i.USBD_StdDevReq)
    i.USBD_StdEPReq                          0x08003b0c   Section        0  usbd_req.o(i.USBD_StdEPReq)
    i.USBD_StdItfReq                         0x08003be0   Section        0  usbd_req.o(i.USBD_StdItfReq)
    i.USBD_Suspend                           0x08003c16   Section        0  usbd_core.o(i.USBD_Suspend)
    USBD_Suspend                             0x08003c17   Thumb Code    28  usbd_core.o(i.USBD_Suspend)
    i.USBD_USR_ConfigStrDescriptor           0x08003c34   Section        0  usbd_desc.o(i.USBD_USR_ConfigStrDescriptor)
    i.USBD_USR_DeviceConfigured              0x08003c54   Section        0  usbd_usr.o(i.USBD_USR_DeviceConfigured)
    i.USBD_USR_DeviceConnected               0x08003c84   Section        0  usbd_usr.o(i.USBD_USR_DeviceConnected)
    i.USBD_USR_DeviceDescriptor              0x08003cb4   Section        0  usbd_desc.o(i.USBD_USR_DeviceDescriptor)
    i.USBD_USR_DeviceDisconnected            0x08003cc0   Section        0  usbd_usr.o(i.USBD_USR_DeviceDisconnected)
    i.USBD_USR_DeviceReset                   0x08003cf0   Section        0  usbd_usr.o(i.USBD_USR_DeviceReset)
    i.USBD_USR_DeviceResumed                 0x08003d7c   Section        0  usbd_usr.o(i.USBD_USR_DeviceResumed)
    i.USBD_USR_DeviceSuspended               0x08003d80   Section        0  usbd_usr.o(i.USBD_USR_DeviceSuspended)
    i.USBD_USR_Init                          0x08003db0   Section        0  usbd_usr.o(i.USBD_USR_Init)
    i.USBD_USR_InterfaceStrDescriptor        0x08003e8c   Section        0  usbd_desc.o(i.USBD_USR_InterfaceStrDescriptor)
    i.USBD_USR_LangIDStrDescriptor           0x08003eb0   Section        0  usbd_desc.o(i.USBD_USR_LangIDStrDescriptor)
    i.USBD_USR_ManufacturerStrDescriptor     0x08003ebc   Section        0  usbd_desc.o(i.USBD_USR_ManufacturerStrDescriptor)
    i.USBD_USR_ProductStrDescriptor          0x08003ee4   Section        0  usbd_desc.o(i.USBD_USR_ProductStrDescriptor)
    i.USBD_USR_SerialStrDescriptor           0x08003f30   Section        0  usbd_desc.o(i.USBD_USR_SerialStrDescriptor)
    i.USB_OTG_BSP_EnableInterrupt            0x08003f6c   Section        0  usb_bsp.o(i.USB_OTG_BSP_EnableInterrupt)
    i.USB_OTG_BSP_Init                       0x08003fd4   Section        0  usb_bsp.o(i.USB_OTG_BSP_Init)
    i.USB_OTG_BSP_mDelay                     0x0800410c   Section        0  usb_bsp.o(i.USB_OTG_BSP_mDelay)
    i.USB_OTG_BSP_uDelay                     0x08004116   Section        0  usb_bsp.o(i.USB_OTG_BSP_uDelay)
    i.USB_OTG_CoreInit                       0x08004126   Section        0  usb_core.o(i.USB_OTG_CoreInit)
    i.USB_OTG_CoreInitDev                    0x080041a8   Section        0  usb_core.o(i.USB_OTG_CoreInitDev)
    i.USB_OTG_CoreReset                      0x080042fc   Section        0  usb_core.o(i.USB_OTG_CoreReset)
    USB_OTG_CoreReset                        0x080042fd   Thumb Code    84  usb_core.o(i.USB_OTG_CoreReset)
    i.USB_OTG_DisableGlobalInt               0x08004354   Section        0  usb_core.o(i.USB_OTG_DisableGlobalInt)
    i.USB_OTG_EP0Activate                    0x08004364   Section        0  usb_core.o(i.USB_OTG_EP0Activate)
    i.USB_OTG_EP0StartXfer                   0x080043a0   Section        0  usb_core.o(i.USB_OTG_EP0StartXfer)
    i.USB_OTG_EP0_OutStart                   0x08004458   Section        0  usb_core.o(i.USB_OTG_EP0_OutStart)
    i.USB_OTG_EPActivate                     0x0800447c   Section        0  usb_core.o(i.USB_OTG_EPActivate)
    i.USB_OTG_EPClearStall                   0x080044e4   Section        0  usb_core.o(i.USB_OTG_EPClearStall)
    i.USB_OTG_EPDeactivate                   0x08004516   Section        0  usb_core.o(i.USB_OTG_EPDeactivate)
    i.USB_OTG_EPSetStall                     0x08004564   Section        0  usb_core.o(i.USB_OTG_EPSetStall)
    i.USB_OTG_EPStartXfer                    0x08004594   Section        0  usb_core.o(i.USB_OTG_EPStartXfer)
    i.USB_OTG_EnableDevInt                   0x080046b4   Section        0  usb_core.o(i.USB_OTG_EnableDevInt)
    i.USB_OTG_EnableGlobalInt                0x08004704   Section        0  usb_core.o(i.USB_OTG_EnableGlobalInt)
    i.USB_OTG_FlushRxFifo                    0x08004714   Section        0  usb_core.o(i.USB_OTG_FlushRxFifo)
    i.USB_OTG_FlushTxFifo                    0x0800474c   Section        0  usb_core.o(i.USB_OTG_FlushTxFifo)
    i.USB_OTG_GetDeviceSpeed                 0x0800478c   Section        0  usb_core.o(i.USB_OTG_GetDeviceSpeed)
    i.USB_OTG_InitDevSpeed                   0x080047b2   Section        0  usb_core.o(i.USB_OTG_InitDevSpeed)
    i.USB_OTG_IsDeviceMode                   0x080047be   Section        0  usb_core.o(i.USB_OTG_IsDeviceMode)
    i.USB_OTG_ReadCoreItr                    0x080047d0   Section        0  usb_core.o(i.USB_OTG_ReadCoreItr)
    i.USB_OTG_ReadDevAllInEPItr              0x080047da   Section        0  usb_core.o(i.USB_OTG_ReadDevAllInEPItr)
    i.USB_OTG_ReadDevAllOutEp_itr            0x080047e6   Section        0  usb_core.o(i.USB_OTG_ReadDevAllOutEp_itr)
    i.USB_OTG_ReadDevOutEP_itr               0x080047f2   Section        0  usb_core.o(i.USB_OTG_ReadDevOutEP_itr)
    i.USB_OTG_ReadPacket                     0x08004802   Section        0  usb_core.o(i.USB_OTG_ReadPacket)
    i.USB_OTG_SelectCore                     0x08004824   Section        0  usb_core.o(i.USB_OTG_SelectCore)
    i.USB_OTG_SetCurrentMode                 0x080048e8   Section        0  usb_core.o(i.USB_OTG_SetCurrentMode)
    i.USB_OTG_WritePacket                    0x08004912   Section        0  usb_core.o(i.USB_OTG_WritePacket)
    i.UsageFault_Handler                     0x0800493a   Section        0  stm32fxxx_it.o(i.UsageFault_Handler)
    i.__0printf$bare                         0x0800493c   Section        0  printfb.o(i.__0printf$bare)
    i.__scatterload_copy                     0x0800494c   Section       14  handlers.o(i.__scatterload_copy)
    i.__scatterload_null                     0x0800495a   Section        2  handlers.o(i.__scatterload_null)
    i.__scatterload_zeroinit                 0x0800495c   Section       14  handlers.o(i.__scatterload_zeroinit)
    i._printf_core                           0x0800496a   Section        0  printfb.o(i._printf_core)
    _printf_core                             0x0800496b   Thumb Code    34  printfb.o(i._printf_core)
    i.delay_ms                               0x0800498c   Section        0  stm324xg_eval_lcd.o(i.delay_ms)
    i.fputc                                  0x080049a8   Section        0  lcd_log.o(i.fputc)
    i.main                                   0x08004aa4   Section        0  app.o(i.main)
    .constdata                               0x08004adc   Section       36  usbd_storage_msd.o(.constdata)
    .constdata                               0x08004b00   Section        7  usbd_msc_data.o(.constdata)
    .constdata                               0x08004b07   Section        8  usbd_msc_data.o(.constdata)
    .constdata                               0x08004b0f   Section        8  usbd_msc_data.o(.constdata)
    .constdata                               0x08004b18   Section     4560  stm324xg_eval_lcd.o(.constdata)
    .constdata                               0x08005ce8   Section     2304  stm324xg_eval_lcd.o(.constdata)
    .constdata                               0x080065e8   Section     2304  stm324xg_eval_lcd.o(.constdata)
    .data                                    0x20000000   Section       28  usbd_usr.o(.data)
    .data                                    0x2000001c   Section       32  usbd_storage_msd.o(.data)
    .data                                    0x2000003c   Section        4  usbd_storage_msd.o(.data)
    .data                                    0x20000040   Section        1  usbd_storage_msd.o(.data)
    last_status                              0x20000040   Data           1  usbd_storage_msd.o(.data)
    .data                                    0x20000044   Section       28  usbd_desc.o(.data)
    .data                                    0x20000060   Section       22  usbd_desc.o(.data)
    .data                                    0x20000078   Section       10  usbd_desc.o(.data)
    .data                                    0x20000084   Section       16  usbd_req.o(.data)
    cfgidx                                   0x20000084   Data           1  usbd_req.o(.data)
    .data                                    0x20000094   Section       44  usbd_core.o(.data)
    .data                                    0x200000c0   Section        4  usbd_core.o(.data)
    .data                                    0x200000c4   Section        4  usbd_core.o(.data)
    .data                                    0x200000c8   Section       24  usbd_msc_scsi.o(.data)
    .data                                    0x200000e0   Section        4  usbd_msc_bot.o(.data)
    .data                                    0x200000e4   Section       48  usbd_msc_core.o(.data)
    .data                                    0x20000114   Section       72  usbd_msc_core.o(.data)
    USBD_MSC_MaxLun                          0x20000114   Data           1  usbd_msc_core.o(.data)
    USBD_MSC_AltSet                          0x20000118   Data           1  usbd_msc_core.o(.data)
    .data                                    0x2000015c   Section       18  lcd_log.o(.data)
    .data                                    0x20000170   Section       24  stm324xg_eval_sdio_sd.o(.data)
    CardType                                 0x20000174   Data           4  stm324xg_eval_sdio_sd.o(.data)
    RCA                                      0x20000178   Data           4  stm324xg_eval_sdio_sd.o(.data)
    .data                                    0x20000188   Section       20  stm324xg_eval_lcd.o(.data)
    LCD_Code                                 0x20000188   Data           1  stm324xg_eval_lcd.o(.data)
    LCD_Currentfonts                         0x20000190   Data           4  stm324xg_eval_lcd.o(.data)
    .data                                    0x2000019c   Section        8  stm324xg_eval_lcd.o(.data)
    .data                                    0x200001a4   Section        8  stm324xg_eval_lcd.o(.data)
    .data                                    0x200001ac   Section        4  stdout.o(.data)
    .bss                                     0x200001b0   Section     1524  app.o(.bss)
    .bss                                     0x200007a4   Section       64  usbd_req.o(.bss)
    .bss                                     0x200007e4   Section       32  usbd_msc_scsi.o(.bss)
    .bss                                     0x20000804   Section     4144  usbd_msc_bot.o(.bss)
    .bss                                     0x20001834   Section      468  lcd_log.o(.bss)
    .bss                                     0x20001a08   Section      204  stm324xg_eval_sdio_sd.o(.bss)
    CSD_Tab                                  0x20001a08   Data          16  stm324xg_eval_sdio_sd.o(.bss)
    CID_Tab                                  0x20001a18   Data          16  stm324xg_eval_sdio_sd.o(.bss)
    SDSTATUS_Tab                             0x20001a28   Data          16  stm324xg_eval_sdio_sd.o(.bss)
    STACK                                    0x20001ad8   Section     1024  startup_stm32f4xx.o(STACK)

    Global Symbols

    Symbol Name                              Value     Ov Type        Size  Object(Section)

    BuildAttributes$$THM_ISAv4$E$P$D$K$B$S$7EM$PE$A:L22UL41UL21$X:L11$S22US41US21$IEEE1$IW$USESV6$~STKCKD$USESV7$~SHL$OSPACE$ROPI$EBA8$MICROLIB$REQ8$PRES8$EABIv2 0x00000000   Number         0  anon$$obj.o ABSOLUTE
    __ARM_use_no_argv                        0x00000000   Number         0  app.o ABSOLUTE
    __cpp_initialize__aeabi_                  - Undefined Weak Reference
    __cxa_finalize                            - Undefined Weak Reference
    _clock_init                               - Undefined Weak Reference
    _microlib_exit                            - Undefined Weak Reference
    __Vectors_Size                           0x00000188   Number         0  startup_stm32f4xx.o ABSOLUTE
    __Vectors                                0x08000000   Data           4  startup_stm32f4xx.o(RESET)
    __Vectors_End                            0x08000188   Data           0  startup_stm32f4xx.o(RESET)
    __main                                   0x08000189   Thumb Code     0  entry.o(.ARM.Collect$$$$00000000)
    _main_stk                                0x08000189   Thumb Code     0  entry2.o(.ARM.Collect$$$$00000001)
    _main_scatterload                        0x0800018d   Thumb Code     0  entry5.o(.ARM.Collect$$$$00000004)
    __main_after_scatterload                 0x08000191   Thumb Code     0  entry5.o(.ARM.Collect$$$$00000004)
    _main_clock                              0x08000191   Thumb Code     0  entry7b.o(.ARM.Collect$$$$00000008)
    _main_cpp_init                           0x08000191   Thumb Code     0  entry8b.o(.ARM.Collect$$$$0000000A)
    _main_init                               0x08000191   Thumb Code     0  entry9a.o(.ARM.Collect$$$$0000000B)
    __rt_final_cpp                           0x08000199   Thumb Code     0  entry10a.o(.ARM.Collect$$$$0000000D)
    __rt_final_exit                          0x08000199   Thumb Code     0  entry11a.o(.ARM.Collect$$$$0000000F)
    Reset_Handler                            0x0800019d   Thumb Code     8  startup_stm32f4xx.o(.text)
    ADC_IRQHandler                           0x080001b7   Thumb Code     0  startup_stm32f4xx.o(.text)
    CAN1_RX0_IRQHandler                      0x080001b7   Thumb Code     0  startup_stm32f4xx.o(.text)
    CAN1_RX1_IRQHandler                      0x080001b7   Thumb Code     0  startup_stm32f4xx.o(.text)
    CAN1_SCE_IRQHandler                      0x080001b7   Thumb Code     0  startup_stm32f4xx.o(.text)
    CAN1_TX_IRQHandler                       0x080001b7   Thumb Code     0  startup_stm32f4xx.o(.text)
    CAN2_RX0_IRQHandler                      0x080001b7   Thumb Code     0  startup_stm32f4xx.o(.text)
    CAN2_RX1_IRQHandler                      0x080001b7   Thumb Code     0  startup_stm32f4xx.o(.text)
    CAN2_SCE_IRQHandler                      0x080001b7   Thumb Code     0  startup_stm32f4xx.o(.text)
    CAN2_TX_IRQHandler                       0x080001b7   Thumb Code     0  startup_stm32f4xx.o(.text)
    CRYP_IRQHandler                          0x080001b7   Thumb Code     0  startup_stm32f4xx.o(.text)
    DCMI_IRQHandler                          0x080001b7   Thumb Code     0  startup_stm32f4xx.o(.text)
    DMA1_Stream0_IRQHandler                  0x080001b7   Thumb Code     0  startup_stm32f4xx.o(.text)
    DMA1_Stream1_IRQHandler                  0x080001b7   Thumb Code     0  startup_stm32f4xx.o(.text)
    DMA1_Stream2_IRQHandler                  0x080001b7   Thumb Code     0  startup_stm32f4xx.o(.text)
    DMA1_Stream3_IRQHandler                  0x080001b7   Thumb Code     0  startup_stm32f4xx.o(.text)
    DMA1_Stream4_IRQHandler                  0x080001b7   Thumb Code     0  startup_stm32f4xx.o(.text)
    DMA1_Stream5_IRQHandler                  0x080001b7   Thumb Code     0  startup_stm32f4xx.o(.text)
    DMA1_Stream6_IRQHandler                  0x080001b7   Thumb Code     0  startup_stm32f4xx.o(.text)
    DMA1_Stream7_IRQHandler                  0x080001b7   Thumb Code     0  startup_stm32f4xx.o(.text)
    DMA2_Stream0_IRQHandler                  0x080001b7   Thumb Code     0  startup_stm32f4xx.o(.text)
    DMA2_Stream1_IRQHandler                  0x080001b7   Thumb Code     0  startup_stm32f4xx.o(.text)
    DMA2_Stream2_IRQHandler                  0x080001b7   Thumb Code     0  startup_stm32f4xx.o(.text)
    DMA2_Stream3_IRQHandler                  0x080001b7   Thumb Code     0  startup_stm32f4xx.o(.text)
    DMA2_Stream4_IRQHandler                  0x080001b7   Thumb Code     0  startup_stm32f4xx.o(.text)
    DMA2_Stream5_IRQHandler                  0x080001b7   Thumb Code     0  startup_stm32f4xx.o(.text)
    DMA2_Stream6_IRQHandler                  0x080001b7   Thumb Code     0  startup_stm32f4xx.o(.text)
    DMA2_Stream7_IRQHandler                  0x080001b7   Thumb Code     0  startup_stm32f4xx.o(.text)
    ETH_IRQHandler                           0x080001b7   Thumb Code     0  startup_stm32f4xx.o(.text)
    ETH_WKUP_IRQHandler                      0x080001b7   Thumb Code     0  startup_stm32f4xx.o(.text)
    EXTI0_IRQHandler                         0x080001b7   Thumb Code     0  startup_stm32f4xx.o(.text)
    EXTI15_10_IRQHandler                     0x080001b7   Thumb Code     0  startup_stm32f4xx.o(.text)
    EXTI1_IRQHandler                         0x080001b7   Thumb Code     0  startup_stm32f4xx.o(.text)
    EXTI2_IRQHandler                         0x080001b7   Thumb Code     0  startup_stm32f4xx.o(.text)
    EXTI3_IRQHandler                         0x080001b7   Thumb Code     0  startup_stm32f4xx.o(.text)
    EXTI4_IRQHandler                         0x080001b7   Thumb Code     0  startup_stm32f4xx.o(.text)
    EXTI9_5_IRQHandler                       0x080001b7   Thumb Code     0  startup_stm32f4xx.o(.text)
    FLASH_IRQHandler                         0x080001b7   Thumb Code     0  startup_stm32f4xx.o(.text)
    FPU_IRQHandler                           0x080001b7   Thumb Code     0  startup_stm32f4xx.o(.text)
    FSMC_IRQHandler                          0x080001b7   Thumb Code     0  startup_stm32f4xx.o(.text)
    HASH_RNG_IRQHandler                      0x080001b7   Thumb Code     0  startup_stm32f4xx.o(.text)
    I2C1_ER_IRQHandler                       0x080001b7   Thumb Code     0  startup_stm32f4xx.o(.text)
    I2C1_EV_IRQHandler                       0x080001b7   Thumb Code     0  startup_stm32f4xx.o(.text)
    I2C2_ER_IRQHandler                       0x080001b7   Thumb Code     0  startup_stm32f4xx.o(.text)
    I2C2_EV_IRQHandler                       0x080001b7   Thumb Code     0  startup_stm32f4xx.o(.text)
    I2C3_ER_IRQHandler                       0x080001b7   Thumb Code     0  startup_stm32f4xx.o(.text)
    I2C3_EV_IRQHandler                       0x080001b7   Thumb Code     0  startup_stm32f4xx.o(.text)
    OTG_FS_IRQHandler                        0x080001b7   Thumb Code     0  startup_stm32f4xx.o(.text)
    OTG_FS_WKUP_IRQHandler                   0x080001b7   Thumb Code     0  startup_stm32f4xx.o(.text)
    OTG_HS_WKUP_IRQHandler                   0x080001b7   Thumb Code     0  startup_stm32f4xx.o(.text)
    PVD_IRQHandler                           0x080001b7   Thumb Code     0  startup_stm32f4xx.o(.text)
    RCC_IRQHandler                           0x080001b7   Thumb Code     0  startup_stm32f4xx.o(.text)
    RTC_Alarm_IRQHandler                     0x080001b7   Thumb Code     0  startup_stm32f4xx.o(.text)
    RTC_WKUP_IRQHandler                      0x080001b7   Thumb Code     0  startup_stm32f4xx.o(.text)
    SPI1_IRQHandler                          0x080001b7   Thumb Code     0  startup_stm32f4xx.o(.text)
    SPI2_IRQHandler                          0x080001b7   Thumb Code     0  startup_stm32f4xx.o(.text)
    SPI3_IRQHandler                          0x080001b7   Thumb Code     0  startup_stm32f4xx.o(.text)
    TAMP_STAMP_IRQHandler                    0x080001b7   Thumb Code     0  startup_stm32f4xx.o(.text)
    TIM1_BRK_TIM9_IRQHandler                 0x080001b7   Thumb Code     0  startup_stm32f4xx.o(.text)
    TIM1_CC_IRQHandler                       0x080001b7   Thumb Code     0  startup_stm32f4xx.o(.text)
    TIM1_TRG_COM_TIM11_IRQHandler            0x080001b7   Thumb Code     0  startup_stm32f4xx.o(.text)
    TIM1_UP_TIM10_IRQHandler                 0x080001b7   Thumb Code     0  startup_stm32f4xx.o(.text)
    TIM2_IRQHandler                          0x080001b7   Thumb Code     0  startup_stm32f4xx.o(.text)
    TIM3_IRQHandler                          0x080001b7   Thumb Code     0  startup_stm32f4xx.o(.text)
    TIM4_IRQHandler                          0x080001b7   Thumb Code     0  startup_stm32f4xx.o(.text)
    TIM5_IRQHandler                          0x080001b7   Thumb Code     0  startup_stm32f4xx.o(.text)
    TIM6_DAC_IRQHandler                      0x080001b7   Thumb Code     0  startup_stm32f4xx.o(.text)
    TIM7_IRQHandler                          0x080001b7   Thumb Code     0  startup_stm32f4xx.o(.text)
    TIM8_BRK_TIM12_IRQHandler                0x080001b7   Thumb Code     0  startup_stm32f4xx.o(.text)
    TIM8_CC_IRQHandler                       0x080001b7   Thumb Code     0  startup_stm32f4xx.o(.text)
    TIM8_TRG_COM_TIM14_IRQHandler            0x080001b7   Thumb Code     0  startup_stm32f4xx.o(.text)
    TIM8_UP_TIM13_IRQHandler                 0x080001b7   Thumb Code     0  startup_stm32f4xx.o(.text)
    UART4_IRQHandler                         0x080001b7   Thumb Code     0  startup_stm32f4xx.o(.text)
    UART5_IRQHandler                         0x080001b7   Thumb Code     0  startup_stm32f4xx.o(.text)
    USART1_IRQHandler                        0x080001b7   Thumb Code     0  startup_stm32f4xx.o(.text)
    USART2_IRQHandler                        0x080001b7   Thumb Code     0  startup_stm32f4xx.o(.text)
    USART3_IRQHandler                        0x080001b7   Thumb Code     0  startup_stm32f4xx.o(.text)
    USART6_IRQHandler                        0x080001b7   Thumb Code     0  startup_stm32f4xx.o(.text)
    WWDG_IRQHandler                          0x080001b7   Thumb Code     0  startup_stm32f4xx.o(.text)
    __scatterload                            0x080001c1   Thumb Code    28  init.o(.text)
    __scatterload_rt2                        0x080001c1   Thumb Code     0  init.o(.text)
    __decompress                             0x080001e5   Thumb Code     0  __dczerorl2.o(.text)
    __decompress1                            0x080001e5   Thumb Code    86  __dczerorl2.o(.text)
    BusFault_Handler                         0x0800023b   Thumb Code     2  stm32fxxx_it.o(i.BusFault_Handler)
    DCD_EP_Close                             0x080003c9   Thumb Code    44  usb_dcd.o(i.DCD_EP_Close)
    DCD_EP_ClrStall                          0x080003f5   Thumb Code    56  usb_dcd.o(i.DCD_EP_ClrStall)
    DCD_EP_Flush                             0x0800042d   Thumb Code    24  usb_dcd.o(i.DCD_EP_Flush)
    DCD_EP_Open                              0x08000445   Thumb Code    60  usb_dcd.o(i.DCD_EP_Open)
    DCD_EP_PrepareRx                         0x08000481   Thumb Code    68  usb_dcd.o(i.DCD_EP_PrepareRx)
    DCD_EP_SetAddress                        0x080004c5   Thumb Code    16  usb_dcd.o(i.DCD_EP_SetAddress)
    DCD_EP_Stall                             0x080004d5   Thumb Code    56  usb_dcd.o(i.DCD_EP_Stall)
    DCD_EP_Tx                                0x0800050d   Thumb Code    62  usb_dcd.o(i.DCD_EP_Tx)
    DCD_Init                                 0x08000841   Thumb Code   148  usb_dcd.o(i.DCD_Init)
    DMA_ClearFlag                            0x08000955   Thumb Code    32  stm32f4xx_dma.o(i.DMA_ClearFlag)
    DMA_Cmd                                  0x08000981   Thumb Code    20  stm32f4xx_dma.o(i.DMA_Cmd)
    DMA_DeInit                               0x08000995   Thumb Code   272  stm32f4xx_dma.o(i.DMA_DeInit)
    DMA_FlowControllerConfig                 0x08000ab9   Thumb Code    20  stm32f4xx_dma.o(i.DMA_FlowControllerConfig)
    DMA_ITConfig                             0x08000acd   Thumb Code    44  stm32f4xx_dma.o(i.DMA_ITConfig)
    DMA_Init                                 0x08000af9   Thumb Code    80  stm32f4xx_dma.o(i.DMA_Init)
    DebugMon_Handler                         0x08000b4d   Thumb Code     2  stm32fxxx_it.o(i.DebugMon_Handler)
    FSMC_NORSRAMCmd                          0x08000b51   Thumb Code    26  stm32f4xx_fsmc.o(i.FSMC_NORSRAMCmd)
    FSMC_NORSRAMInit                         0x08000b71   Thumb Code   200  stm32f4xx_fsmc.o(i.FSMC_NORSRAMInit)
    GPIO_Init                                0x08000d6d   Thumb Code   162  stm32f4xx_gpio.o(i.GPIO_Init)
    GPIO_PinAFConfig                         0x08000e0f   Thumb Code    32  stm32f4xx_gpio.o(i.GPIO_PinAFConfig)
    GPIO_ReadInputDataBit                    0x08000e2f   Thumb Code    14  stm32f4xx_gpio.o(i.GPIO_ReadInputDataBit)
    GPIO_ResetBits                           0x08000e3d   Thumb Code     4  stm32f4xx_gpio.o(i.GPIO_ResetBits)
    HardFault_Handler                        0x08000e41   Thumb Code     2  stm32fxxx_it.o(i.HardFault_Handler)
    LCD_Clear                                0x08000e45   Thumb Code    40  stm324xg_eval_lcd.o(i.LCD_Clear)
    LCD_ClearLine                            0x08000e71   Thumb Code    44  stm324xg_eval_lcd.o(i.LCD_ClearLine)
    LCD_CtrlLinesConfig                      0x08000ea1   Thumb Code   318  stm324xg_eval_lcd.o(i.LCD_CtrlLinesConfig)
    LCD_DisplayChar                          0x08000fe9   Thumb Code    26  stm324xg_eval_lcd.o(i.LCD_DisplayChar)
    LCD_DisplayStringLine                    0x08001009   Thumb Code    52  stm324xg_eval_lcd.o(i.LCD_DisplayStringLine)
    LCD_DrawChar                             0x08001041   Thumb Code   128  stm324xg_eval_lcd.o(i.LCD_DrawChar)
    LCD_FSMCConfig                           0x080010c9   Thumb Code    78  stm324xg_eval_lcd.o(i.LCD_FSMCConfig)
    LCD_GetFont                              0x08001119   Thumb Code     6  stm324xg_eval_lcd.o(i.LCD_GetFont)
    LCD_LOG_DeInit                           0x08001125   Thumb Code    34  lcd_log.o(i.LCD_LOG_DeInit)
    LCD_LOG_Init                             0x0800114d   Thumb Code    16  lcd_log.o(i.LCD_LOG_Init)
    LCD_LOG_SetFooter                        0x0800115d   Thumb Code   100  lcd_log.o(i.LCD_LOG_SetFooter)
    LCD_LOG_SetHeader                        0x080011c1   Thumb Code   136  lcd_log.o(i.LCD_LOG_SetHeader)
    LCD_ReadReg                              0x080012f1   Thumb Code    12  stm324xg_eval_lcd.o(i.LCD_ReadReg)
    LCD_SetBackColor                         0x08001301   Thumb Code    12  stm324xg_eval_lcd.o(i.LCD_SetBackColor)
    LCD_SetCursor                            0x08001311   Thumb Code    58  stm324xg_eval_lcd.o(i.LCD_SetCursor)
    LCD_SetFont                              0x08001351   Thumb Code     6  stm324xg_eval_lcd.o(i.LCD_SetFont)
    LCD_SetTextColor                         0x0800135d   Thumb Code    12  stm324xg_eval_lcd.o(i.LCD_SetTextColor)
    LCD_WriteReg                             0x0800136d   Thumb Code    12  stm324xg_eval_lcd.o(i.LCD_WriteReg)
    MSC_BOT_CplClrFeature                    0x08001479   Thumb Code    40  usbd_msc_bot.o(i.MSC_BOT_CplClrFeature)
    MSC_BOT_DataIn                           0x080014a5   Thumb Code    56  usbd_msc_bot.o(i.MSC_BOT_DataIn)
    MSC_BOT_DataOut                          0x080014e5   Thumb Code    56  usbd_msc_bot.o(i.MSC_BOT_DataOut)
    MSC_BOT_DeInit                           0x08001525   Thumb Code     8  usbd_msc_bot.o(i.MSC_BOT_DeInit)
    MSC_BOT_Init                             0x08001531   Thumb Code    54  usbd_msc_bot.o(i.MSC_BOT_Init)
    MSC_BOT_Reset                            0x08001575   Thumb Code    20  usbd_msc_bot.o(i.MSC_BOT_Reset)
    MSC_BOT_SendCSW                          0x08001591   Thumb Code    46  usbd_msc_bot.o(i.MSC_BOT_SendCSW)
    MemManage_Handler                        0x080015cd   Thumb Code     2  stm32fxxx_it.o(i.MemManage_Handler)
    NMI_Handler                              0x080015cf   Thumb Code     2  stm32fxxx_it.o(i.NMI_Handler)
    NVIC_Init                                0x080015d1   Thumb Code    96  misc.o(i.NVIC_Init)
    NVIC_PriorityGroupConfig                 0x08001635   Thumb Code    10  misc.o(i.NVIC_PriorityGroupConfig)
    OTG_HS_EP1_IN_IRQHandler                 0x08001649   Thumb Code     6  stm32fxxx_it.o(i.OTG_HS_EP1_IN_IRQHandler)
    OTG_HS_EP1_OUT_IRQHandler                0x08001655   Thumb Code     6  stm32fxxx_it.o(i.OTG_HS_EP1_OUT_IRQHandler)
    OTG_HS_IRQHandler                        0x08001661   Thumb Code     6  stm32fxxx_it.o(i.OTG_HS_IRQHandler)
    PendSV_Handler                           0x0800166d   Thumb Code     2  stm32fxxx_it.o(i.PendSV_Handler)
    RCC_AHB1PeriphClockCmd                   0x08001671   Thumb Code    18  stm32f4xx_rcc.o(i.RCC_AHB1PeriphClockCmd)
    RCC_AHB3PeriphClockCmd                   0x08001689   Thumb Code    18  stm32f4xx_rcc.o(i.RCC_AHB3PeriphClockCmd)
    RCC_APB2PeriphClockCmd                   0x080016a1   Thumb Code    18  stm32f4xx_rcc.o(i.RCC_APB2PeriphClockCmd)
    RCC_APB2PeriphResetCmd                   0x080016b9   Thumb Code    18  stm32f4xx_rcc.o(i.RCC_APB2PeriphResetCmd)
    SCSI_ProcessCmd                          0x080016f5   Thumb Code   328  usbd_msc_scsi.o(i.SCSI_ProcessCmd)
    SCSI_SenseCode                           0x08001b59   Thumb Code    36  usbd_msc_scsi.o(i.SCSI_SenseCode)
    SDIO_ClearFlag                           0x08001d09   Thumb Code     6  stm32f4xx_sdio.o(i.SDIO_ClearFlag)
    SDIO_ClearITPendingBit                   0x08001d15   Thumb Code     6  stm32f4xx_sdio.o(i.SDIO_ClearITPendingBit)
    SDIO_ClockCmd                            0x08001d21   Thumb Code     8  stm32f4xx_sdio.o(i.SDIO_ClockCmd)
    SDIO_DMACmd                              0x08001d2d   Thumb Code     6  stm32f4xx_sdio.o(i.SDIO_DMACmd)
    SDIO_DataConfig                          0x08001d39   Thumb Code    42  stm32f4xx_sdio.o(i.SDIO_DataConfig)
    SDIO_DeInit                              0x08001d69   Thumb Code    24  stm32f4xx_sdio.o(i.SDIO_DeInit)
    SDIO_GetCommandResponse                  0x08001d81   Thumb Code     8  stm32f4xx_sdio.o(i.SDIO_GetCommandResponse)
    SDIO_GetFlagStatus                       0x08001d8d   Thumb Code    16  stm32f4xx_sdio.o(i.SDIO_GetFlagStatus)
    SDIO_GetITStatus                         0x08001da1   Thumb Code    16  stm32f4xx_sdio.o(i.SDIO_GetITStatus)
    SDIO_GetPowerState                       0x08001db5   Thumb Code    10  stm32f4xx_sdio.o(i.SDIO_GetPowerState)
    SDIO_GetResponse                         0x08001dc5   Thumb Code    12  stm32f4xx_sdio.o(i.SDIO_GetResponse)
    SDIO_IRQHandler                          0x08001dd5   Thumb Code     4  stm32fxxx_it.o(i.SDIO_IRQHandler)
    SDIO_ITConfig                            0x08001dd9   Thumb Code    18  stm32f4xx_sdio.o(i.SDIO_ITConfig)
    SDIO_Init                                0x08001df1   Thumb Code    40  stm32f4xx_sdio.o(i.SDIO_Init)
    SDIO_ReadData                            0x08001e1d   Thumb Code     6  stm32f4xx_sdio.o(i.SDIO_ReadData)
    SDIO_SendCommand                         0x08001e29   Thumb Code    36  stm32f4xx_sdio.o(i.SDIO_SendCommand)
    SDIO_SetPowerState                       0x08001e51   Thumb Code     6  stm32f4xx_sdio.o(i.SDIO_SetPowerState)
    SD_Detect                                0x08001e5d   Thumb Code    30  stm324xg_eval_sdio_sd.o(i.SD_Detect)
    SD_EnableWideBusOperation                0x08001e81   Thumb Code   106  stm324xg_eval_sdio_sd.o(i.SD_EnableWideBusOperation)
    SD_GetCardInfo                           0x08001ef5   Thumb Code   604  stm324xg_eval_sdio_sd.o(i.SD_GetCardInfo)
    SD_GetState                              0x08002159   Thumb Code    34  stm324xg_eval_sdio_sd.o(i.SD_GetState)
    SD_GetStatus                             0x0800217b   Thumb Code    26  stm324xg_eval_sdio_sd.o(i.SD_GetStatus)
    SD_Init                                  0x08002195   Thumb Code   122  stm324xg_eval_sdio_sd.o(i.SD_Init)
    SD_InitializeCards                       0x08002215   Thumb Code   244  stm324xg_eval_sdio_sd.o(i.SD_InitializeCards)
    SD_LowLevel_DMA_RxConfig                 0x08002311   Thumb Code   126  stm324xg_eval.o(i.SD_LowLevel_DMA_RxConfig)
    SD_LowLevel_DMA_TxConfig                 0x08002399   Thumb Code   128  stm324xg_eval.o(i.SD_LowLevel_DMA_TxConfig)
    SD_LowLevel_Init                         0x08002421   Thumb Code   180  stm324xg_eval.o(i.SD_LowLevel_Init)
    SD_PowerON                               0x080024e1   Thumb Code   468  stm324xg_eval_sdio_sd.o(i.SD_PowerON)
    SD_ProcessIRQSrc                         0x080026c5   Thumb Code   140  stm324xg_eval_sdio_sd.o(i.SD_ProcessIRQSrc)
    SD_ReadMultiBlocks                       0x08002755   Thumb Code   176  stm324xg_eval_sdio_sd.o(i.SD_ReadMultiBlocks)
    SD_SelectDeselect                        0x08002811   Thumb Code    40  stm324xg_eval_sdio_sd.o(i.SD_SelectDeselect)
    SD_SendStatus                            0x0800283d   Thumb Code    64  stm324xg_eval_sdio_sd.o(i.SD_SendStatus)
    SD_StopTransfer                          0x08002885   Thumb Code    36  stm324xg_eval_sdio_sd.o(i.SD_StopTransfer)
    SD_WaitReadOperation                     0x080028ad   Thumb Code    88  stm324xg_eval_sdio_sd.o(i.SD_WaitReadOperation)
    SD_WaitWriteOperation                    0x0800290d   Thumb Code    88  stm324xg_eval_sdio_sd.o(i.SD_WaitWriteOperation)
    SD_WriteMultiBlocks                      0x0800296d   Thumb Code   246  stm324xg_eval_sdio_sd.o(i.SD_WriteMultiBlocks)
    STM324xG_LCD_Init                        0x08002a71   Thumb Code  1158  stm324xg_eval_lcd.o(i.STM324xG_LCD_Init)
    STORAGE_GetCapacity                      0x08002efd   Thumb Code    44  usbd_storage_msd.o(i.STORAGE_GetCapacity)
    STORAGE_GetMaxLun                        0x08002f2d   Thumb Code     4  usbd_storage_msd.o(i.STORAGE_GetMaxLun)
    STORAGE_Init                             0x08002f31   Thumb Code    44  usbd_storage_msd.o(i.STORAGE_Init)
    STORAGE_IsReady                          0x08002f5d   Thumb Code    36  usbd_storage_msd.o(i.STORAGE_IsReady)
    STORAGE_IsWriteProtected                 0x08002f85   Thumb Code     4  usbd_storage_msd.o(i.STORAGE_IsWriteProtected)
    STORAGE_Read                             0x08002f89   Thumb Code    38  usbd_storage_msd.o(i.STORAGE_Read)
    STORAGE_Write                            0x08002fb1   Thumb Code    38  usbd_storage_msd.o(i.STORAGE_Write)
    SVC_Handler                              0x08002fd7   Thumb Code     2  stm32fxxx_it.o(i.SVC_Handler)
    SysTick_Handler                          0x0800308d   Thumb Code     2  stm32fxxx_it.o(i.SysTick_Handler)
    SystemInit                               0x08003091   Thumb Code    62  system_stm32f4xx.o(i.SystemInit)
    USBD_ClrCfg                              0x080030e1   Thumb Code    14  usbd_core.o(i.USBD_ClrCfg)
    USBD_CtlContinueRx                       0x080030ef   Thumb Code    18  usbd_ioreq.o(i.USBD_CtlContinueRx)
    USBD_CtlContinueSendData                 0x08003101   Thumb Code    18  usbd_ioreq.o(i.USBD_CtlContinueSendData)
    USBD_CtlError                            0x08003113   Thumb Code    28  usbd_req.o(i.USBD_CtlError)
    USBD_CtlReceiveStatus                    0x0800312f   Thumb Code    34  usbd_ioreq.o(i.USBD_CtlReceiveStatus)
    USBD_CtlSendData                         0x08003151   Thumb Code    32  usbd_ioreq.o(i.USBD_CtlSendData)
    USBD_CtlSendStatus                       0x08003171   Thumb Code    34  usbd_ioreq.o(i.USBD_CtlSendStatus)
    USBD_GetRxCount                          0x08003419   Thumb Code    16  usbd_ioreq.o(i.USBD_GetRxCount)
    USBD_GetString                           0x08003429   Thumb Code    70  usbd_req.o(i.USBD_GetString)
    USBD_Init                                0x0800346f   Thumb Code    52  usbd_core.o(i.USBD_Init)
    USBD_MSC_DataIn                          0x080034bf   Thumb Code    10  usbd_msc_core.o(i.USBD_MSC_DataIn)
    USBD_MSC_DataOut                         0x080034c9   Thumb Code    10  usbd_msc_core.o(i.USBD_MSC_DataOut)
    USBD_MSC_DeInit                          0x080034d3   Thumb Code    28  usbd_msc_core.o(i.USBD_MSC_DeInit)
    USBD_MSC_GetCfgDesc                      0x080034f1   Thumb Code     8  usbd_msc_core.o(i.USBD_MSC_GetCfgDesc)
    USBD_MSC_GetOtherCfgDesc                 0x080034fd   Thumb Code     8  usbd_msc_core.o(i.USBD_MSC_GetOtherCfgDesc)
    USBD_MSC_Init                            0x08003509   Thumb Code    44  usbd_msc_core.o(i.USBD_MSC_Init)
    USBD_MSC_Setup                           0x08003535   Thumb Code   180  usbd_msc_core.o(i.USBD_MSC_Setup)
    USBD_OTG_EP1IN_ISR_Handler               0x080035f1   Thumb Code   116  usb_dcd_int.o(i.USBD_OTG_EP1IN_ISR_Handler)
    USBD_OTG_EP1OUT_ISR_Handler              0x08003669   Thumb Code    74  usb_dcd_int.o(i.USBD_OTG_EP1OUT_ISR_Handler)
    USBD_OTG_ISR_Handler                     0x080036b9   Thumb Code   370  usb_dcd_int.o(i.USBD_OTG_ISR_Handler)
    USBD_ParseSetupRequest                   0x08003831   Thumb Code    68  usbd_req.o(i.USBD_ParseSetupRequest)
    USBD_SetCfg                              0x080038c9   Thumb Code    26  usbd_core.o(i.USBD_SetCfg)
    USBD_StdDevReq                           0x08003a1d   Thumb Code   236  usbd_req.o(i.USBD_StdDevReq)
    USBD_StdEPReq                            0x08003b0d   Thumb Code   208  usbd_req.o(i.USBD_StdEPReq)
    USBD_StdItfReq                           0x08003be1   Thumb Code    54  usbd_req.o(i.USBD_StdItfReq)
    USBD_USR_ConfigStrDescriptor             0x08003c35   Thumb Code    16  usbd_desc.o(i.USBD_USR_ConfigStrDescriptor)
    USBD_USR_DeviceConfigured                0x08003c55   Thumb Code    14  usbd_usr.o(i.USBD_USR_DeviceConfigured)
    USBD_USR_DeviceConnected                 0x08003c85   Thumb Code    14  usbd_usr.o(i.USBD_USR_DeviceConnected)
    USBD_USR_DeviceDescriptor                0x08003cb5   Thumb Code     8  usbd_desc.o(i.USBD_USR_DeviceDescriptor)
    USBD_USR_DeviceDisconnected              0x08003cc1   Thumb Code    14  usbd_usr.o(i.USBD_USR_DeviceDisconnected)
    USBD_USR_DeviceReset                     0x08003cf1   Thumb Code    20  usbd_usr.o(i.USBD_USR_DeviceReset)
    USBD_USR_DeviceResumed                   0x08003d7d   Thumb Code     2  usbd_usr.o(i.USBD_USR_DeviceResumed)
    USBD_USR_DeviceSuspended                 0x08003d81   Thumb Code    14  usbd_usr.o(i.USBD_USR_DeviceSuspended)
    USBD_USR_Init                            0x08003db1   Thumb Code    70  usbd_usr.o(i.USBD_USR_Init)
    USBD_USR_InterfaceStrDescriptor          0x08003e8d   Thumb Code    16  usbd_desc.o(i.USBD_USR_InterfaceStrDescriptor)
    USBD_USR_LangIDStrDescriptor             0x08003eb1   Thumb Code     8  usbd_desc.o(i.USBD_USR_LangIDStrDescriptor)
    USBD_USR_ManufacturerStrDescriptor       0x08003ebd   Thumb Code    16  usbd_desc.o(i.USBD_USR_ManufacturerStrDescriptor)
    USBD_USR_ProductStrDescriptor            0x08003ee5   Thumb Code    24  usbd_desc.o(i.USBD_USR_ProductStrDescriptor)
    USBD_USR_SerialStrDescriptor             0x08003f31   Thumb Code    24  usbd_desc.o(i.USBD_USR_SerialStrDescriptor)
    USB_OTG_BSP_EnableInterrupt              0x08003f6d   Thumb Code   104  usb_bsp.o(i.USB_OTG_BSP_EnableInterrupt)
    USB_OTG_BSP_Init                         0x08003fd5   Thumb Code   298  usb_bsp.o(i.USB_OTG_BSP_Init)
    USB_OTG_BSP_mDelay                       0x0800410d   Thumb Code    10  usb_bsp.o(i.USB_OTG_BSP_mDelay)
    USB_OTG_BSP_uDelay                       0x08004117   Thumb Code    16  usb_bsp.o(i.USB_OTG_BSP_uDelay)
    USB_OTG_CoreInit                         0x08004127   Thumb Code   128  usb_core.o(i.USB_OTG_CoreInit)
    USB_OTG_CoreInitDev                      0x080041a9   Thumb Code   338  usb_core.o(i.USB_OTG_CoreInitDev)
    USB_OTG_DisableGlobalInt                 0x08004355   Thumb Code    16  usb_core.o(i.USB_OTG_DisableGlobalInt)
    USB_OTG_EP0Activate                      0x08004365   Thumb Code    58  usb_core.o(i.USB_OTG_EP0Activate)
    USB_OTG_EP0StartXfer                     0x080043a1   Thumb Code   182  usb_core.o(i.USB_OTG_EP0StartXfer)
    USB_OTG_EP0_OutStart                     0x08004459   Thumb Code    32  usb_core.o(i.USB_OTG_EP0_OutStart)
    USB_OTG_EPActivate                       0x0800447d   Thumb Code   104  usb_core.o(i.USB_OTG_EPActivate)
    USB_OTG_EPClearStall                     0x080044e5   Thumb Code    50  usb_core.o(i.USB_OTG_EPClearStall)
    USB_OTG_EPDeactivate                     0x08004517   Thumb Code    78  usb_core.o(i.USB_OTG_EPDeactivate)
    USB_OTG_EPSetStall                       0x08004565   Thumb Code    48  usb_core.o(i.USB_OTG_EPSetStall)
    USB_OTG_EPStartXfer                      0x08004595   Thumb Code   288  usb_core.o(i.USB_OTG_EPStartXfer)
    USB_OTG_EnableDevInt                     0x080046b5   Thumb Code    74  usb_core.o(i.USB_OTG_EnableDevInt)
    USB_OTG_EnableGlobalInt                  0x08004705   Thumb Code    16  usb_core.o(i.USB_OTG_EnableGlobalInt)
    USB_OTG_FlushRxFifo                      0x08004715   Thumb Code    52  usb_core.o(i.USB_OTG_FlushRxFifo)
    USB_OTG_FlushTxFifo                      0x0800474d   Thumb Code    60  usb_core.o(i.USB_OTG_FlushTxFifo)
    USB_OTG_GetDeviceSpeed                   0x0800478d   Thumb Code    38  usb_core.o(i.USB_OTG_GetDeviceSpeed)
    USB_OTG_InitDevSpeed                     0x080047b3   Thumb Code    12  usb_core.o(i.USB_OTG_InitDevSpeed)
    USB_OTG_IsDeviceMode                     0x080047bf   Thumb Code    18  usb_core.o(i.USB_OTG_IsDeviceMode)
    USB_OTG_ReadCoreItr                      0x080047d1   Thumb Code    10  usb_core.o(i.USB_OTG_ReadCoreItr)
    USB_OTG_ReadDevAllInEPItr                0x080047db   Thumb Code    12  usb_core.o(i.USB_OTG_ReadDevAllInEPItr)
    USB_OTG_ReadDevAllOutEp_itr              0x080047e7   Thumb Code    12  usb_core.o(i.USB_OTG_ReadDevAllOutEp_itr)
    USB_OTG_ReadDevOutEP_itr                 0x080047f3   Thumb Code    16  usb_core.o(i.USB_OTG_ReadDevOutEP_itr)
    USB_OTG_ReadPacket                       0x08004803   Thumb Code    32  usb_core.o(i.USB_OTG_ReadPacket)
    USB_OTG_SelectCore                       0x08004825   Thumb Code   192  usb_core.o(i.USB_OTG_SelectCore)
    USB_OTG_SetCurrentMode                   0x080048e9   Thumb Code    42  usb_core.o(i.USB_OTG_SetCurrentMode)
    USB_OTG_WritePacket                      0x08004913   Thumb Code    40  usb_core.o(i.USB_OTG_WritePacket)
    UsageFault_Handler                       0x0800493b   Thumb Code     2  stm32fxxx_it.o(i.UsageFault_Handler)
    __0printf$bare                           0x0800493d   Thumb Code     8  printfb.o(i.__0printf$bare)
    __1printf$bare                           0x0800493d   Thumb Code     0  printfb.o(i.__0printf$bare)
    __2printf                                0x0800493d   Thumb Code     0  printfb.o(i.__0printf$bare)
    __scatterload_copy                       0x0800494d   Thumb Code    14  handlers.o(i.__scatterload_copy)
    __scatterload_null                       0x0800495b   Thumb Code     2  handlers.o(i.__scatterload_null)
    __scatterload_zeroinit                   0x0800495d   Thumb Code    14  handlers.o(i.__scatterload_zeroinit)
    delay_ms                                 0x0800498d   Thumb Code    28  stm324xg_eval_lcd.o(i.delay_ms)
    fputc                                    0x080049a9   Thumb Code   244  lcd_log.o(i.fputc)
    main                                     0x08004aa5   Thumb Code    40  app.o(i.main)
    STORAGE_Inquirydata                      0x08004adc   Data          36  usbd_storage_msd.o(.constdata)
    MSC_Page00_Inquiry_Data                  0x08004b00   Data           7  usbd_msc_data.o(.constdata)
    MSC_Mode_Sense6_data                     0x08004b07   Data           8  usbd_msc_data.o(.constdata)
    MSC_Mode_Sense10_data                    0x08004b0f   Data           8  usbd_msc_data.o(.constdata)
    ASCII16x24_Table                         0x08004b18   Data        4560  stm324xg_eval_lcd.o(.constdata)
    ASCII12x12_Table                         0x08005ce8   Data        2304  stm324xg_eval_lcd.o(.constdata)
    ASCII8x12_Table                          0x080065e8   Data        2304  stm324xg_eval_lcd.o(.constdata)
    Region$$Table$$Base                      0x08006ee8   Number         0  anon$$obj.o(Region$$Table)
    Region$$Table$$Limit                     0x08006f08   Number         0  anon$$obj.o(Region$$Table)
    USR_cb                                   0x20000000   Data          28  usbd_usr.o(.data)
    USBD_MICRO_SDIO_fops                     0x2000001c   Data          32  usbd_storage_msd.o(.data)
    USBD_STORAGE_fops                        0x2000003c   Data           4  usbd_storage_msd.o(.data)
    USR_desc                                 0x20000044   Data          28  usbd_desc.o(.data)
    USBD_LangIDDesc                          0x20000060   Data           4  usbd_desc.o(.data)
    USBD_DeviceDesc                          0x20000064   Data          18  usbd_desc.o(.data)
    USBD_DeviceQualifierDesc                 0x20000078   Data          10  usbd_desc.o(.data)
    USBD_ep_status                           0x20000088   Data           4  usbd_req.o(.data)
    USBD_default_cfg                         0x2000008c   Data           4  usbd_req.o(.data)
    USBD_cfg_status                          0x20000090   Data           4  usbd_req.o(.data)
    USBD_DCD_INT_cb                          0x20000094   Data          44  usbd_core.o(.data)
    USBD_DCD_INT_fops                        0x200000c0   Data           4  usbd_core.o(.data)
    SET_TEST_MODE                            0x200000c4   Data           4  usbd_core.o(.data)
    SCSI_Sense_Head                          0x200000c8   Data           1  usbd_msc_scsi.o(.data)
    SCSI_Sense_Tail                          0x200000c9   Data           1  usbd_msc_scsi.o(.data)
    SCSI_blk_size                            0x200000cc   Data           4  usbd_msc_scsi.o(.data)
    SCSI_blk_nbr                             0x200000d0   Data           4  usbd_msc_scsi.o(.data)
    SCSI_blk_addr                            0x200000d4   Data           4  usbd_msc_scsi.o(.data)
    SCSI_blk_len                             0x200000d8   Data           4  usbd_msc_scsi.o(.data)
    cdev                                     0x200000dc   Data           4  usbd_msc_scsi.o(.data)
    MSC_BOT_State                            0x200000e0   Data           1  usbd_msc_bot.o(.data)
    MSC_BOT_Status                           0x200000e1   Data           1  usbd_msc_bot.o(.data)
    MSC_BOT_DataLen                          0x200000e2   Data           2  usbd_msc_bot.o(.data)
    USBD_MSC_cb                              0x200000e4   Data          48  usbd_msc_core.o(.data)
    USBD_MSC_CfgDesc                         0x2000011c   Data          32  usbd_msc_core.o(.data)
    USBD_MSC_OtherCfgDesc                    0x2000013c   Data          32  usbd_msc_core.o(.data)
    LCD_CacheBuffer_yptr_invert              0x2000015c   Data           1  lcd_log.o(.data)
    LCD_ScrollActive                         0x2000015d   Data           1  lcd_log.o(.data)
    LCD_Lock                                 0x2000015e   Data           1  lcd_log.o(.data)
    LCD_Scrolled                             0x2000015f   Data           1  lcd_log.o(.data)
    LCD_LineColor                            0x20000160   Data           2  lcd_log.o(.data)
    LCD_CacheBuffer_xptr                     0x20000162   Data           2  lcd_log.o(.data)
    LCD_CacheBuffer_yptr_top                 0x20000164   Data           2  lcd_log.o(.data)
    LCD_CacheBuffer_yptr_bottom              0x20000166   Data           2  lcd_log.o(.data)
    LCD_CacheBuffer_yptr_top_bak             0x20000168   Data           2  lcd_log.o(.data)
    LCD_CacheBuffer_yptr_bottom_bak          0x2000016a   Data           2  lcd_log.o(.data)
    LCD_ScrollBackStep                       0x2000016c   Data           2  lcd_log.o(.data)
    TransferError                            0x20000170   Data           1  stm324xg_eval_sdio_sd.o(.data)
    StopCondition                            0x2000017c   Data           4  stm324xg_eval_sdio_sd.o(.data)
    TransferEnd                              0x20000180   Data           4  stm324xg_eval_sdio_sd.o(.data)
    DMAEndOfTransfer                         0x20000184   Data           4  stm324xg_eval_sdio_sd.o(.data)
    TextColor                                0x2000018a   Data           2  stm324xg_eval_lcd.o(.data)
    BackColor                                0x2000018c   Data           2  stm324xg_eval_lcd.o(.data)
    Font16x24                                0x20000194   Data           8  stm324xg_eval_lcd.o(.data)
    Font12x12                                0x2000019c   Data           8  stm324xg_eval_lcd.o(.data)
    Font8x12                                 0x200001a4   Data           8  stm324xg_eval_lcd.o(.data)
    __stdout                                 0x200001ac   Data           4  stdout.o(.data)
    USB_OTG_dev                              0x200001b0   Data        1524  app.o(.bss)
    USBD_StrDesc                             0x200007a4   Data          64  usbd_req.o(.bss)
    SCSI_Sense                               0x200007e4   Data          32  usbd_msc_scsi.o(.bss)
    MSC_BOT_Data                             0x20000804   Data        4096  usbd_msc_bot.o(.bss)
    MSC_BOT_cbw                              0x20001804   Data          32  usbd_msc_bot.o(.bss)
    MSC_BOT_csw                              0x20001824   Data          16  usbd_msc_bot.o(.bss)
    LCD_CacheBuffer                          0x20001834   Data         468  lcd_log.o(.bss)
    SDCardInfo                               0x20001a38   Data          88  stm324xg_eval_sdio_sd.o(.bss)
    SDIO_InitStructure                       0x20001a90   Data          24  stm324xg_eval_sdio_sd.o(.bss)
    SDIO_CmdInitStructure                    0x20001aa8   Data          20  stm324xg_eval_sdio_sd.o(.bss)
    SDIO_DataInitStructure                   0x20001abc   Data          24  stm324xg_eval_sdio_sd.o(.bss)
    __initial_sp                             0x20001ed8   Data           0  startup_stm32f4xx.o(STACK)



==============================================================================

Memory Map of the image

  Image Entry point : 0x08000189

  Load Region LR_IROM1 (Base: 0x08000000, Size: 0x000070b8, Max: 0x00100000, ABSOLUTE, COMPRESSED[0x00006ffc])

    Execution Region ER_IROM1 (Base: 0x08000000, Size: 0x00006f08, Max: 0x00100000, ABSOLUTE)

    Base Addr    Size         Type   Attr      Idx    E Section Name        Object

    0x08000000   0x00000188   Data   RO         1502    RESET               startup_stm32f4xx.o
    0x08000188   0x00000000   Code   RO         3912  * .ARM.Collect$$$$00000000  mc_w.l(entry.o)
    0x08000188   0x00000004   Code   RO         4183    .ARM.Collect$$$$00000001  mc_w.l(entry2.o)
    0x0800018c   0x00000004   Code   RO         4186    .ARM.Collect$$$$00000004  mc_w.l(entry5.o)
    0x08000190   0x00000000   Code   RO         4188    .ARM.Collect$$$$00000008  mc_w.l(entry7b.o)
    0x08000190   0x00000000   Code   RO         4190    .ARM.Collect$$$$0000000A  mc_w.l(entry8b.o)
    0x08000190   0x00000008   Code   RO         4191    .ARM.Collect$$$$0000000B  mc_w.l(entry9a.o)
    0x08000198   0x00000000   Code   RO         4193    .ARM.Collect$$$$0000000D  mc_w.l(entry10a.o)
    0x08000198   0x00000000   Code   RO         4195    .ARM.Collect$$$$0000000F  mc_w.l(entry11a.o)
    0x08000198   0x00000004   Code   RO         4184    .ARM.Collect$$$$00002712  mc_w.l(entry2.o)
    0x0800019c   0x00000024   Code   RO         1503    .text               startup_stm32f4xx.o
    0x080001c0   0x00000024   Code   RO         4213    .text               mc_w.l(init.o)
    0x080001e4   0x00000056   Code   RO         4229    .text               mc_w.l(__dczerorl2.o)
    0x0800023a   0x00000002   Code   RO          191    i.BusFault_Handler  stm32fxxx_it.o
    0x0800023c   0x000000e8   Code   RO         3330    i.CmdResp1Error     stm324xg_eval_sdio_sd.o
    0x08000324   0x00000034   Code   RO         3331    i.CmdResp2Error     stm324xg_eval_sdio_sd.o
    0x08000358   0x00000070   Code   RO         3332    i.CmdResp6Error     stm324xg_eval_sdio_sd.o
    0x080003c8   0x0000002c   Code   RO          871    i.DCD_EP_Close      usb_dcd.o
    0x080003f4   0x00000038   Code   RO          872    i.DCD_EP_ClrStall   usb_dcd.o
    0x0800042c   0x00000018   Code   RO          873    i.DCD_EP_Flush      usb_dcd.o
    0x08000444   0x0000003c   Code   RO          874    i.DCD_EP_Open       usb_dcd.o
    0x08000480   0x00000044   Code   RO          875    i.DCD_EP_PrepareRx  usb_dcd.o
    0x080004c4   0x00000010   Code   RO          876    i.DCD_EP_SetAddress  usb_dcd.o
    0x080004d4   0x00000038   Code   RO          877    i.DCD_EP_Stall      usb_dcd.o
    0x0800050c   0x0000003e   Code   RO          878    i.DCD_EP_Tx         usb_dcd.o
    0x0800054a   0x00000002   PAD
    0x0800054c   0x000000cc   Code   RO          581    i.DCD_HandleInEP_ISR  usb_dcd_int.o
    0x08000618   0x000000ac   Code   RO          582    i.DCD_HandleOutEP_ISR  usb_dcd_int.o
    0x080006c4   0x0000007c   Code   RO          583    i.DCD_HandleRxStatusQueueLevel_ISR  usb_dcd_int.o
    0x08000740   0x00000070   Code   RO          584    i.DCD_HandleUSBSuspend_ISR  usb_dcd_int.o
    0x080007b0   0x00000090   Code   RO          585    i.DCD_HandleUsbReset_ISR  usb_dcd_int.o
    0x08000840   0x00000094   Code   RO          880    i.DCD_Init          usb_dcd.o
    0x080008d4   0x0000007e   Code   RO          586    i.DCD_WriteEmptyTxFifo  usb_dcd_int.o
    0x08000952   0x00000002   PAD
    0x08000954   0x0000002c   Code   RO         1734    i.DMA_ClearFlag     stm32f4xx_dma.o
    0x08000980   0x00000014   Code   RO         1736    i.DMA_Cmd           stm32f4xx_dma.o
    0x08000994   0x00000124   Code   RO         1737    i.DMA_DeInit        stm32f4xx_dma.o
    0x08000ab8   0x00000014   Code   RO         1740    i.DMA_FlowControllerConfig  stm32f4xx_dma.o
    0x08000acc   0x0000002c   Code   RO         1747    i.DMA_ITConfig      stm32f4xx_dma.o
    0x08000af8   0x00000054   Code   RO         1748    i.DMA_Init          stm32f4xx_dma.o
    0x08000b4c   0x00000002   Code   RO          192    i.DebugMon_Handler  stm32fxxx_it.o
    0x08000b4e   0x00000002   PAD
    0x08000b50   0x00000020   Code   RO         2129    i.FSMC_NORSRAMCmd   stm32f4xx_fsmc.o
    0x08000b70   0x000000c8   Code   RO         2131    i.FSMC_NORSRAMInit  stm32f4xx_fsmc.o
    0x08000c38   0x00000134   Code   RO         3333    i.FindSCR           stm324xg_eval_sdio_sd.o
    0x08000d6c   0x000000a2   Code   RO         2247    i.GPIO_Init         stm32f4xx_gpio.o
    0x08000e0e   0x00000020   Code   RO         2248    i.GPIO_PinAFConfig  stm32f4xx_gpio.o
    0x08000e2e   0x0000000e   Code   RO         2251    i.GPIO_ReadInputDataBit  stm32f4xx_gpio.o
    0x08000e3c   0x00000004   Code   RO         2254    i.GPIO_ResetBits    stm32f4xx_gpio.o
    0x08000e40   0x00000002   Code   RO          193    i.HardFault_Handler  stm32fxxx_it.o
    0x08000e42   0x00000002   PAD
    0x08000e44   0x0000002c   Code   RO         3636    i.LCD_Clear         stm324xg_eval_lcd.o
    0x08000e70   0x00000030   Code   RO         3637    i.LCD_ClearLine     stm324xg_eval_lcd.o
    0x08000ea0   0x00000148   Code   RO         3640    i.LCD_CtrlLinesConfig  stm324xg_eval_lcd.o
    0x08000fe8   0x00000020   Code   RO         3642    i.LCD_DisplayChar   stm324xg_eval_lcd.o
    0x08001008   0x00000038   Code   RO         3643    i.LCD_DisplayStringLine  stm324xg_eval_lcd.o
    0x08001040   0x00000088   Code   RO         3644    i.LCD_DrawChar      stm324xg_eval_lcd.o
    0x080010c8   0x0000004e   Code   RO         3652    i.LCD_FSMCConfig    stm324xg_eval_lcd.o
    0x08001116   0x00000002   PAD
    0x08001118   0x0000000c   Code   RO         3655    i.LCD_GetFont       stm324xg_eval_lcd.o
    0x08001124   0x00000028   Code   RO         1441    i.LCD_LOG_DeInit    lcd_log.o
    0x0800114c   0x00000010   Code   RO         1442    i.LCD_LOG_Init      lcd_log.o
    0x0800115c   0x00000064   Code   RO         1443    i.LCD_LOG_SetFooter  lcd_log.o
    0x080011c0   0x00000090   Code   RO         1444    i.LCD_LOG_SetHeader  lcd_log.o
    0x08001250   0x000000a0   Code   RO         1445    i.LCD_LOG_UpdateDisplay  lcd_log.o
    0x080012f0   0x00000010   Code   RO         3660    i.LCD_ReadReg       stm324xg_eval_lcd.o
    0x08001300   0x00000010   Code   RO         3661    i.LCD_SetBackColor  stm324xg_eval_lcd.o
    0x08001310   0x00000040   Code   RO         3663    i.LCD_SetCursor     stm324xg_eval_lcd.o
    0x08001350   0x0000000c   Code   RO         3664    i.LCD_SetFont       stm324xg_eval_lcd.o
    0x0800135c   0x00000010   Code   RO         3665    i.LCD_SetTextColor  stm324xg_eval_lcd.o
    0x0800136c   0x00000010   Code   RO         3669    i.LCD_WriteReg      stm324xg_eval_lcd.o
    0x0800137c   0x00000044   Code   RO         1277    i.MSC_BOT_Abort     usbd_msc_bot.o
    0x080013c0   0x000000b8   Code   RO         1278    i.MSC_BOT_CBW_Decode  usbd_msc_bot.o
    0x08001478   0x0000002c   Code   RO         1279    i.MSC_BOT_CplClrFeature  usbd_msc_bot.o
    0x080014a4   0x00000040   Code   RO         1280    i.MSC_BOT_DataIn    usbd_msc_bot.o
    0x080014e4   0x00000040   Code   RO         1281    i.MSC_BOT_DataOut   usbd_msc_bot.o
    0x08001524   0x0000000c   Code   RO         1282    i.MSC_BOT_DeInit    usbd_msc_bot.o
    0x08001530   0x00000044   Code   RO         1283    i.MSC_BOT_Init      usbd_msc_bot.o
    0x08001574   0x0000001c   Code   RO         1284    i.MSC_BOT_Reset     usbd_msc_bot.o
    0x08001590   0x0000003c   Code   RO         1285    i.MSC_BOT_SendCSW   usbd_msc_bot.o
    0x080015cc   0x00000002   Code   RO          194    i.MemManage_Handler  stm32fxxx_it.o
    0x080015ce   0x00000002   Code   RO          195    i.NMI_Handler       stm32fxxx_it.o
    0x080015d0   0x00000064   Code   RO          537    i.NVIC_Init         misc.o
    0x08001634   0x00000014   Code   RO          538    i.NVIC_PriorityGroupConfig  misc.o
    0x08001648   0x0000000c   Code   RO          196    i.OTG_HS_EP1_IN_IRQHandler  stm32fxxx_it.o
    0x08001654   0x0000000c   Code   RO          197    i.OTG_HS_EP1_OUT_IRQHandler  stm32fxxx_it.o
    0x08001660   0x0000000c   Code   RO          198    i.OTG_HS_IRQHandler  stm32fxxx_it.o
    0x0800166c   0x00000002   Code   RO          199    i.PendSV_Handler    stm32fxxx_it.o
    0x0800166e   0x00000002   PAD
    0x08001670   0x00000018   Code   RO         2642    i.RCC_AHB1PeriphClockCmd  stm32f4xx_rcc.o
    0x08001688   0x00000018   Code   RO         2648    i.RCC_AHB3PeriphClockCmd  stm32f4xx_rcc.o
    0x080016a0   0x00000018   Code   RO         2654    i.RCC_APB2PeriphClockCmd  stm32f4xx_rcc.o
    0x080016b8   0x00000018   Code   RO         2656    i.RCC_APB2PeriphResetCmd  stm32f4xx_rcc.o
    0x080016d0   0x00000024   Code   RO         1191    i.SCSI_CheckAddressRange  usbd_msc_scsi.o
    0x080016f4   0x00000168   Code   RO         1192    i.SCSI_ProcessCmd   usbd_msc_scsi.o
    0x0800185c   0x00000088   Code   RO         1193    i.SCSI_ProcessRead  usbd_msc_scsi.o
    0x080018e4   0x00000090   Code   RO         1194    i.SCSI_ProcessWrite  usbd_msc_scsi.o
    0x08001974   0x000000a4   Code   RO         1195    i.SCSI_Read10       usbd_msc_scsi.o
    0x08001a18   0x00000068   Code   RO         1196    i.SCSI_ReadCapacity10  usbd_msc_scsi.o
    0x08001a80   0x00000070   Code   RO         1197    i.SCSI_ReadFormatCapacity  usbd_msc_scsi.o
    0x08001af0   0x00000068   Code   RO         1198    i.SCSI_RequestSense  usbd_msc_scsi.o
    0x08001b58   0x0000002c   Code   RO         1199    i.SCSI_SenseCode    usbd_msc_scsi.o
    0x08001b84   0x000000c4   Code   RO         1200    i.SCSI_Write10      usbd_msc_scsi.o
    0x08001c48   0x000000c0   Code   RO         3335    i.SDEnWideBus       stm324xg_eval_sdio_sd.o
    0x08001d08   0x0000000c   Code   RO         2923    i.SDIO_ClearFlag    stm32f4xx_sdio.o
    0x08001d14   0x0000000c   Code   RO         2924    i.SDIO_ClearITPendingBit  stm32f4xx_sdio.o
    0x08001d20   0x0000000c   Code   RO         2925    i.SDIO_ClockCmd     stm32f4xx_sdio.o
    0x08001d2c   0x0000000c   Code   RO         2928    i.SDIO_DMACmd       stm32f4xx_sdio.o
    0x08001d38   0x00000030   Code   RO         2929    i.SDIO_DataConfig   stm32f4xx_sdio.o
    0x08001d68   0x00000018   Code   RO         2931    i.SDIO_DeInit       stm32f4xx_sdio.o
    0x08001d80   0x0000000c   Code   RO         2932    i.SDIO_GetCommandResponse  stm32f4xx_sdio.o
    0x08001d8c   0x00000014   Code   RO         2935    i.SDIO_GetFlagStatus  stm32f4xx_sdio.o
    0x08001da0   0x00000014   Code   RO         2936    i.SDIO_GetITStatus  stm32f4xx_sdio.o
    0x08001db4   0x00000010   Code   RO         2937    i.SDIO_GetPowerState  stm32f4xx_sdio.o
    0x08001dc4   0x00000010   Code   RO         2938    i.SDIO_GetResponse  stm32f4xx_sdio.o
    0x08001dd4   0x00000004   Code   RO          200    i.SDIO_IRQHandler   stm32fxxx_it.o
    0x08001dd8   0x00000018   Code   RO         2939    i.SDIO_ITConfig     stm32f4xx_sdio.o
    0x08001df0   0x0000002c   Code   RO         2940    i.SDIO_Init         stm32f4xx_sdio.o
    0x08001e1c   0x0000000c   Code   RO         2941    i.SDIO_ReadData     stm32f4xx_sdio.o
    0x08001e28   0x00000028   Code   RO         2943    i.SDIO_SendCommand  stm32f4xx_sdio.o
    0x08001e50   0x0000000c   Code   RO         2945    i.SDIO_SetPowerState  stm32f4xx_sdio.o
    0x08001e5c   0x00000024   Code   RO         3337    i.SD_Detect         stm324xg_eval_sdio_sd.o
    0x08001e80   0x00000074   Code   RO         3338    i.SD_EnableWideBusOperation  stm324xg_eval_sdio_sd.o
    0x08001ef4   0x00000264   Code   RO         3340    i.SD_GetCardInfo    stm324xg_eval_sdio_sd.o
    0x08002158   0x00000022   Code   RO         3342    i.SD_GetState       stm324xg_eval_sdio_sd.o
    0x0800217a   0x0000001a   Code   RO         3343    i.SD_GetStatus      stm324xg_eval_sdio_sd.o
    0x08002194   0x00000080   Code   RO         3345    i.SD_Init           stm324xg_eval_sdio_sd.o
    0x08002214   0x000000fc   Code   RO         3346    i.SD_InitializeCards  stm324xg_eval_sdio_sd.o
    0x08002310   0x00000088   Code   RO         3533    i.SD_LowLevel_DMA_RxConfig  stm324xg_eval.o
    0x08002398   0x00000088   Code   RO         3534    i.SD_LowLevel_DMA_TxConfig  stm324xg_eval.o
    0x08002420   0x000000c0   Code   RO         3536    i.SD_LowLevel_Init  stm324xg_eval.o
    0x080024e0   0x000001e4   Code   RO         3348    i.SD_PowerON        stm324xg_eval_sdio_sd.o
    0x080026c4   0x00000090   Code   RO         3350    i.SD_ProcessIRQSrc  stm324xg_eval_sdio_sd.o
    0x08002754   0x000000bc   Code   RO         3352    i.SD_ReadMultiBlocks  stm324xg_eval_sdio_sd.o
    0x08002810   0x0000002c   Code   RO         3353    i.SD_SelectDeselect  stm324xg_eval_sdio_sd.o
    0x0800283c   0x00000048   Code   RO         3355    i.SD_SendStatus     stm324xg_eval_sdio_sd.o
    0x08002884   0x00000028   Code   RO         3356    i.SD_StopTransfer   stm324xg_eval_sdio_sd.o
    0x080028ac   0x00000060   Code   RO         3357    i.SD_WaitReadOperation  stm324xg_eval_sdio_sd.o
    0x0800290c   0x00000060   Code   RO         3358    i.SD_WaitWriteOperation  stm324xg_eval_sdio_sd.o
    0x0800296c   0x00000104   Code   RO         3360    i.SD_WriteMultiBlocks  stm324xg_eval_sdio_sd.o
    0x08002a70   0x0000048c   Code   RO         3671    i.STM324xG_LCD_Init  stm324xg_eval_lcd.o
    0x08002efc   0x00000030   Code   RO          402    i.STORAGE_GetCapacity  usbd_storage_msd.o
    0x08002f2c   0x00000004   Code   RO          403    i.STORAGE_GetMaxLun  usbd_storage_msd.o
    0x08002f30   0x0000002c   Code   RO          404    i.STORAGE_Init      usbd_storage_msd.o
    0x08002f5c   0x00000028   Code   RO          405    i.STORAGE_IsReady   usbd_storage_msd.o
    0x08002f84   0x00000004   Code   RO          406    i.STORAGE_IsWriteProtected  usbd_storage_msd.o
    0x08002f88   0x00000026   Code   RO          407    i.STORAGE_Read      usbd_storage_msd.o
    0x08002fae   0x00000002   PAD
    0x08002fb0   0x00000026   Code   RO          408    i.STORAGE_Write     usbd_storage_msd.o
    0x08002fd6   0x00000002   Code   RO          201    i.SVC_Handler       stm32fxxx_it.o
    0x08002fd8   0x000000b4   Code   RO         1509    i.SetSysClock       system_stm32f4xx.o
    0x0800308c   0x00000002   Code   RO          202    i.SysTick_Handler   stm32fxxx_it.o
    0x0800308e   0x00000002   PAD
    0x08003090   0x00000050   Code   RO         1511    i.SystemInit        system_stm32f4xx.o
    0x080030e0   0x0000000e   Code   RO         1034    i.USBD_ClrCfg       usbd_core.o
    0x080030ee   0x00000012   Code   RO         1135    i.USBD_CtlContinueRx  usbd_ioreq.o
    0x08003100   0x00000012   Code   RO         1136    i.USBD_CtlContinueSendData  usbd_ioreq.o
    0x08003112   0x0000001c   Code   RO          961    i.USBD_CtlError     usbd_req.o
    0x0800312e   0x00000022   Code   RO         1138    i.USBD_CtlReceiveStatus  usbd_ioreq.o
    0x08003150   0x00000020   Code   RO         1139    i.USBD_CtlSendData  usbd_ioreq.o
    0x08003170   0x00000022   Code   RO         1140    i.USBD_CtlSendStatus  usbd_ioreq.o
    0x08003192   0x00000002   PAD
    0x08003194   0x000000b0   Code   RO         1035    i.USBD_DataInStage  usbd_core.o
    0x08003244   0x00000078   Code   RO         1036    i.USBD_DataOutStage  usbd_core.o
    0x080032bc   0x00000016   Code   RO         1038    i.USBD_DevConnected  usbd_core.o
    0x080032d2   0x00000020   Code   RO         1039    i.USBD_DevDisconnected  usbd_core.o
    0x080032f2   0x00000002   PAD
    0x080032f4   0x00000124   Code   RO          962    i.USBD_GetDescriptor  usbd_req.o
    0x08003418   0x00000010   Code   RO         1141    i.USBD_GetRxCount   usbd_ioreq.o
    0x08003428   0x00000046   Code   RO          963    i.USBD_GetString    usbd_req.o
    0x0800346e   0x00000034   Code   RO         1040    i.USBD_Init         usbd_core.o
    0x080034a2   0x0000000e   Code   RO         1041    i.USBD_IsoINIncomplete  usbd_core.o
    0x080034b0   0x0000000e   Code   RO         1042    i.USBD_IsoOUTIncomplete  usbd_core.o
    0x080034be   0x0000000a   Code   RO         1355    i.USBD_MSC_DataIn   usbd_msc_core.o
    0x080034c8   0x0000000a   Code   RO         1356    i.USBD_MSC_DataOut  usbd_msc_core.o
    0x080034d2   0x0000001c   Code   RO         1357    i.USBD_MSC_DeInit   usbd_msc_core.o
    0x080034ee   0x00000002   PAD
    0x080034f0   0x0000000c   Code   RO         1358    i.USBD_MSC_GetCfgDesc  usbd_msc_core.o
    0x080034fc   0x0000000c   Code   RO         1359    i.USBD_MSC_GetOtherCfgDesc  usbd_msc_core.o
    0x08003508   0x0000002c   Code   RO         1360    i.USBD_MSC_Init     usbd_msc_core.o
    0x08003534   0x000000bc   Code   RO         1361    i.USBD_MSC_Setup    usbd_msc_core.o
    0x080035f0   0x00000078   Code   RO          587    i.USBD_OTG_EP1IN_ISR_Handler  usb_dcd_int.o
    0x08003668   0x00000050   Code   RO          588    i.USBD_OTG_EP1OUT_ISR_Handler  usb_dcd_int.o
    0x080036b8   0x00000178   Code   RO          589    i.USBD_OTG_ISR_Handler  usb_dcd_int.o
    0x08003830   0x00000044   Code   RO          964    i.USBD_ParseSetupRequest  usbd_req.o
    0x08003874   0x0000002e   Code   RO         1043    i.USBD_Reset        usbd_core.o
    0x080038a2   0x00000016   Code   RO         1044    i.USBD_Resume       usbd_core.o
    0x080038b8   0x00000010   Code   RO         1045    i.USBD_SOF          usbd_core.o
    0x080038c8   0x0000001a   Code   RO         1046    i.USBD_SetCfg       usbd_core.o
    0x080038e2   0x00000002   PAD
    0x080038e4   0x00000074   Code   RO          965    i.USBD_SetConfig    usbd_req.o
    0x08003958   0x0000007c   Code   RO          966    i.USBD_SetFeature   usbd_req.o
    0x080039d4   0x00000048   Code   RO         1047    i.USBD_SetupStage   usbd_core.o
    0x08003a1c   0x000000f0   Code   RO          967    i.USBD_StdDevReq    usbd_req.o
    0x08003b0c   0x000000d4   Code   RO          968    i.USBD_StdEPReq     usbd_req.o
    0x08003be0   0x00000036   Code   RO          969    i.USBD_StdItfReq    usbd_req.o
    0x08003c16   0x0000001c   Code   RO         1048    i.USBD_Suspend      usbd_core.o
    0x08003c32   0x00000002   PAD
    0x08003c34   0x00000020   Code   RO          469    i.USBD_USR_ConfigStrDescriptor  usbd_desc.o
    0x08003c54   0x00000030   Code   RO          339    i.USBD_USR_DeviceConfigured  usbd_usr.o
    0x08003c84   0x00000030   Code   RO          340    i.USBD_USR_DeviceConnected  usbd_usr.o
    0x08003cb4   0x0000000c   Code   RO          470    i.USBD_USR_DeviceDescriptor  usbd_desc.o
    0x08003cc0   0x00000030   Code   RO          341    i.USBD_USR_DeviceDisconnected  usbd_usr.o
    0x08003cf0   0x0000008c   Code   RO          342    i.USBD_USR_DeviceReset  usbd_usr.o
    0x08003d7c   0x00000002   Code   RO          343    i.USBD_USR_DeviceResumed  usbd_usr.o
    0x08003d7e   0x00000002   PAD
    0x08003d80   0x00000030   Code   RO          344    i.USBD_USR_DeviceSuspended  usbd_usr.o
    0x08003db0   0x000000dc   Code   RO          345    i.USBD_USR_Init     usbd_usr.o
    0x08003e8c   0x00000024   Code   RO          471    i.USBD_USR_InterfaceStrDescriptor  usbd_desc.o
    0x08003eb0   0x0000000c   Code   RO          472    i.USBD_USR_LangIDStrDescriptor  usbd_desc.o
    0x08003ebc   0x00000028   Code   RO          473    i.USBD_USR_ManufacturerStrDescriptor  usbd_desc.o
    0x08003ee4   0x0000004c   Code   RO          474    i.USBD_USR_ProductStrDescriptor  usbd_desc.o
    0x08003f30   0x0000003c   Code   RO          475    i.USBD_USR_SerialStrDescriptor  usbd_desc.o
    0x08003f6c   0x00000068   Code   RO          298    i.USB_OTG_BSP_EnableInterrupt  usb_bsp.o
    0x08003fd4   0x00000138   Code   RO          299    i.USB_OTG_BSP_Init  usb_bsp.o
    0x0800410c   0x0000000a   Code   RO          300    i.USB_OTG_BSP_mDelay  usb_bsp.o
    0x08004116   0x00000010   Code   RO          301    i.USB_OTG_BSP_uDelay  usb_bsp.o
    0x08004126   0x00000080   Code   RO          648    i.USB_OTG_CoreInit  usb_core.o
    0x080041a6   0x00000002   PAD
    0x080041a8   0x00000152   Code   RO          649    i.USB_OTG_CoreInitDev  usb_core.o
    0x080042fa   0x00000002   PAD
    0x080042fc   0x00000058   Code   RO          650    i.USB_OTG_CoreReset  usb_core.o
    0x08004354   0x00000010   Code   RO          651    i.USB_OTG_DisableGlobalInt  usb_core.o
    0x08004364   0x0000003a   Code   RO          652    i.USB_OTG_EP0Activate  usb_core.o
    0x0800439e   0x00000002   PAD
    0x080043a0   0x000000b6   Code   RO          653    i.USB_OTG_EP0StartXfer  usb_core.o
    0x08004456   0x00000002   PAD
    0x08004458   0x00000024   Code   RO          654    i.USB_OTG_EP0_OutStart  usb_core.o
    0x0800447c   0x00000068   Code   RO          655    i.USB_OTG_EPActivate  usb_core.o
    0x080044e4   0x00000032   Code   RO          656    i.USB_OTG_EPClearStall  usb_core.o
    0x08004516   0x0000004e   Code   RO          657    i.USB_OTG_EPDeactivate  usb_core.o
    0x08004564   0x00000030   Code   RO          658    i.USB_OTG_EPSetStall  usb_core.o
    0x08004594   0x00000120   Code   RO          659    i.USB_OTG_EPStartXfer  usb_core.o
    0x080046b4   0x00000050   Code   RO          660    i.USB_OTG_EnableDevInt  usb_core.o
    0x08004704   0x00000010   Code   RO          661    i.USB_OTG_EnableGlobalInt  usb_core.o
    0x08004714   0x00000038   Code   RO          662    i.USB_OTG_FlushRxFifo  usb_core.o
    0x0800474c   0x00000040   Code   RO          663    i.USB_OTG_FlushTxFifo  usb_core.o
    0x0800478c   0x00000026   Code   RO          664    i.USB_OTG_GetDeviceSpeed  usb_core.o
    0x080047b2   0x0000000c   Code   RO          667    i.USB_OTG_InitDevSpeed  usb_core.o
    0x080047be   0x00000012   Code   RO          668    i.USB_OTG_IsDeviceMode  usb_core.o
    0x080047d0   0x0000000a   Code   RO          670    i.USB_OTG_ReadCoreItr  usb_core.o
    0x080047da   0x0000000c   Code   RO          671    i.USB_OTG_ReadDevAllInEPItr  usb_core.o
    0x080047e6   0x0000000c   Code   RO          672    i.USB_OTG_ReadDevAllOutEp_itr  usb_core.o
    0x080047f2   0x00000010   Code   RO          673    i.USB_OTG_ReadDevOutEP_itr  usb_core.o
    0x08004802   0x00000020   Code   RO          675    i.USB_OTG_ReadPacket  usb_core.o
    0x08004822   0x00000002   PAD
    0x08004824   0x000000c4   Code   RO          676    i.USB_OTG_SelectCore  usb_core.o
    0x080048e8   0x0000002a   Code   RO          677    i.USB_OTG_SetCurrentMode  usb_core.o
    0x08004912   0x00000028   Code   RO          681    i.USB_OTG_WritePacket  usb_core.o
    0x0800493a   0x00000002   Code   RO          203    i.UsageFault_Handler  stm32fxxx_it.o
    0x0800493c   0x00000010   Code   RO         3916    i.__0printf$bare    mc_w.l(printfb.o)
    0x0800494c   0x0000000e   Code   RO         4223    i.__scatterload_copy  mc_w.l(handlers.o)
    0x0800495a   0x00000002   Code   RO         4224    i.__scatterload_null  mc_w.l(handlers.o)
    0x0800495c   0x0000000e   Code   RO         4225    i.__scatterload_zeroinit  mc_w.l(handlers.o)
    0x0800496a   0x00000022   Code   RO         3923    i._printf_core      mc_w.l(printfb.o)
    0x0800498c   0x0000001c   Code   RO         3672    i.delay_ms          stm324xg_eval_lcd.o
    0x080049a8   0x000000fc   Code   RO         1446    i.fputc             lcd_log.o
    0x08004aa4   0x00000038   Code   RO            3    i.main              app.o
    0x08004adc   0x00000024   Data   RO          409    .constdata          usbd_storage_msd.o
    0x08004b00   0x00000007   Data   RO         1418    .constdata          usbd_msc_data.o
    0x08004b07   0x00000008   Data   RO         1419    .constdata          usbd_msc_data.o
    0x08004b0f   0x00000008   Data   RO         1420    .constdata          usbd_msc_data.o
    0x08004b17   0x00000001   PAD
    0x08004b18   0x000011d0   Data   RO         3673    .constdata          stm324xg_eval_lcd.o
    0x08005ce8   0x00000900   Data   RO         3674    .constdata          stm324xg_eval_lcd.o
    0x080065e8   0x00000900   Data   RO         3675    .constdata          stm324xg_eval_lcd.o
    0x08006ee8   0x00000020   Data   RO         4221    Region$$Table       anon$$obj.o


    Execution Region RW_IRAM1 (Base: 0x20000000, Size: 0x00001ed8, Max: 0x00020000, ABSOLUTE, COMPRESSED[0x000000f4])

    Base Addr    Size         Type   Attr      Idx    E Section Name        Object

    0x20000000   0x0000001c   Data   RW          346    .data               usbd_usr.o
    0x2000001c   0x00000020   Data   RW          410    .data               usbd_storage_msd.o
    0x2000003c   0x00000004   Data   RW          411    .data               usbd_storage_msd.o
    0x20000040   0x00000001   Data   RW          413    .data               usbd_storage_msd.o
    0x20000041   0x00000003   PAD
    0x20000044   0x0000001c   Data   RW          476    .data               usbd_desc.o
    0x20000060   0x00000016   Data   RW          477    .data               usbd_desc.o
    0x20000076   0x00000002   PAD
    0x20000078   0x0000000a   Data   RW          478    .data               usbd_desc.o
    0x20000082   0x00000002   PAD
    0x20000084   0x00000010   Data   RW          971    .data               usbd_req.o
    0x20000094   0x0000002c   Data   RW         1049    .data               usbd_core.o
    0x200000c0   0x00000004   Data   RW         1050    .data               usbd_core.o
    0x200000c4   0x00000004   Data   RW         1051    .data               usbd_core.o
    0x200000c8   0x00000018   Data   RW         1202    .data               usbd_msc_scsi.o
    0x200000e0   0x00000004   Data   RW         1287    .data               usbd_msc_bot.o
    0x200000e4   0x00000030   Data   RW         1362    .data               usbd_msc_core.o
    0x20000114   0x00000048   Data   RW         1363    .data               usbd_msc_core.o
    0x2000015c   0x00000012   Data   RW         1448    .data               lcd_log.o
    0x2000016e   0x00000002   PAD
    0x20000170   0x00000018   Data   RW         3363    .data               stm324xg_eval_sdio_sd.o
    0x20000188   0x00000014   Data   RW         3677    .data               stm324xg_eval_lcd.o
    0x2000019c   0x00000008   Data   RW         3678    .data               stm324xg_eval_lcd.o
    0x200001a4   0x00000008   Data   RW         3679    .data               stm324xg_eval_lcd.o
    0x200001ac   0x00000004   Data   RW         4197    .data               mc_w.l(stdout.o)
    0x200001b0   0x000005f4   Zero   RW            4    .bss                app.o
    0x200007a4   0x00000040   Zero   RW          970    .bss                usbd_req.o
    0x200007e4   0x00000020   Zero   RW         1201    .bss                usbd_msc_scsi.o
    0x20000804   0x00001030   Zero   RW         1286    .bss                usbd_msc_bot.o
    0x20001834   0x000001d4   Zero   RW         1447    .bss                lcd_log.o
    0x20001a08   0x000000cc   Zero   RW         3362    .bss                stm324xg_eval_sdio_sd.o
    0x20001ad4   0x00000004   PAD
    0x20001ad8   0x00000400   Zero   RW         1500    STACK               startup_stm32f4xx.o


==============================================================================

Image component sizes


      Code (inc. data)   RO Data    RW Data    ZI Data      Debug   Object Name

        56         16          0          0       1524     284612   app.o
       712         32          0         18        468       6633   lcd_log.o
       120         14          0          0          0       1803   misc.o
        36          8        392          0       1024        948   startup_stm32f4xx.o
       464         30          0          0          0       3081   stm324xg_eval.o
      2066         84       9168         36          0      14874   stm324xg_eval_lcd.o
      3524        158          0         24        204      22485   stm324xg_eval_sdio_sd.o
       504         36          0          0          0       5748   stm32f4xx_dma.o
       232          6          0          0          0       2165   stm32f4xx_fsmc.o
       212          0          0          0          0       3424   stm32f4xx_gpio.o
        96         24          0          0          0       2644   stm32f4xx_rcc.o
       336         76          0          0          0      11846   stm32f4xx_sdio.o
        58         18          0          0          0       7307   stm32fxxx_it.o
       260         36          0          0          0       1625   system_stm32f4xx.o
       442         14          0          0          0       2755   usb_bsp.o
      2058         26          0          0          0      21894   usb_core.o
       534          0          0          0          0       6935   usb_dcd.o
      1458         52          0          0          0       9542   usb_dcd_int.o
       654          4          0         52          0      11234   usbd_core.o
       268        156          0         60          0       5612   usbd_desc.o
       152          0          0          0          0       4646   usbd_ioreq.o
       592         84          0          4       4144       8841   usbd_msc_bot.o
       304         16          0        120          0       6126   usbd_msc_core.o
         0          0         23          0          0        989   usbd_msc_data.o
      1400        176          0         24         32      13149   usbd_msc_scsi.o
      1204         52          0         16         64       9201   usbd_req.o
       216          8         36         37          0       6057   usbd_storage_msd.o
       554        406          0         28          0       3681   usbd_usr.o

    ----------------------------------------------------------------------
     18550       1532       9652        428       7464     479857   Object Totals
         0          0         32          0          0          0   (incl. Generated)
        38          0          1          9          4          0   (incl. Padding)

    ----------------------------------------------------------------------

      Code (inc. data)   RO Data    RW Data    ZI Data      Debug   Library Member Name

        86          0          0          0          0          0   __dczerorl2.o
         0          0          0          0          0          0   entry.o
         0          0          0          0          0          0   entry10a.o
         0          0          0          0          0          0   entry11a.o
         8          4          0          0          0          0   entry2.o
         4          0          0          0          0          0   entry5.o
         0          0          0          0          0          0   entry7b.o
         0          0          0          0          0          0   entry8b.o
         8          4          0          0          0          0   entry9a.o
        30          0          0          0          0          0   handlers.o
        36          8          0          0          0         68   init.o
        50          8          0          0          0        152   printfb.o
         0          0          0          4          0          0   stdout.o

    ----------------------------------------------------------------------
       222         24          0          4          0        220   Library Totals
         0          0          0          0          0          0   (incl. Padding)

    ----------------------------------------------------------------------

      Code (inc. data)   RO Data    RW Data    ZI Data      Debug   Library Name

       222         24          0          4          0        220   mc_w.l

    ----------------------------------------------------------------------
       222         24          0          4          0        220   Library Totals

    ----------------------------------------------------------------------

==============================================================================


      Code (inc. data)   RO Data    RW Data    ZI Data      Debug   

     18772       1556       9652        432       7464     469129   Grand Totals
     18772       1556       9652        244       7464     469129   ELF Image Totals (compressed)
     18772       1556       9652        244          0          0   ROM Totals

==============================================================================

    Total RO  Size (Code + RO Data)                28424 (  27.76kB)
    Total RW  Size (RW Data + ZI Data)              7896 (   7.71kB)
    Total ROM Size (Code + RO Data + RW Data)      28668 (  28.00kB)

==============================================================================

