<html>
<body>
<pre>
<h1>礦ision Build Log</h1>
<h2>Project:</h2>
J:\temp\新建文件夹 (7)\OV9655-Camera-Board-Code\STM32F4XX\Open407V-D\DCMI_OV9655\Project\Project.uvproj
Project File Date:  06/01/2018

<h2>Output:</h2>
Build target 'Open407V-C'
linking...
Program Size: Code=21298 RO-data=1986 RW-data=48 ZI-data=1632  
FromELF: creating hex file...
".\Output\Project.axf" - 0 Error(s), 0 Warning(s).
Load "J:\\temp\\新建文件夹 (7)\\OV9655-Camera-Board-Code\\STM32F4XX\\Open407V-D\\DCMI_OV9655\\Project\\Output\\Project.AXF" 
Erase Done.
Programming Done.
Verify OK.
Application running ...
