<html>
<body>
<pre>
<h1>µVision Build Log</h1>
<h2>Tool Versions:</h2>
IDE-Version: ¦ÌVision V5.25.2.0
Copyright (C) 2018 ARM Ltd and ARM Germany GmbH. All rights reserved.
License Information: shaohua zhong, WAVESHARE, LIC=NHY9U-SS5I0-LUU4M-XEU2R-LC2LX-E3JUW
 
Tool Versions:
Toolchain:       MDK-ARM Professional  Version: 5.25.2.0
Toolchain Path:  D:\Program Files\Keil\ARM\ARMCC\Bin
C Compiler:      Armcc.exe V5.06 update 6 (build 750)
Assembler:       Armasm.exe V5.06 update 6 (build 750)
Linker/Locator:  ArmLink.exe V5.06 update 6 (build 750)
Library Manager: ArmAr.exe V5.06 update 6 (build 750)
Hex Converter:   FromElf.exe V5.06 update 6 (build 750)
CPU DLL:         SARMCM3.DLL V5.25.2.0
Dialog DLL:      DCM.DLL V1.17.1.0
Target DLL:      STLink\ST-LINKIII-KEIL_SWO.dll V3.0.1.0
Dialog DLL:      TCM.DLL V1.35.1.0
 
<h2>Project:</h2>
E:\pro-edit\001_2.8inch Resistive Touch LCD\Code\code_edit\001_LCD28\ST7789_New\Open405R\TouchPanel\Project\Project.uvproj
Project File Date:  09/18/2019

<h2>Output:</h2>
*** Using Compiler 'V5.06 update 6 (build 750)', folder: 'D:\Program Files\Keil\ARM\ARMCC\Bin'
Build target 'DK407V'
compiling main.c...
compiling xpt2046.c...
compiling touch.c...
..\User\touch\touch.c(218): warning:  #1035-D: single-precision operand implicitly converted to double-precision
  					if(fac<0.95||fac>1.05||d1==0||d2==0) {
..\User\touch\touch.c(218): warning:  #1035-D: single-precision operand implicitly converted to double-precision
  					if(fac<0.95||fac>1.05||d1==0||d2==0) {
..\User\touch\touch.c(242): warning:  #1035-D: single-precision operand implicitly converted to double-precision
  					if(fac<0.95||fac>1.05) {
..\User\touch\touch.c(242): warning:  #1035-D: single-precision operand implicitly converted to double-precision
  					if(fac<0.95||fac>1.05) {
..\User\touch\touch.c(266): warning:  #1035-D: single-precision operand implicitly converted to double-precision
  					if(fac<0.95||fac>1.05) {
..\User\touch\touch.c(266): warning:  #1035-D: single-precision operand implicitly converted to double-precision
  					if(fac<0.95||fac>1.05) {
..\User\touch\touch.c: 6 warnings, 0 errors
compiling LCD_Driver.c...
linking...
Program Size: Code=10490 RO-data=3434 RW-data=44 ZI-data=1660  
FromELF: creating hex file...
".\Output\Project.axf" - 0 Error(s), 6 Warning(s).
Build Time Elapsed:  00:00:02
</pre>
</body>
</html>
