<html>
<body>
<pre>
<h1>µVision Build Log</h1>
<h2>Tool Versions:</h2>
IDE-Version: ¦ÌVision V5.32.0.0
Copyright (C) 2020 ARM Ltd and ARM Germany GmbH. All rights reserved.
License Information: D Admin, D, LIC=9WSKC-7PCKS-Y8GFK-ZTKT8-SW4Z1-BP2PV
 
Tool Versions:
Toolchain:       MDK-ARM Plus  Version: 5.32.0.0
Toolchain Path:  C:\Keil_v5\ARM\ARMCC\Bin
C Compiler:      Armcc.exe V5.06 update 7 (build 960)
Assembler:       Armasm.exe V5.06 update 7 (build 960)
Linker/Locator:  ArmLink.exe V5.06 update 7 (build 960)
Library Manager: ArmAr.exe V5.06 update 7 (build 960)
Hex Converter:   FromElf.exe V5.06 update 7 (build 960)
CPU DLL:         SARMCM3.DLL V5.32.0.0
Dialog DLL:      DCM.DLL V1.17.3.0
Target DLL:      Segger\JL2CM3.dll V2.99.38.0
Dialog DLL:      TCM.DLL V1.46.0.0
 
<h2>Project:</h2>
F:\ST\STM32F103C8T6\stm32f103c8.uvprojx
Project File Date:  05/18/2021

<h2>Output:</h2>
*** Using Compiler 'V5.06 update 7 (build 960)', folder: 'C:\Keil_v5\ARM\ARMCC\Bin'
Rebuild target 'Target 1'
assembling startup_stm32f103xb.s...
compiling system_stm32f1xx.c...
compiling stm32f1xx_hal_rcc_ex.c...
compiling stm32f1xx_hal.c...
compiling stm32f1xx_hal_gpio_ex.c...
compiling stm32f1xx_hal_iwdg.c...
compiling stm32f1xx_hal_cortex.c...
compiling stm32f1xx_it.c...
compiling stm32f1xx_hal_exti.c...
compiling stm32f1xx_hal_pwr.c...
compiling stm32f1xx_hal_gpio.c...
compiling stm32f1xx_hal_flash.c...
compiling stm32f1xx_hal_flash_ex.c...
compiling stm32f1xx_hal_dma.c...
compiling stm32f1xx_hal_rcc.c...
compiling stm32f1xx_hal_spi.c...
compiling stm32f1xx_hal_tim.c...
compiling LED.c...
compiling key.c...
compiling main.c...
compiling Fan.c...
compiling SHT.c...
compiling OLED.c...
compiling IIC.c...
compiling bsp_uart.c...
compiling bsp_spi.c...
compiling bsp_timer.c...
compiling bsp_gpio.c...
compiling stm32f1xx_hal_uart.c...
compiling stm32f1xx_hal_tim_ex.c...
compiling stm32f1xx_hal_i2c.c...
compiling font8.c...
compiling font12.c...
compiling ImageData.c...
compiling font12CN.c...
compiling font16.c...
compiling font20.c...
compiling font24.c...
compiling font24CN.c...
compiling ad7124_regs_config_a.c...
compiling ad7124_regs_config_b.c...
compiling OLED_0in91.c...
compiling OLED_0in95_rgb.c...
compiling adi_console_menu.c...
compiling config.c...
compiling OLED_0in96.c...
compiling OLED_1in3.c...
compiling OLED_1in3_c.c...
compiling OLED_1in5.c...
compiling OLED_1in5_rgb.c...
compiling Soft_IIC.c...
compiling DEV_Config.c...
compiling ad7124_regs.c...
compiling ad7124.c...
compiling GUI_Paint.c...
compiling ad7124_console_app.c...
compiling ad7124_support.c...
compiling delay.c...
compiling platform_support.c...
compiling spi.c...
linking...
Program Size: Code=17728 RO-data=5432 RW-data=176 ZI-data=19000  
FromELF: creating hex file...
".\Objects\stm32f103c8.axf" - 0 Error(s), 0 Warning(s).

<h2>Software Packages used:</h2>

Package Vendor: ARM
                http://www.keil.com/pack/ARM.CMSIS.5.7.0.pack
                ARM.CMSIS.5.7.0
                CMSIS (Cortex Microcontroller Software Interface Standard)
   * Component: CORE Version: 5.4.0

Package Vendor: Keil
                http://www.keil.com/pack/Keil.STM32F1xx_DFP.2.3.0.pack
                Keil.STM32F1xx_DFP.2.3.0
                STMicroelectronics STM32F1 Series Device Support, Drivers and Examples

<h2>Collection of Component include folders:</h2>
  .\RTE\_Target_1
  C:\Users\Admin\AppData\Local\Arm\Packs\ARM\CMSIS\5.7.0\CMSIS\Core\Include
  C:\Users\Admin\AppData\Local\Arm\Packs\Keil\STM32F1xx_DFP\2.3.0\Device\Include

<h2>Collection of Component Files used:</h2>

   * Component: ARM::CMSIS:CORE:5.4.0
Build Time Elapsed:  00:00:06
</pre>
</body>
</html>
